../Src/alarmled.c:12:6:LED_Initalize	16	static
../Src/alarmled.c:81:6:LED_NUM_1_SET_0	4	static
../Src/alarmled.c:86:6:LED_NUM_1_SET_1	4	static
../Src/alarmled.c:92:6:LED_NUM_2_SET_0	4	static
../Src/alarmled.c:102:6:LED_NUM_2_SET_1	4	static
../Src/alarmled.c:108:6:LED_NUM_2_SET_2	4	static
../Src/alarmled.c:117:6:LED_NUM_2_SET_3	4	static
../Src/alarmled.c:126:6:LED_NUM_2_SET_4	4	static
../Src/alarmled.c:134:6:LED_NUM_2_SET_5	4	static
../Src/alarmled.c:143:6:LED_NUM_2_SET_6	4	static
../Src/alarmled.c:153:6:LED_NUM_2_SET_7	4	static
../Src/alarmled.c:160:6:LED_NUM_2_SET_8	4	static
../Src/alarmled.c:171:6:LED_NUM_2_SET_9	4	static
../Src/alarmled.c:181:6:LED_NUM_3_SET_0	4	static
../Src/alarmled.c:191:6:LED_NUM_3_SET_1	4	static
../Src/alarmled.c:197:6:LED_NUM_3_SET_2	4	static
../Src/alarmled.c:206:6:LED_NUM_3_SET_3	4	static
../Src/alarmled.c:215:6:LED_NUM_3_SET_4	4	static
../Src/alarmled.c:223:6:LED_NUM_3_SET_5	4	static
../Src/alarmled.c:232:6:LED_NUM_3_SET_6	4	static
../Src/alarmled.c:242:6:LED_NUM_3_SET_7	4	static
../Src/alarmled.c:249:6:LED_NUM_3_SET_8	4	static
../Src/alarmled.c:260:6:LED_NUM_3_SET_9	4	static
../Src/alarmled.c:271:6:LED_NUM_4_CLEAR	4	static
../Src/alarmled.c:276:6:LED_NUM_4_SET_0	8	static
../Src/alarmled.c:286:6:LED_NUM_4_SET_1	8	static
../Src/alarmled.c:292:6:LED_NUM_4_SET_2	8	static
../Src/alarmled.c:301:6:LED_NUM_4_SET_3	8	static
../Src/alarmled.c:310:6:LED_NUM_4_SET_4	8	static
../Src/alarmled.c:318:6:LED_NUM_4_SET_5	8	static
../Src/alarmled.c:327:6:LED_NUM_4_SET_6	8	static
../Src/alarmled.c:337:6:LED_NUM_4_SET_7	8	static
../Src/alarmled.c:344:6:LED_NUM_4_SET_8	8	static
../Src/alarmled.c:355:6:LED_NUM_4_SET_9	8	static
