../Src/alarmled.c:12:6:LED_Initalize	16	static
../Src/alarmled.c:78:6:LED_NUM_3_SET_0	4	static
../Src/alarmled.c:88:6:LED_NUM_3_SET_1	4	static
../Src/alarmled.c:94:6:LED_NUM_3_SET_2	4	static
../Src/alarmled.c:103:6:LED_NUM_3_SET_3	4	static
../Src/alarmled.c:112:6:LED_NUM_3_SET_4	4	static
../Src/alarmled.c:120:6:LED_NUM_3_SET_5	4	static
../Src/alarmled.c:129:6:LED_NUM_3_SET_6	4	static
../Src/alarmled.c:139:6:LED_NUM_3_SET_7	4	static
../Src/alarmled.c:146:6:LED_NUM_3_SET_8	4	static
../Src/alarmled.c:157:6:LED_NUM_3_SET_9	4	static
../Src/alarmled.c:168:6:LED_NUM_4_SET_0	4	static
../Src/alarmled.c:178:6:LED_NUM_4_SET_1	4	static
../Src/alarmled.c:184:6:LED_NUM_4_SET_2	4	static
../Src/alarmled.c:193:6:LED_NUM_4_SET_3	4	static
../Src/alarmled.c:202:6:LED_NUM_4_SET_4	4	static
../Src/alarmled.c:210:6:LED_NUM_4_SET_5	4	static
../Src/alarmled.c:219:6:LED_NUM_4_SET_6	4	static
../Src/alarmled.c:229:6:LED_NUM_4_SET_7	4	static
../Src/alarmled.c:236:6:LED_NUM_4_SET_8	4	static
../Src/alarmled.c:247:6:LED_NUM_4_SET_9	4	static
