../Src/main.c:100:9:binary_to_bcd	24	static
../Src/main.c:115:9:bcd_to_binary	24	static
../Src/main.c:129:7:I2C_SendData	24	static
../Src/main.c:178:7:I2C_RecieveData	24	static
../Src/main.c:220:13:ds1307_write	24	static
../Src/main.c:229:9:ds1307_read	24	static
../Src/main.c:246:6:ds1307_set_current_time	24	static
../Src/main.c:271:6:ds1307_get_current_time	24	static
../Src/main.c:300:6:updateSetTime	24	static
../Src/main.c:374:5:main	32	static
../Src/main.c:591:6:I2C1_EV_IRQHandler	16	static
../Src/main.c:703:6:EXTI0_IRQHandler	16	static
../Src/main.c:714:6:EXTI1_IRQHandler	16	static
../Src/main.c:724:6:TIM3_IRQHandler	8	static
../Src/main.c:745:6:TIM4_IRQHandler	4	static
