Archive member included to satisfy reference by file (symbol)

c:/st/stm32cubeide_1.10.1/stm32cubeide/plugins/com.st.stm32cube.ide.mcu.externaltools.gnu-tools-for-stm32.10.3-2021.10.win32_1.0.0.202111181127/tools/bin/../lib/gcc/arm-none-eabi/10.3.1/../../../../arm-none-eabi/lib/thumb/v7-m/nofp\libc_nano.a(lib_a-errno.o)
                              ./Src/syscalls.o (__errno)
c:/st/stm32cubeide_1.10.1/stm32cubeide/plugins/com.st.stm32cube.ide.mcu.externaltools.gnu-tools-for-stm32.10.3-2021.10.win32_1.0.0.202111181127/tools/bin/../lib/gcc/arm-none-eabi/10.3.1/../../../../arm-none-eabi/lib/thumb/v7-m/nofp\libc_nano.a(lib_a-exit.o)
                              c:/st/stm32cubeide_1.10.1/stm32cubeide/plugins/com.st.stm32cube.ide.mcu.externaltools.gnu-tools-for-stm32.10.3-2021.10.win32_1.0.0.202111181127/tools/bin/../lib/gcc/arm-none-eabi/10.3.1/../../../../arm-none-eabi/lib/thumb/v7-m/nofp/crt0.o (exit)
c:/st/stm32cubeide_1.10.1/stm32cubeide/plugins/com.st.stm32cube.ide.mcu.externaltools.gnu-tools-for-stm32.10.3-2021.10.win32_1.0.0.202111181127/tools/bin/../lib/gcc/arm-none-eabi/10.3.1/../../../../arm-none-eabi/lib/thumb/v7-m/nofp\libc_nano.a(lib_a-impure.o)
                              c:/st/stm32cubeide_1.10.1/stm32cubeide/plugins/com.st.stm32cube.ide.mcu.externaltools.gnu-tools-for-stm32.10.3-2021.10.win32_1.0.0.202111181127/tools/bin/../lib/gcc/arm-none-eabi/10.3.1/../../../../arm-none-eabi/lib/thumb/v7-m/nofp\libc_nano.a(lib_a-exit.o) (_global_impure_ptr)
c:/st/stm32cubeide_1.10.1/stm32cubeide/plugins/com.st.stm32cube.ide.mcu.externaltools.gnu-tools-for-stm32.10.3-2021.10.win32_1.0.0.202111181127/tools/bin/../lib/gcc/arm-none-eabi/10.3.1/../../../../arm-none-eabi/lib/thumb/v7-m/nofp\libc_nano.a(lib_a-init.o)
                              c:/st/stm32cubeide_1.10.1/stm32cubeide/plugins/com.st.stm32cube.ide.mcu.externaltools.gnu-tools-for-stm32.10.3-2021.10.win32_1.0.0.202111181127/tools/bin/../lib/gcc/arm-none-eabi/10.3.1/../../../../arm-none-eabi/lib/thumb/v7-m/nofp/crt0.o (__libc_init_array)
c:/st/stm32cubeide_1.10.1/stm32cubeide/plugins/com.st.stm32cube.ide.mcu.externaltools.gnu-tools-for-stm32.10.3-2021.10.win32_1.0.0.202111181127/tools/bin/../lib/gcc/arm-none-eabi/10.3.1/../../../../arm-none-eabi/lib/thumb/v7-m/nofp\libc_nano.a(lib_a-memset.o)
                              c:/st/stm32cubeide_1.10.1/stm32cubeide/plugins/com.st.stm32cube.ide.mcu.externaltools.gnu-tools-for-stm32.10.3-2021.10.win32_1.0.0.202111181127/tools/bin/../lib/gcc/arm-none-eabi/10.3.1/../../../../arm-none-eabi/lib/thumb/v7-m/nofp/crt0.o (memset)

Discarded input sections

 .text          0x0000000000000000        0x0 c:/st/stm32cubeide_1.10.1/stm32cubeide/plugins/com.st.stm32cube.ide.mcu.externaltools.gnu-tools-for-stm32.10.3-2021.10.win32_1.0.0.202111181127/tools/bin/../lib/gcc/arm-none-eabi/10.3.1/thumb/v7-m/nofp/crti.o
 .data          0x0000000000000000        0x0 c:/st/stm32cubeide_1.10.1/stm32cubeide/plugins/com.st.stm32cube.ide.mcu.externaltools.gnu-tools-for-stm32.10.3-2021.10.win32_1.0.0.202111181127/tools/bin/../lib/gcc/arm-none-eabi/10.3.1/thumb/v7-m/nofp/crti.o
 .bss           0x0000000000000000        0x0 c:/st/stm32cubeide_1.10.1/stm32cubeide/plugins/com.st.stm32cube.ide.mcu.externaltools.gnu-tools-for-stm32.10.3-2021.10.win32_1.0.0.202111181127/tools/bin/../lib/gcc/arm-none-eabi/10.3.1/thumb/v7-m/nofp/crti.o
 .data          0x0000000000000000        0x4 c:/st/stm32cubeide_1.10.1/stm32cubeide/plugins/com.st.stm32cube.ide.mcu.externaltools.gnu-tools-for-stm32.10.3-2021.10.win32_1.0.0.202111181127/tools/bin/../lib/gcc/arm-none-eabi/10.3.1/thumb/v7-m/nofp/crtbegin.o
 .rodata        0x0000000000000000       0x24 c:/st/stm32cubeide_1.10.1/stm32cubeide/plugins/com.st.stm32cube.ide.mcu.externaltools.gnu-tools-for-stm32.10.3-2021.10.win32_1.0.0.202111181127/tools/bin/../lib/gcc/arm-none-eabi/10.3.1/thumb/v7-m/nofp/crtbegin.o
 .text          0x0000000000000000       0x7c c:/st/stm32cubeide_1.10.1/stm32cubeide/plugins/com.st.stm32cube.ide.mcu.externaltools.gnu-tools-for-stm32.10.3-2021.10.win32_1.0.0.202111181127/tools/bin/../lib/gcc/arm-none-eabi/10.3.1/../../../../arm-none-eabi/lib/thumb/v7-m/nofp/crt0.o
 .data          0x0000000000000000        0x0 c:/st/stm32cubeide_1.10.1/stm32cubeide/plugins/com.st.stm32cube.ide.mcu.externaltools.gnu-tools-for-stm32.10.3-2021.10.win32_1.0.0.202111181127/tools/bin/../lib/gcc/arm-none-eabi/10.3.1/../../../../arm-none-eabi/lib/thumb/v7-m/nofp/crt0.o
 .bss           0x0000000000000000        0x0 c:/st/stm32cubeide_1.10.1/stm32cubeide/plugins/com.st.stm32cube.ide.mcu.externaltools.gnu-tools-for-stm32.10.3-2021.10.win32_1.0.0.202111181127/tools/bin/../lib/gcc/arm-none-eabi/10.3.1/../../../../arm-none-eabi/lib/thumb/v7-m/nofp/crt0.o
 .ARM.extab     0x0000000000000000        0x0 c:/st/stm32cubeide_1.10.1/stm32cubeide/plugins/com.st.stm32cube.ide.mcu.externaltools.gnu-tools-for-stm32.10.3-2021.10.win32_1.0.0.202111181127/tools/bin/../lib/gcc/arm-none-eabi/10.3.1/../../../../arm-none-eabi/lib/thumb/v7-m/nofp/crt0.o
 .ARM.exidx     0x0000000000000000       0x10 c:/st/stm32cubeide_1.10.1/stm32cubeide/plugins/com.st.stm32cube.ide.mcu.externaltools.gnu-tools-for-stm32.10.3-2021.10.win32_1.0.0.202111181127/tools/bin/../lib/gcc/arm-none-eabi/10.3.1/../../../../arm-none-eabi/lib/thumb/v7-m/nofp/crt0.o
 .ARM.attributes
                0x0000000000000000       0x1b c:/st/stm32cubeide_1.10.1/stm32cubeide/plugins/com.st.stm32cube.ide.mcu.externaltools.gnu-tools-for-stm32.10.3-2021.10.win32_1.0.0.202111181127/tools/bin/../lib/gcc/arm-none-eabi/10.3.1/../../../../arm-none-eabi/lib/thumb/v7-m/nofp/crt0.o
 .group         0x0000000000000000        0xc ./Src/alarmled.o
 .group         0x0000000000000000        0xc ./Src/alarmled.o
 .group         0x0000000000000000        0xc ./Src/alarmled.o
 .group         0x0000000000000000        0xc ./Src/alarmled.o
 .group         0x0000000000000000        0xc ./Src/alarmled.o
 .group         0x0000000000000000        0xc ./Src/alarmled.o
 .group         0x0000000000000000        0xc ./Src/alarmled.o
 .group         0x0000000000000000        0xc ./Src/alarmled.o
 .group         0x0000000000000000        0xc ./Src/alarmled.o
 .group         0x0000000000000000        0xc ./Src/alarmled.o
 .group         0x0000000000000000        0xc ./Src/alarmled.o
 .group         0x0000000000000000        0xc ./Src/alarmled.o
 .group         0x0000000000000000        0xc ./Src/alarmled.o
 .group         0x0000000000000000        0xc ./Src/alarmled.o
 .group         0x0000000000000000        0xc ./Src/alarmled.o
 .group         0x0000000000000000        0xc ./Src/alarmled.o
 .group         0x0000000000000000        0xc ./Src/alarmled.o
 .group         0x0000000000000000        0xc ./Src/alarmled.o
 .group         0x0000000000000000        0xc ./Src/alarmled.o
 .group         0x0000000000000000        0xc ./Src/alarmled.o
 .group         0x0000000000000000        0xc ./Src/alarmled.o
 .group         0x0000000000000000        0xc ./Src/alarmled.o
 .group         0x0000000000000000        0xc ./Src/alarmled.o
 .group         0x0000000000000000        0xc ./Src/alarmled.o
 .group         0x0000000000000000        0xc ./Src/alarmled.o
 .group         0x0000000000000000        0xc ./Src/alarmled.o
 .group         0x0000000000000000        0xc ./Src/alarmled.o
 .group         0x0000000000000000        0xc ./Src/alarmled.o
 .group         0x0000000000000000        0xc ./Src/alarmled.o
 .group         0x0000000000000000        0xc ./Src/alarmled.o
 .group         0x0000000000000000        0xc ./Src/alarmled.o
 .group         0x0000000000000000        0xc ./Src/alarmled.o
 .group         0x0000000000000000        0xc ./Src/alarmled.o
 .group         0x0000000000000000        0xc ./Src/alarmled.o
 .group         0x0000000000000000        0xc ./Src/alarmled.o
 .group         0x0000000000000000        0xc ./Src/alarmled.o
 .group         0x0000000000000000        0xc ./Src/alarmled.o
 .group         0x0000000000000000        0xc ./Src/alarmled.o
 .group         0x0000000000000000        0xc ./Src/alarmled.o
 .group         0x0000000000000000        0xc ./Src/alarmled.o
 .group         0x0000000000000000        0xc ./Src/alarmled.o
 .text          0x0000000000000000        0x0 ./Src/alarmled.o
 .data          0x0000000000000000        0x0 ./Src/alarmled.o
 .bss           0x0000000000000000        0x0 ./Src/alarmled.o
 .text.LED_NUM_1_SET_0
                0x0000000000000000       0x28 ./Src/alarmled.o
 .text.LED_NUM_1_SET_1
                0x0000000000000000       0x1c ./Src/alarmled.o
 .text.LED_NUM_2_SET_0
                0x0000000000000000       0x74 ./Src/alarmled.o
 .text.LED_NUM_2_SET_1
                0x0000000000000000       0x44 ./Src/alarmled.o
 .text.LED_NUM_2_SET_2
                0x0000000000000000       0x68 ./Src/alarmled.o
 .text.LED_NUM_2_SET_3
                0x0000000000000000       0x68 ./Src/alarmled.o
 .text.LED_NUM_2_SET_4
                0x0000000000000000       0x5c ./Src/alarmled.o
 .text.LED_NUM_2_SET_5
                0x0000000000000000       0x68 ./Src/alarmled.o
 .text.LED_NUM_2_SET_6
                0x0000000000000000       0x74 ./Src/alarmled.o
 .text.LED_NUM_2_SET_7
                0x0000000000000000       0x50 ./Src/alarmled.o
 .text.LED_NUM_2_SET_8
                0x0000000000000000       0x80 ./Src/alarmled.o
 .text.LED_NUM_2_SET_9
                0x0000000000000000       0x68 ./Src/alarmled.o
 .text.LED_NUM_3_SET_0
                0x0000000000000000       0x74 ./Src/alarmled.o
 .text.LED_NUM_3_SET_1
                0x0000000000000000       0x44 ./Src/alarmled.o
 .text.LED_NUM_3_SET_2
                0x0000000000000000       0x68 ./Src/alarmled.o
 .text.LED_NUM_3_SET_3
                0x0000000000000000       0x68 ./Src/alarmled.o
 .text.LED_NUM_3_SET_4
                0x0000000000000000       0x5c ./Src/alarmled.o
 .text.LED_NUM_3_SET_5
                0x0000000000000000       0x68 ./Src/alarmled.o
 .text.LED_NUM_3_SET_6
                0x0000000000000000       0x74 ./Src/alarmled.o
 .text.LED_NUM_3_SET_7
                0x0000000000000000       0x50 ./Src/alarmled.o
 .text.LED_NUM_3_SET_8
                0x0000000000000000       0x80 ./Src/alarmled.o
 .text.LED_NUM_3_SET_9
                0x0000000000000000       0x68 ./Src/alarmled.o
 .text.LED_NUM_4_SET_0
                0x0000000000000000       0x64 ./Src/alarmled.o
 .text.LED_NUM_4_SET_1
                0x0000000000000000       0x34 ./Src/alarmled.o
 .text.LED_NUM_4_SET_2
                0x0000000000000000       0x58 ./Src/alarmled.o
 .text.LED_NUM_4_SET_3
                0x0000000000000000       0x58 ./Src/alarmled.o
 .text.LED_NUM_4_SET_4
                0x0000000000000000       0x4c ./Src/alarmled.o
 .text.LED_NUM_4_SET_5
                0x0000000000000000       0x58 ./Src/alarmled.o
 .text.LED_NUM_4_SET_6
                0x0000000000000000       0x64 ./Src/alarmled.o
 .text.LED_NUM_4_SET_7
                0x0000000000000000       0x40 ./Src/alarmled.o
 .text.LED_NUM_4_SET_8
                0x0000000000000000       0x70 ./Src/alarmled.o
 .text.LED_NUM_4_SET_9
                0x0000000000000000       0x58 ./Src/alarmled.o
 .group         0x0000000000000000        0xc ./Src/main.o
 .group         0x0000000000000000        0xc ./Src/main.o
 .group         0x0000000000000000        0xc ./Src/main.o
 .group         0x0000000000000000        0xc ./Src/main.o
 .group         0x0000000000000000        0xc ./Src/main.o
 .group         0x0000000000000000        0xc ./Src/main.o
 .group         0x0000000000000000        0xc ./Src/main.o
 .group         0x0000000000000000        0xc ./Src/main.o
 .group         0x0000000000000000        0xc ./Src/main.o
 .group         0x0000000000000000        0xc ./Src/main.o
 .group         0x0000000000000000        0xc ./Src/main.o
 .group         0x0000000000000000        0xc ./Src/main.o
 .group         0x0000000000000000        0xc ./Src/main.o
 .group         0x0000000000000000        0xc ./Src/main.o
 .group         0x0000000000000000        0xc ./Src/main.o
 .group         0x0000000000000000        0xc ./Src/main.o
 .group         0x0000000000000000        0xc ./Src/main.o
 .group         0x0000000000000000        0xc ./Src/main.o
 .group         0x0000000000000000        0xc ./Src/main.o
 .group         0x0000000000000000        0xc ./Src/main.o
 .group         0x0000000000000000        0xc ./Src/main.o
 .group         0x0000000000000000        0xc ./Src/main.o
 .group         0x0000000000000000        0xc ./Src/main.o
 .group         0x0000000000000000        0xc ./Src/main.o
 .group         0x0000000000000000        0xc ./Src/main.o
 .group         0x0000000000000000        0xc ./Src/main.o
 .group         0x0000000000000000        0xc ./Src/main.o
 .group         0x0000000000000000        0xc ./Src/main.o
 .group         0x0000000000000000        0xc ./Src/main.o
 .group         0x0000000000000000        0xc ./Src/main.o
 .group         0x0000000000000000        0xc ./Src/main.o
 .group         0x0000000000000000        0xc ./Src/main.o
 .group         0x0000000000000000        0xc ./Src/main.o
 .group         0x0000000000000000        0xc ./Src/main.o
 .group         0x0000000000000000        0xc ./Src/main.o
 .group         0x0000000000000000        0xc ./Src/main.o
 .group         0x0000000000000000        0xc ./Src/main.o
 .group         0x0000000000000000        0xc ./Src/main.o
 .group         0x0000000000000000        0xc ./Src/main.o
 .group         0x0000000000000000        0xc ./Src/main.o
 .group         0x0000000000000000        0xc ./Src/main.o
 .text          0x0000000000000000        0x0 ./Src/main.o
 .data          0x0000000000000000        0x0 ./Src/main.o
 .bss           0x0000000000000000        0x0 ./Src/main.o
 .bss.alarmClockSetNum
                0x0000000000000000        0x1 ./Src/main.o
 .bss.blinked   0x0000000000000000        0x1 ./Src/main.o
 .data.NUM_4_SET
                0x0000000000000000        0x4 ./Src/main.o
 .debug_macro   0x0000000000000000      0xa72 ./Src/main.o
 .debug_macro   0x0000000000000000       0x22 ./Src/main.o
 .debug_macro   0x0000000000000000       0x8e ./Src/main.o
 .debug_macro   0x0000000000000000       0x51 ./Src/main.o
 .debug_macro   0x0000000000000000      0x103 ./Src/main.o
 .debug_macro   0x0000000000000000       0x6a ./Src/main.o
 .debug_macro   0x0000000000000000      0x1df ./Src/main.o
 .debug_macro   0x0000000000000000       0x52 ./Src/main.o
 .debug_macro   0x0000000000000000       0x18 ./Src/main.o
 .debug_macro   0x0000000000000000       0x3c ./Src/main.o
 .debug_macro   0x0000000000000000       0x34 ./Src/main.o
 .debug_macro   0x0000000000000000       0x16 ./Src/main.o
 .debug_macro   0x0000000000000000       0x97 ./Src/main.o
 .debug_macro   0x0000000000000000      0x341 ./Src/main.o
 .debug_macro   0x0000000000000000       0xfd ./Src/main.o
 .debug_macro   0x0000000000000000       0x10 ./Src/main.o
 .debug_macro   0x0000000000000000       0x16 ./Src/main.o
 .debug_macro   0x0000000000000000       0x43 ./Src/main.o
 .debug_macro   0x0000000000000000       0x34 ./Src/main.o
 .debug_macro   0x0000000000000000       0x10 ./Src/main.o
 .debug_macro   0x0000000000000000       0x58 ./Src/main.o
 .debug_macro   0x0000000000000000       0x71 ./Src/main.o
 .debug_macro   0x0000000000000000       0x1c ./Src/main.o
 .debug_macro   0x0000000000000000      0x12a ./Src/main.o
 .debug_macro   0x0000000000000000       0x10 ./Src/main.o
 .debug_macro   0x0000000000000000       0x1c ./Src/main.o
 .debug_macro   0x0000000000000000       0x52 ./Src/main.o
 .debug_macro   0x0000000000000000       0x22 ./Src/main.o
 .debug_macro   0x0000000000000000       0x10 ./Src/main.o
 .debug_macro   0x0000000000000000       0x52 ./Src/main.o
 .debug_macro   0x0000000000000000       0xd5 ./Src/main.o
 .debug_macro   0x0000000000000000       0x1c ./Src/main.o
 .debug_macro   0x0000000000000000       0x3d ./Src/main.o
 .debug_macro   0x0000000000000000       0x16 ./Src/main.o
 .debug_macro   0x0000000000000000      0x145 ./Src/main.o
 .debug_macro   0x0000000000000000       0x16 ./Src/main.o
 .debug_macro   0x0000000000000000       0x35 ./Src/main.o
 .debug_macro   0x0000000000000000       0x20 ./Src/main.o
 .debug_macro   0x0000000000000000       0x58 ./Src/main.o
 .debug_macro   0x0000000000000000       0xa6 ./Src/main.o
 .debug_macro   0x0000000000000000       0x6a ./Src/main.o
 .group         0x0000000000000000        0xc ./Src/rtci2c.o
 .group         0x0000000000000000        0xc ./Src/rtci2c.o
 .group         0x0000000000000000        0xc ./Src/rtci2c.o
 .group         0x0000000000000000        0xc ./Src/rtci2c.o
 .group         0x0000000000000000        0xc ./Src/rtci2c.o
 .group         0x0000000000000000        0xc ./Src/rtci2c.o
 .group         0x0000000000000000        0xc ./Src/rtci2c.o
 .group         0x0000000000000000        0xc ./Src/rtci2c.o
 .group         0x0000000000000000        0xc ./Src/rtci2c.o
 .group         0x0000000000000000        0xc ./Src/rtci2c.o
 .group         0x0000000000000000        0xc ./Src/rtci2c.o
 .group         0x0000000000000000        0xc ./Src/rtci2c.o
 .group         0x0000000000000000        0xc ./Src/rtci2c.o
 .group         0x0000000000000000        0xc ./Src/rtci2c.o
 .group         0x0000000000000000        0xc ./Src/rtci2c.o
 .group         0x0000000000000000        0xc ./Src/rtci2c.o
 .group         0x0000000000000000        0xc ./Src/rtci2c.o
 .group         0x0000000000000000        0xc ./Src/rtci2c.o
 .group         0x0000000000000000        0xc ./Src/rtci2c.o
 .group         0x0000000000000000        0xc ./Src/rtci2c.o
 .group         0x0000000000000000        0xc ./Src/rtci2c.o
 .group         0x0000000000000000        0xc ./Src/rtci2c.o
 .group         0x0000000000000000        0xc ./Src/rtci2c.o
 .group         0x0000000000000000        0xc ./Src/rtci2c.o
 .group         0x0000000000000000        0xc ./Src/rtci2c.o
 .group         0x0000000000000000        0xc ./Src/rtci2c.o
 .group         0x0000000000000000        0xc ./Src/rtci2c.o
 .group         0x0000000000000000        0xc ./Src/rtci2c.o
 .group         0x0000000000000000        0xc ./Src/rtci2c.o
 .group         0x0000000000000000        0xc ./Src/rtci2c.o
 .group         0x0000000000000000        0xc ./Src/rtci2c.o
 .group         0x0000000000000000        0xc ./Src/rtci2c.o
 .group         0x0000000000000000        0xc ./Src/rtci2c.o
 .group         0x0000000000000000        0xc ./Src/rtci2c.o
 .group         0x0000000000000000        0xc ./Src/rtci2c.o
 .group         0x0000000000000000        0xc ./Src/rtci2c.o
 .group         0x0000000000000000        0xc ./Src/rtci2c.o
 .group         0x0000000000000000        0xc ./Src/rtci2c.o
 .group         0x0000000000000000        0xc ./Src/rtci2c.o
 .group         0x0000000000000000        0xc ./Src/rtci2c.o
 .group         0x0000000000000000        0xc ./Src/rtci2c.o
 .text          0x0000000000000000        0x0 ./Src/rtci2c.o
 .data          0x0000000000000000        0x0 ./Src/rtci2c.o
 .bss           0x0000000000000000        0x0 ./Src/rtci2c.o
 .text.updateSetTime
                0x0000000000000000      0x1ec ./Src/rtci2c.o
 .debug_macro   0x0000000000000000      0xa72 ./Src/rtci2c.o
 .debug_macro   0x0000000000000000       0x22 ./Src/rtci2c.o
 .debug_macro   0x0000000000000000       0x8e ./Src/rtci2c.o
 .debug_macro   0x0000000000000000       0x51 ./Src/rtci2c.o
 .debug_macro   0x0000000000000000      0x103 ./Src/rtci2c.o
 .debug_macro   0x0000000000000000       0x6a ./Src/rtci2c.o
 .debug_macro   0x0000000000000000      0x1df ./Src/rtci2c.o
 .debug_macro   0x0000000000000000       0x52 ./Src/rtci2c.o
 .debug_macro   0x0000000000000000       0x18 ./Src/rtci2c.o
 .debug_macro   0x0000000000000000       0x3c ./Src/rtci2c.o
 .debug_macro   0x0000000000000000       0x34 ./Src/rtci2c.o
 .debug_macro   0x0000000000000000       0x16 ./Src/rtci2c.o
 .debug_macro   0x0000000000000000       0x97 ./Src/rtci2c.o
 .debug_macro   0x0000000000000000      0x341 ./Src/rtci2c.o
 .debug_macro   0x0000000000000000       0xfd ./Src/rtci2c.o
 .debug_macro   0x0000000000000000       0x10 ./Src/rtci2c.o
 .debug_macro   0x0000000000000000       0x16 ./Src/rtci2c.o
 .debug_macro   0x0000000000000000       0x43 ./Src/rtci2c.o
 .debug_macro   0x0000000000000000       0x34 ./Src/rtci2c.o
 .debug_macro   0x0000000000000000       0x10 ./Src/rtci2c.o
 .debug_macro   0x0000000000000000       0x58 ./Src/rtci2c.o
 .debug_macro   0x0000000000000000       0x71 ./Src/rtci2c.o
 .debug_macro   0x0000000000000000       0x1c ./Src/rtci2c.o
 .debug_macro   0x0000000000000000      0x12a ./Src/rtci2c.o
 .debug_macro   0x0000000000000000       0x10 ./Src/rtci2c.o
 .debug_macro   0x0000000000000000       0x1c ./Src/rtci2c.o
 .debug_macro   0x0000000000000000       0x52 ./Src/rtci2c.o
 .debug_macro   0x0000000000000000       0x22 ./Src/rtci2c.o
 .debug_macro   0x0000000000000000       0x10 ./Src/rtci2c.o
 .debug_macro   0x0000000000000000       0x52 ./Src/rtci2c.o
 .debug_macro   0x0000000000000000       0xd5 ./Src/rtci2c.o
 .debug_macro   0x0000000000000000       0x1c ./Src/rtci2c.o
 .debug_macro   0x0000000000000000       0x3d ./Src/rtci2c.o
 .debug_macro   0x0000000000000000       0x16 ./Src/rtci2c.o
 .debug_macro   0x0000000000000000      0x145 ./Src/rtci2c.o
 .debug_macro   0x0000000000000000       0x16 ./Src/rtci2c.o
 .debug_macro   0x0000000000000000       0x35 ./Src/rtci2c.o
 .debug_macro   0x0000000000000000       0x20 ./Src/rtci2c.o
 .debug_macro   0x0000000000000000       0x58 ./Src/rtci2c.o
 .debug_macro   0x0000000000000000       0xa6 ./Src/rtci2c.o
 .group         0x0000000000000000        0xc ./Src/syscalls.o
 .group         0x0000000000000000        0xc ./Src/syscalls.o
 .group         0x0000000000000000        0xc ./Src/syscalls.o
 .group         0x0000000000000000        0xc ./Src/syscalls.o
 .group         0x0000000000000000        0xc ./Src/syscalls.o
 .group         0x0000000000000000        0xc ./Src/syscalls.o
 .group         0x0000000000000000        0xc ./Src/syscalls.o
 .group         0x0000000000000000        0xc ./Src/syscalls.o
 .group         0x0000000000000000        0xc ./Src/syscalls.o
 .group         0x0000000000000000        0xc ./Src/syscalls.o
 .group         0x0000000000000000        0xc ./Src/syscalls.o
 .group         0x0000000000000000        0xc ./Src/syscalls.o
 .group         0x0000000000000000        0xc ./Src/syscalls.o
 .group         0x0000000000000000        0xc ./Src/syscalls.o
 .group         0x0000000000000000        0xc ./Src/syscalls.o
 .group         0x0000000000000000        0xc ./Src/syscalls.o
 .group         0x0000000000000000        0xc ./Src/syscalls.o
 .group         0x0000000000000000        0xc ./Src/syscalls.o
 .group         0x0000000000000000        0xc ./Src/syscalls.o
 .group         0x0000000000000000        0xc ./Src/syscalls.o
 .group         0x0000000000000000        0xc ./Src/syscalls.o
 .group         0x0000000000000000        0xc ./Src/syscalls.o
 .group         0x0000000000000000        0xc ./Src/syscalls.o
 .group         0x0000000000000000        0xc ./Src/syscalls.o
 .group         0x0000000000000000        0xc ./Src/syscalls.o
 .group         0x0000000000000000        0xc ./Src/syscalls.o
 .group         0x0000000000000000        0xc ./Src/syscalls.o
 .group         0x0000000000000000        0xc ./Src/syscalls.o
 .group         0x0000000000000000        0xc ./Src/syscalls.o
 .group         0x0000000000000000        0xc ./Src/syscalls.o
 .group         0x0000000000000000        0xc ./Src/syscalls.o
 .group         0x0000000000000000        0xc ./Src/syscalls.o
 .group         0x0000000000000000        0xc ./Src/syscalls.o
 .group         0x0000000000000000        0xc ./Src/syscalls.o
 .group         0x0000000000000000        0xc ./Src/syscalls.o
 .group         0x0000000000000000        0xc ./Src/syscalls.o
 .group         0x0000000000000000        0xc ./Src/syscalls.o
 .group         0x0000000000000000        0xc ./Src/syscalls.o
 .group         0x0000000000000000        0xc ./Src/syscalls.o
 .group         0x0000000000000000        0xc ./Src/syscalls.o
 .group         0x0000000000000000        0xc ./Src/syscalls.o
 .group         0x0000000000000000        0xc ./Src/syscalls.o
 .group         0x0000000000000000        0xc ./Src/syscalls.o
 .group         0x0000000000000000        0xc ./Src/syscalls.o
 .group         0x0000000000000000        0xc ./Src/syscalls.o
 .group         0x0000000000000000        0xc ./Src/syscalls.o
 .group         0x0000000000000000        0xc ./Src/syscalls.o
 .text          0x0000000000000000        0x0 ./Src/syscalls.o
 .data          0x0000000000000000        0x0 ./Src/syscalls.o
 .bss           0x0000000000000000        0x0 ./Src/syscalls.o
 .bss.__env     0x0000000000000000        0x4 ./Src/syscalls.o
 .data.environ  0x0000000000000000        0x4 ./Src/syscalls.o
 .text.initialise_monitor_handles
                0x0000000000000000        0xc ./Src/syscalls.o
 .text._getpid  0x0000000000000000        0xe ./Src/syscalls.o
 .text._kill    0x0000000000000000       0x20 ./Src/syscalls.o
 .text._exit    0x0000000000000000       0x14 ./Src/syscalls.o
 .text._read    0x0000000000000000       0x3a ./Src/syscalls.o
 .text._write   0x0000000000000000       0x38 ./Src/syscalls.o
 .text._close   0x0000000000000000       0x16 ./Src/syscalls.o
 .text._fstat   0x0000000000000000       0x1e ./Src/syscalls.o
 .text._isatty  0x0000000000000000       0x14 ./Src/syscalls.o
 .text._lseek   0x0000000000000000       0x18 ./Src/syscalls.o
 .text._open    0x0000000000000000       0x1a ./Src/syscalls.o
 .text._wait    0x0000000000000000       0x1e ./Src/syscalls.o
 .text._unlink  0x0000000000000000       0x1e ./Src/syscalls.o
 .text._times   0x0000000000000000       0x16 ./Src/syscalls.o
 .text._stat    0x0000000000000000       0x1e ./Src/syscalls.o
 .text._link    0x0000000000000000       0x20 ./Src/syscalls.o
 .text._fork    0x0000000000000000       0x16 ./Src/syscalls.o
 .text._execve  0x0000000000000000       0x22 ./Src/syscalls.o
 .debug_info    0x0000000000000000      0x6e0 ./Src/syscalls.o
 .debug_abbrev  0x0000000000000000      0x1b3 ./Src/syscalls.o
 .debug_aranges
                0x0000000000000000       0xa8 ./Src/syscalls.o
 .debug_ranges  0x0000000000000000       0x98 ./Src/syscalls.o
 .debug_macro   0x0000000000000000      0x24c ./Src/syscalls.o
 .debug_macro   0x0000000000000000      0xa72 ./Src/syscalls.o
 .debug_macro   0x0000000000000000       0x22 ./Src/syscalls.o
 .debug_macro   0x0000000000000000       0x4c ./Src/syscalls.o
 .debug_macro   0x0000000000000000       0x18 ./Src/syscalls.o
 .debug_macro   0x0000000000000000       0x94 ./Src/syscalls.o
 .debug_macro   0x0000000000000000       0x3c ./Src/syscalls.o
 .debug_macro   0x0000000000000000       0x34 ./Src/syscalls.o
 .debug_macro   0x0000000000000000       0x57 ./Src/syscalls.o
 .debug_macro   0x0000000000000000      0x174 ./Src/syscalls.o
 .debug_macro   0x0000000000000000      0x341 ./Src/syscalls.o
 .debug_macro   0x0000000000000000       0x16 ./Src/syscalls.o
 .debug_macro   0x0000000000000000       0x43 ./Src/syscalls.o
 .debug_macro   0x0000000000000000       0x34 ./Src/syscalls.o
 .debug_macro   0x0000000000000000       0x10 ./Src/syscalls.o
 .debug_macro   0x0000000000000000       0x58 ./Src/syscalls.o
 .debug_macro   0x0000000000000000       0x71 ./Src/syscalls.o
 .debug_macro   0x0000000000000000       0x1c ./Src/syscalls.o
 .debug_macro   0x0000000000000000      0x12a ./Src/syscalls.o
 .debug_macro   0x0000000000000000       0x10 ./Src/syscalls.o
 .debug_macro   0x0000000000000000       0x35 ./Src/syscalls.o
 .debug_macro   0x0000000000000000       0x10 ./Src/syscalls.o
 .debug_macro   0x0000000000000000       0x10 ./Src/syscalls.o
 .debug_macro   0x0000000000000000       0x10 ./Src/syscalls.o
 .debug_macro   0x0000000000000000       0x6a ./Src/syscalls.o
 .debug_macro   0x0000000000000000       0x1c ./Src/syscalls.o
 .debug_macro   0x0000000000000000       0x52 ./Src/syscalls.o
 .debug_macro   0x0000000000000000       0x22 ./Src/syscalls.o
 .debug_macro   0x0000000000000000       0x10 ./Src/syscalls.o
 .debug_macro   0x0000000000000000       0x52 ./Src/syscalls.o
 .debug_macro   0x0000000000000000       0xd5 ./Src/syscalls.o
 .debug_macro   0x0000000000000000       0x1c ./Src/syscalls.o
 .debug_macro   0x0000000000000000       0x3d ./Src/syscalls.o
 .debug_macro   0x0000000000000000       0x35 ./Src/syscalls.o
 .debug_macro   0x0000000000000000      0x12c ./Src/syscalls.o
 .debug_macro   0x0000000000000000       0x16 ./Src/syscalls.o
 .debug_macro   0x0000000000000000       0x16 ./Src/syscalls.o
 .debug_macro   0x0000000000000000       0x29 ./Src/syscalls.o
 .debug_macro   0x0000000000000000       0x10 ./Src/syscalls.o
 .debug_macro   0x0000000000000000      0x241 ./Src/syscalls.o
 .debug_macro   0x0000000000000000       0x1c ./Src/syscalls.o
 .debug_macro   0x0000000000000000       0x10 ./Src/syscalls.o
 .debug_macro   0x0000000000000000       0x10 ./Src/syscalls.o
 .debug_macro   0x0000000000000000       0x16 ./Src/syscalls.o
 .debug_macro   0x0000000000000000      0x145 ./Src/syscalls.o
 .debug_macro   0x0000000000000000      0x189 ./Src/syscalls.o
 .debug_macro   0x0000000000000000       0x16 ./Src/syscalls.o
 .debug_macro   0x0000000000000000       0xce ./Src/syscalls.o
 .debug_line    0x0000000000000000      0x7ef ./Src/syscalls.o
 .debug_str     0x0000000000000000     0x8a1c ./Src/syscalls.o
 .comment       0x0000000000000000       0x51 ./Src/syscalls.o
 .debug_frame   0x0000000000000000      0x2ac ./Src/syscalls.o
 .ARM.attributes
                0x0000000000000000       0x2d ./Src/syscalls.o
 .group         0x0000000000000000        0xc ./Src/sysmem.o
 .group         0x0000000000000000        0xc ./Src/sysmem.o
 .group         0x0000000000000000        0xc ./Src/sysmem.o
 .group         0x0000000000000000        0xc ./Src/sysmem.o
 .group         0x0000000000000000        0xc ./Src/sysmem.o
 .group         0x0000000000000000        0xc ./Src/sysmem.o
 .group         0x0000000000000000        0xc ./Src/sysmem.o
 .group         0x0000000000000000        0xc ./Src/sysmem.o
 .group         0x0000000000000000        0xc ./Src/sysmem.o
 .group         0x0000000000000000        0xc ./Src/sysmem.o
 .group         0x0000000000000000        0xc ./Src/sysmem.o
 .group         0x0000000000000000        0xc ./Src/sysmem.o
 .group         0x0000000000000000        0xc ./Src/sysmem.o
 .group         0x0000000000000000        0xc ./Src/sysmem.o
 .group         0x0000000000000000        0xc ./Src/sysmem.o
 .group         0x0000000000000000        0xc ./Src/sysmem.o
 .group         0x0000000000000000        0xc ./Src/sysmem.o
 .group         0x0000000000000000        0xc ./Src/sysmem.o
 .group         0x0000000000000000        0xc ./Src/sysmem.o
 .group         0x0000000000000000        0xc ./Src/sysmem.o
 .group         0x0000000000000000        0xc ./Src/sysmem.o
 .group         0x0000000000000000        0xc ./Src/sysmem.o
 .text          0x0000000000000000        0x0 ./Src/sysmem.o
 .data          0x0000000000000000        0x0 ./Src/sysmem.o
 .bss           0x0000000000000000        0x0 ./Src/sysmem.o
 .bss.__sbrk_heap_end
                0x0000000000000000        0x4 ./Src/sysmem.o
 .text._sbrk    0x0000000000000000       0x6c ./Src/sysmem.o
 .debug_info    0x0000000000000000      0x171 ./Src/sysmem.o
 .debug_abbrev  0x0000000000000000       0xbb ./Src/sysmem.o
 .debug_aranges
                0x0000000000000000       0x20 ./Src/sysmem.o
 .debug_ranges  0x0000000000000000       0x10 ./Src/sysmem.o
 .debug_macro   0x0000000000000000       0xff ./Src/sysmem.o
 .debug_macro   0x0000000000000000      0xa72 ./Src/sysmem.o
 .debug_macro   0x0000000000000000       0x10 ./Src/sysmem.o
 .debug_macro   0x0000000000000000       0x22 ./Src/sysmem.o
 .debug_macro   0x0000000000000000       0x4c ./Src/sysmem.o
 .debug_macro   0x0000000000000000       0x18 ./Src/sysmem.o
 .debug_macro   0x0000000000000000       0x94 ./Src/sysmem.o
 .debug_macro   0x0000000000000000       0x3c ./Src/sysmem.o
 .debug_macro   0x0000000000000000       0x34 ./Src/sysmem.o
 .debug_macro   0x0000000000000000      0x174 ./Src/sysmem.o
 .debug_macro   0x0000000000000000       0x16 ./Src/sysmem.o
 .debug_macro   0x0000000000000000       0x43 ./Src/sysmem.o
 .debug_macro   0x0000000000000000       0x57 ./Src/sysmem.o
 .debug_macro   0x0000000000000000       0x34 ./Src/sysmem.o
 .debug_macro   0x0000000000000000       0x10 ./Src/sysmem.o
 .debug_macro   0x0000000000000000       0x58 ./Src/sysmem.o
 .debug_macro   0x0000000000000000       0x71 ./Src/sysmem.o
 .debug_macro   0x0000000000000000       0x1c ./Src/sysmem.o
 .debug_macro   0x0000000000000000      0x12a ./Src/sysmem.o
 .debug_macro   0x0000000000000000      0x23b ./Src/sysmem.o
 .debug_macro   0x0000000000000000      0x103 ./Src/sysmem.o
 .debug_macro   0x0000000000000000       0x6a ./Src/sysmem.o
 .debug_macro   0x0000000000000000      0x1df ./Src/sysmem.o
 .debug_line    0x0000000000000000      0x4e5 ./Src/sysmem.o
 .debug_str     0x0000000000000000     0x5d58 ./Src/sysmem.o
 .comment       0x0000000000000000       0x51 ./Src/sysmem.o
 .debug_frame   0x0000000000000000       0x34 ./Src/sysmem.o
 .ARM.attributes
                0x0000000000000000       0x2d ./Src/sysmem.o
 .text          0x0000000000000000       0x14 ./Startup/startup_stm32f103c8tx.o
 .data          0x0000000000000000        0x0 ./Startup/startup_stm32f103c8tx.o
 .bss           0x0000000000000000        0x0 ./Startup/startup_stm32f103c8tx.o
 .text          0x0000000000000000        0x0 c:/st/stm32cubeide_1.10.1/stm32cubeide/plugins/com.st.stm32cube.ide.mcu.externaltools.gnu-tools-for-stm32.10.3-2021.10.win32_1.0.0.202111181127/tools/bin/../lib/gcc/arm-none-eabi/10.3.1/../../../../arm-none-eabi/lib/thumb/v7-m/nofp\libc_nano.a(lib_a-errno.o)
 .data          0x0000000000000000        0x0 c:/st/stm32cubeide_1.10.1/stm32cubeide/plugins/com.st.stm32cube.ide.mcu.externaltools.gnu-tools-for-stm32.10.3-2021.10.win32_1.0.0.202111181127/tools/bin/../lib/gcc/arm-none-eabi/10.3.1/../../../../arm-none-eabi/lib/thumb/v7-m/nofp\libc_nano.a(lib_a-errno.o)
 .bss           0x0000000000000000        0x0 c:/st/stm32cubeide_1.10.1/stm32cubeide/plugins/com.st.stm32cube.ide.mcu.externaltools.gnu-tools-for-stm32.10.3-2021.10.win32_1.0.0.202111181127/tools/bin/../lib/gcc/arm-none-eabi/10.3.1/../../../../arm-none-eabi/lib/thumb/v7-m/nofp\libc_nano.a(lib_a-errno.o)
 .text.__errno  0x0000000000000000        0xc c:/st/stm32cubeide_1.10.1/stm32cubeide/plugins/com.st.stm32cube.ide.mcu.externaltools.gnu-tools-for-stm32.10.3-2021.10.win32_1.0.0.202111181127/tools/bin/../lib/gcc/arm-none-eabi/10.3.1/../../../../arm-none-eabi/lib/thumb/v7-m/nofp\libc_nano.a(lib_a-errno.o)
 .debug_frame   0x0000000000000000       0x20 c:/st/stm32cubeide_1.10.1/stm32cubeide/plugins/com.st.stm32cube.ide.mcu.externaltools.gnu-tools-for-stm32.10.3-2021.10.win32_1.0.0.202111181127/tools/bin/../lib/gcc/arm-none-eabi/10.3.1/../../../../arm-none-eabi/lib/thumb/v7-m/nofp\libc_nano.a(lib_a-errno.o)
 .ARM.attributes
                0x0000000000000000       0x2d c:/st/stm32cubeide_1.10.1/stm32cubeide/plugins/com.st.stm32cube.ide.mcu.externaltools.gnu-tools-for-stm32.10.3-2021.10.win32_1.0.0.202111181127/tools/bin/../lib/gcc/arm-none-eabi/10.3.1/../../../../arm-none-eabi/lib/thumb/v7-m/nofp\libc_nano.a(lib_a-errno.o)
 .text          0x0000000000000000        0x0 c:/st/stm32cubeide_1.10.1/stm32cubeide/plugins/com.st.stm32cube.ide.mcu.externaltools.gnu-tools-for-stm32.10.3-2021.10.win32_1.0.0.202111181127/tools/bin/../lib/gcc/arm-none-eabi/10.3.1/../../../../arm-none-eabi/lib/thumb/v7-m/nofp\libc_nano.a(lib_a-exit.o)
 .data          0x0000000000000000        0x0 c:/st/stm32cubeide_1.10.1/stm32cubeide/plugins/com.st.stm32cube.ide.mcu.externaltools.gnu-tools-for-stm32.10.3-2021.10.win32_1.0.0.202111181127/tools/bin/../lib/gcc/arm-none-eabi/10.3.1/../../../../arm-none-eabi/lib/thumb/v7-m/nofp\libc_nano.a(lib_a-exit.o)
 .bss           0x0000000000000000        0x0 c:/st/stm32cubeide_1.10.1/stm32cubeide/plugins/com.st.stm32cube.ide.mcu.externaltools.gnu-tools-for-stm32.10.3-2021.10.win32_1.0.0.202111181127/tools/bin/../lib/gcc/arm-none-eabi/10.3.1/../../../../arm-none-eabi/lib/thumb/v7-m/nofp\libc_nano.a(lib_a-exit.o)
 .text.exit     0x0000000000000000       0x28 c:/st/stm32cubeide_1.10.1/stm32cubeide/plugins/com.st.stm32cube.ide.mcu.externaltools.gnu-tools-for-stm32.10.3-2021.10.win32_1.0.0.202111181127/tools/bin/../lib/gcc/arm-none-eabi/10.3.1/../../../../arm-none-eabi/lib/thumb/v7-m/nofp\libc_nano.a(lib_a-exit.o)
 .debug_frame   0x0000000000000000       0x28 c:/st/stm32cubeide_1.10.1/stm32cubeide/plugins/com.st.stm32cube.ide.mcu.externaltools.gnu-tools-for-stm32.10.3-2021.10.win32_1.0.0.202111181127/tools/bin/../lib/gcc/arm-none-eabi/10.3.1/../../../../arm-none-eabi/lib/thumb/v7-m/nofp\libc_nano.a(lib_a-exit.o)
 .ARM.attributes
                0x0000000000000000       0x2d c:/st/stm32cubeide_1.10.1/stm32cubeide/plugins/com.st.stm32cube.ide.mcu.externaltools.gnu-tools-for-stm32.10.3-2021.10.win32_1.0.0.202111181127/tools/bin/../lib/gcc/arm-none-eabi/10.3.1/../../../../arm-none-eabi/lib/thumb/v7-m/nofp\libc_nano.a(lib_a-exit.o)
 .text          0x0000000000000000        0x0 c:/st/stm32cubeide_1.10.1/stm32cubeide/plugins/com.st.stm32cube.ide.mcu.externaltools.gnu-tools-for-stm32.10.3-2021.10.win32_1.0.0.202111181127/tools/bin/../lib/gcc/arm-none-eabi/10.3.1/../../../../arm-none-eabi/lib/thumb/v7-m/nofp\libc_nano.a(lib_a-impure.o)
 .data          0x0000000000000000        0x0 c:/st/stm32cubeide_1.10.1/stm32cubeide/plugins/com.st.stm32cube.ide.mcu.externaltools.gnu-tools-for-stm32.10.3-2021.10.win32_1.0.0.202111181127/tools/bin/../lib/gcc/arm-none-eabi/10.3.1/../../../../arm-none-eabi/lib/thumb/v7-m/nofp\libc_nano.a(lib_a-impure.o)
 .bss           0x0000000000000000        0x0 c:/st/stm32cubeide_1.10.1/stm32cubeide/plugins/com.st.stm32cube.ide.mcu.externaltools.gnu-tools-for-stm32.10.3-2021.10.win32_1.0.0.202111181127/tools/bin/../lib/gcc/arm-none-eabi/10.3.1/../../../../arm-none-eabi/lib/thumb/v7-m/nofp\libc_nano.a(lib_a-impure.o)
 .data._impure_ptr
                0x0000000000000000        0x4 c:/st/stm32cubeide_1.10.1/stm32cubeide/plugins/com.st.stm32cube.ide.mcu.externaltools.gnu-tools-for-stm32.10.3-2021.10.win32_1.0.0.202111181127/tools/bin/../lib/gcc/arm-none-eabi/10.3.1/../../../../arm-none-eabi/lib/thumb/v7-m/nofp\libc_nano.a(lib_a-impure.o)
 .data.impure_data
                0x0000000000000000       0x60 c:/st/stm32cubeide_1.10.1/stm32cubeide/plugins/com.st.stm32cube.ide.mcu.externaltools.gnu-tools-for-stm32.10.3-2021.10.win32_1.0.0.202111181127/tools/bin/../lib/gcc/arm-none-eabi/10.3.1/../../../../arm-none-eabi/lib/thumb/v7-m/nofp\libc_nano.a(lib_a-impure.o)
 .rodata._global_impure_ptr
                0x0000000000000000        0x4 c:/st/stm32cubeide_1.10.1/stm32cubeide/plugins/com.st.stm32cube.ide.mcu.externaltools.gnu-tools-for-stm32.10.3-2021.10.win32_1.0.0.202111181127/tools/bin/../lib/gcc/arm-none-eabi/10.3.1/../../../../arm-none-eabi/lib/thumb/v7-m/nofp\libc_nano.a(lib_a-impure.o)
 .ARM.attributes
                0x0000000000000000       0x2d c:/st/stm32cubeide_1.10.1/stm32cubeide/plugins/com.st.stm32cube.ide.mcu.externaltools.gnu-tools-for-stm32.10.3-2021.10.win32_1.0.0.202111181127/tools/bin/../lib/gcc/arm-none-eabi/10.3.1/../../../../arm-none-eabi/lib/thumb/v7-m/nofp\libc_nano.a(lib_a-impure.o)
 .text          0x0000000000000000        0x0 c:/st/stm32cubeide_1.10.1/stm32cubeide/plugins/com.st.stm32cube.ide.mcu.externaltools.gnu-tools-for-stm32.10.3-2021.10.win32_1.0.0.202111181127/tools/bin/../lib/gcc/arm-none-eabi/10.3.1/../../../../arm-none-eabi/lib/thumb/v7-m/nofp\libc_nano.a(lib_a-init.o)
 .data          0x0000000000000000        0x0 c:/st/stm32cubeide_1.10.1/stm32cubeide/plugins/com.st.stm32cube.ide.mcu.externaltools.gnu-tools-for-stm32.10.3-2021.10.win32_1.0.0.202111181127/tools/bin/../lib/gcc/arm-none-eabi/10.3.1/../../../../arm-none-eabi/lib/thumb/v7-m/nofp\libc_nano.a(lib_a-init.o)
 .bss           0x0000000000000000        0x0 c:/st/stm32cubeide_1.10.1/stm32cubeide/plugins/com.st.stm32cube.ide.mcu.externaltools.gnu-tools-for-stm32.10.3-2021.10.win32_1.0.0.202111181127/tools/bin/../lib/gcc/arm-none-eabi/10.3.1/../../../../arm-none-eabi/lib/thumb/v7-m/nofp\libc_nano.a(lib_a-init.o)
 .text          0x0000000000000000        0x0 c:/st/stm32cubeide_1.10.1/stm32cubeide/plugins/com.st.stm32cube.ide.mcu.externaltools.gnu-tools-for-stm32.10.3-2021.10.win32_1.0.0.202111181127/tools/bin/../lib/gcc/arm-none-eabi/10.3.1/../../../../arm-none-eabi/lib/thumb/v7-m/nofp\libc_nano.a(lib_a-memset.o)
 .data          0x0000000000000000        0x0 c:/st/stm32cubeide_1.10.1/stm32cubeide/plugins/com.st.stm32cube.ide.mcu.externaltools.gnu-tools-for-stm32.10.3-2021.10.win32_1.0.0.202111181127/tools/bin/../lib/gcc/arm-none-eabi/10.3.1/../../../../arm-none-eabi/lib/thumb/v7-m/nofp\libc_nano.a(lib_a-memset.o)
 .bss           0x0000000000000000        0x0 c:/st/stm32cubeide_1.10.1/stm32cubeide/plugins/com.st.stm32cube.ide.mcu.externaltools.gnu-tools-for-stm32.10.3-2021.10.win32_1.0.0.202111181127/tools/bin/../lib/gcc/arm-none-eabi/10.3.1/../../../../arm-none-eabi/lib/thumb/v7-m/nofp\libc_nano.a(lib_a-memset.o)
 .text.memset   0x0000000000000000       0x10 c:/st/stm32cubeide_1.10.1/stm32cubeide/plugins/com.st.stm32cube.ide.mcu.externaltools.gnu-tools-for-stm32.10.3-2021.10.win32_1.0.0.202111181127/tools/bin/../lib/gcc/arm-none-eabi/10.3.1/../../../../arm-none-eabi/lib/thumb/v7-m/nofp\libc_nano.a(lib_a-memset.o)
 .debug_frame   0x0000000000000000       0x20 c:/st/stm32cubeide_1.10.1/stm32cubeide/plugins/com.st.stm32cube.ide.mcu.externaltools.gnu-tools-for-stm32.10.3-2021.10.win32_1.0.0.202111181127/tools/bin/../lib/gcc/arm-none-eabi/10.3.1/../../../../arm-none-eabi/lib/thumb/v7-m/nofp\libc_nano.a(lib_a-memset.o)
 .ARM.attributes
                0x0000000000000000       0x2d c:/st/stm32cubeide_1.10.1/stm32cubeide/plugins/com.st.stm32cube.ide.mcu.externaltools.gnu-tools-for-stm32.10.3-2021.10.win32_1.0.0.202111181127/tools/bin/../lib/gcc/arm-none-eabi/10.3.1/../../../../arm-none-eabi/lib/thumb/v7-m/nofp\libc_nano.a(lib_a-memset.o)
 .text          0x0000000000000000        0x0 c:/st/stm32cubeide_1.10.1/stm32cubeide/plugins/com.st.stm32cube.ide.mcu.externaltools.gnu-tools-for-stm32.10.3-2021.10.win32_1.0.0.202111181127/tools/bin/../lib/gcc/arm-none-eabi/10.3.1/thumb/v7-m/nofp/crtend.o
 .data          0x0000000000000000        0x0 c:/st/stm32cubeide_1.10.1/stm32cubeide/plugins/com.st.stm32cube.ide.mcu.externaltools.gnu-tools-for-stm32.10.3-2021.10.win32_1.0.0.202111181127/tools/bin/../lib/gcc/arm-none-eabi/10.3.1/thumb/v7-m/nofp/crtend.o
 .bss           0x0000000000000000        0x0 c:/st/stm32cubeide_1.10.1/stm32cubeide/plugins/com.st.stm32cube.ide.mcu.externaltools.gnu-tools-for-stm32.10.3-2021.10.win32_1.0.0.202111181127/tools/bin/../lib/gcc/arm-none-eabi/10.3.1/thumb/v7-m/nofp/crtend.o
 .rodata        0x0000000000000000       0x24 c:/st/stm32cubeide_1.10.1/stm32cubeide/plugins/com.st.stm32cube.ide.mcu.externaltools.gnu-tools-for-stm32.10.3-2021.10.win32_1.0.0.202111181127/tools/bin/../lib/gcc/arm-none-eabi/10.3.1/thumb/v7-m/nofp/crtend.o
 .eh_frame      0x0000000000000000        0x4 c:/st/stm32cubeide_1.10.1/stm32cubeide/plugins/com.st.stm32cube.ide.mcu.externaltools.gnu-tools-for-stm32.10.3-2021.10.win32_1.0.0.202111181127/tools/bin/../lib/gcc/arm-none-eabi/10.3.1/thumb/v7-m/nofp/crtend.o
 .ARM.attributes
                0x0000000000000000       0x2d c:/st/stm32cubeide_1.10.1/stm32cubeide/plugins/com.st.stm32cube.ide.mcu.externaltools.gnu-tools-for-stm32.10.3-2021.10.win32_1.0.0.202111181127/tools/bin/../lib/gcc/arm-none-eabi/10.3.1/thumb/v7-m/nofp/crtend.o
 .text          0x0000000000000000        0x0 c:/st/stm32cubeide_1.10.1/stm32cubeide/plugins/com.st.stm32cube.ide.mcu.externaltools.gnu-tools-for-stm32.10.3-2021.10.win32_1.0.0.202111181127/tools/bin/../lib/gcc/arm-none-eabi/10.3.1/thumb/v7-m/nofp/crtn.o
 .data          0x0000000000000000        0x0 c:/st/stm32cubeide_1.10.1/stm32cubeide/plugins/com.st.stm32cube.ide.mcu.externaltools.gnu-tools-for-stm32.10.3-2021.10.win32_1.0.0.202111181127/tools/bin/../lib/gcc/arm-none-eabi/10.3.1/thumb/v7-m/nofp/crtn.o
 .bss           0x0000000000000000        0x0 c:/st/stm32cubeide_1.10.1/stm32cubeide/plugins/com.st.stm32cube.ide.mcu.externaltools.gnu-tools-for-stm32.10.3-2021.10.win32_1.0.0.202111181127/tools/bin/../lib/gcc/arm-none-eabi/10.3.1/thumb/v7-m/nofp/crtn.o

Memory Configuration

Name             Origin             Length             Attributes
RAM              0x0000000020000000 0x0000000000005000 xrw
FLASH            0x0000000008000000 0x0000000000010000 xr
*default*        0x0000000000000000 0xffffffffffffffff

Linker script and memory map

LOAD c:/st/stm32cubeide_1.10.1/stm32cubeide/plugins/com.st.stm32cube.ide.mcu.externaltools.gnu-tools-for-stm32.10.3-2021.10.win32_1.0.0.202111181127/tools/bin/../lib/gcc/arm-none-eabi/10.3.1/thumb/v7-m/nofp/crti.o
LOAD c:/st/stm32cubeide_1.10.1/stm32cubeide/plugins/com.st.stm32cube.ide.mcu.externaltools.gnu-tools-for-stm32.10.3-2021.10.win32_1.0.0.202111181127/tools/bin/../lib/gcc/arm-none-eabi/10.3.1/thumb/v7-m/nofp/crtbegin.o
LOAD c:/st/stm32cubeide_1.10.1/stm32cubeide/plugins/com.st.stm32cube.ide.mcu.externaltools.gnu-tools-for-stm32.10.3-2021.10.win32_1.0.0.202111181127/tools/bin/../lib/gcc/arm-none-eabi/10.3.1/../../../../arm-none-eabi/lib/thumb/v7-m/nofp/crt0.o
LOAD ./Src/alarmled.o
LOAD ./Src/main.o
LOAD ./Src/rtci2c.o
LOAD ./Src/syscalls.o
LOAD ./Src/sysmem.o
LOAD ./Startup/startup_stm32f103c8tx.o
START GROUP
LOAD c:/st/stm32cubeide_1.10.1/stm32cubeide/plugins/com.st.stm32cube.ide.mcu.externaltools.gnu-tools-for-stm32.10.3-2021.10.win32_1.0.0.202111181127/tools/bin/../lib/gcc/arm-none-eabi/10.3.1/../../../../arm-none-eabi/lib/thumb/v7-m/nofp\libc_nano.a
LOAD c:/st/stm32cubeide_1.10.1/stm32cubeide/plugins/com.st.stm32cube.ide.mcu.externaltools.gnu-tools-for-stm32.10.3-2021.10.win32_1.0.0.202111181127/tools/bin/../lib/gcc/arm-none-eabi/10.3.1/../../../../arm-none-eabi/lib/thumb/v7-m/nofp\libm.a
END GROUP
START GROUP
LOAD c:/st/stm32cubeide_1.10.1/stm32cubeide/plugins/com.st.stm32cube.ide.mcu.externaltools.gnu-tools-for-stm32.10.3-2021.10.win32_1.0.0.202111181127/tools/bin/../lib/gcc/arm-none-eabi/10.3.1/thumb/v7-m/nofp\libgcc.a
LOAD c:/st/stm32cubeide_1.10.1/stm32cubeide/plugins/com.st.stm32cube.ide.mcu.externaltools.gnu-tools-for-stm32.10.3-2021.10.win32_1.0.0.202111181127/tools/bin/../lib/gcc/arm-none-eabi/10.3.1/../../../../arm-none-eabi/lib/thumb/v7-m/nofp\libc_nano.a
END GROUP
START GROUP
LOAD c:/st/stm32cubeide_1.10.1/stm32cubeide/plugins/com.st.stm32cube.ide.mcu.externaltools.gnu-tools-for-stm32.10.3-2021.10.win32_1.0.0.202111181127/tools/bin/../lib/gcc/arm-none-eabi/10.3.1/thumb/v7-m/nofp\libgcc.a
LOAD c:/st/stm32cubeide_1.10.1/stm32cubeide/plugins/com.st.stm32cube.ide.mcu.externaltools.gnu-tools-for-stm32.10.3-2021.10.win32_1.0.0.202111181127/tools/bin/../lib/gcc/arm-none-eabi/10.3.1/../../../../arm-none-eabi/lib/thumb/v7-m/nofp\libc_nano.a
LOAD c:/st/stm32cubeide_1.10.1/stm32cubeide/plugins/com.st.stm32cube.ide.mcu.externaltools.gnu-tools-for-stm32.10.3-2021.10.win32_1.0.0.202111181127/tools/bin/../lib/gcc/arm-none-eabi/10.3.1/../../../../arm-none-eabi/lib/thumb/v7-m/nofp\libnosys.a
END GROUP
START GROUP
LOAD c:/st/stm32cubeide_1.10.1/stm32cubeide/plugins/com.st.stm32cube.ide.mcu.externaltools.gnu-tools-for-stm32.10.3-2021.10.win32_1.0.0.202111181127/tools/bin/../lib/gcc/arm-none-eabi/10.3.1/thumb/v7-m/nofp\libgcc.a
LOAD c:/st/stm32cubeide_1.10.1/stm32cubeide/plugins/com.st.stm32cube.ide.mcu.externaltools.gnu-tools-for-stm32.10.3-2021.10.win32_1.0.0.202111181127/tools/bin/../lib/gcc/arm-none-eabi/10.3.1/../../../../arm-none-eabi/lib/thumb/v7-m/nofp\libc_nano.a
LOAD c:/st/stm32cubeide_1.10.1/stm32cubeide/plugins/com.st.stm32cube.ide.mcu.externaltools.gnu-tools-for-stm32.10.3-2021.10.win32_1.0.0.202111181127/tools/bin/../lib/gcc/arm-none-eabi/10.3.1/../../../../arm-none-eabi/lib/thumb/v7-m/nofp\libnosys.a
END GROUP
LOAD c:/st/stm32cubeide_1.10.1/stm32cubeide/plugins/com.st.stm32cube.ide.mcu.externaltools.gnu-tools-for-stm32.10.3-2021.10.win32_1.0.0.202111181127/tools/bin/../lib/gcc/arm-none-eabi/10.3.1/thumb/v7-m/nofp/crtend.o
LOAD c:/st/stm32cubeide_1.10.1/stm32cubeide/plugins/com.st.stm32cube.ide.mcu.externaltools.gnu-tools-for-stm32.10.3-2021.10.win32_1.0.0.202111181127/tools/bin/../lib/gcc/arm-none-eabi/10.3.1/thumb/v7-m/nofp/crtn.o
                0x0000000020005000                _estack = (ORIGIN (RAM) + LENGTH (RAM))
                0x0000000000000200                _Min_Heap_Size = 0x200
                0x0000000000000400                _Min_Stack_Size = 0x400

.isr_vector     0x0000000008000000      0x130
                0x0000000008000000                . = ALIGN (0x4)
 *(.isr_vector)
 .isr_vector    0x0000000008000000      0x130 ./Startup/startup_stm32f103c8tx.o
                0x0000000008000000                g_pfnVectors
                0x0000000008000130                . = ALIGN (0x4)

.text           0x0000000008000130      0x994
                0x0000000008000130                . = ALIGN (0x4)
 *(.text)
 .text          0x0000000008000130       0x40 c:/st/stm32cubeide_1.10.1/stm32cubeide/plugins/com.st.stm32cube.ide.mcu.externaltools.gnu-tools-for-stm32.10.3-2021.10.win32_1.0.0.202111181127/tools/bin/../lib/gcc/arm-none-eabi/10.3.1/thumb/v7-m/nofp/crtbegin.o
 *(.text*)
 .text.LED_Initalize
                0x0000000008000170      0x164 ./Src/alarmled.o
                0x0000000008000170                LED_Initalize
 .text.main     0x00000000080002d4      0x328 ./Src/main.o
                0x00000000080002d4                main
 .text.EXTI0_IRQHandler
                0x00000000080005fc       0x40 ./Src/main.o
                0x00000000080005fc                EXTI0_IRQHandler
 .text.EXTI1_IRQHandler
                0x000000000800063c       0x3c ./Src/main.o
                0x000000000800063c                EXTI1_IRQHandler
 .text.TIM3_IRQHandler
                0x0000000008000678       0x38 ./Src/main.o
                0x0000000008000678                TIM3_IRQHandler
 .text.TIM4_IRQHandler
                0x00000000080006b0       0x18 ./Src/main.o
                0x00000000080006b0                TIM4_IRQHandler
 .text.binary_to_bcd
                0x00000000080006c8       0x58 ./Src/rtci2c.o
                0x00000000080006c8                binary_to_bcd
 .text.bcd_to_binary
                0x0000000008000720       0x36 ./Src/rtci2c.o
                0x0000000008000720                bcd_to_binary
 *fill*         0x0000000008000756        0x2 
 .text.I2C_SendData
                0x0000000008000758       0xb0 ./Src/rtci2c.o
                0x0000000008000758                I2C_SendData
 .text.I2C_RecieveData
                0x0000000008000808       0x8c ./Src/rtci2c.o
                0x0000000008000808                I2C_RecieveData
 .text.ds1307_write
                0x0000000008000894       0x2e ./Src/rtci2c.o
                0x0000000008000894                ds1307_write
 .text.ds1307_read
                0x00000000080008c2       0x2a ./Src/rtci2c.o
                0x00000000080008c2                ds1307_read
 .text.ds1307_set_current_time
                0x00000000080008ec       0x92 ./Src/rtci2c.o
                0x00000000080008ec                ds1307_set_current_time
 .text.ds1307_get_current_time
                0x000000000800097e       0x92 ./Src/rtci2c.o
                0x000000000800097e                ds1307_get_current_time
 .text.Reset_Handler
                0x0000000008000a10       0x50 ./Startup/startup_stm32f103c8tx.o
                0x0000000008000a10                Reset_Handler
 .text.Default_Handler
                0x0000000008000a60        0x2 ./Startup/startup_stm32f103c8tx.o
                0x0000000008000a60                EXTI2_IRQHandler
                0x0000000008000a60                TIM8_TRG_COM_IRQHandler
                0x0000000008000a60                TIM8_CC_IRQHandler
                0x0000000008000a60                DebugMon_Handler
                0x0000000008000a60                TIM1_CC_IRQHandler
                0x0000000008000a60                HardFault_Handler
                0x0000000008000a60                TIM6_IRQHandler
                0x0000000008000a60                SysTick_Handler
                0x0000000008000a60                PVD_IRQHandler
                0x0000000008000a60                SDIO_IRQHandler
                0x0000000008000a60                PendSV_Handler
                0x0000000008000a60                NMI_Handler
                0x0000000008000a60                EXTI3_IRQHandler
                0x0000000008000a60                USB_HP_CAN_TX_IRQHandler
                0x0000000008000a60                I2C2_EV_IRQHandler
                0x0000000008000a60                UsageFault_Handler
                0x0000000008000a60                ADC1_2_IRQHandler
                0x0000000008000a60                SPI1_IRQHandler
                0x0000000008000a60                CAN_SCE_IRQHandler
                0x0000000008000a60                TAMPER_IRQHandler
                0x0000000008000a60                TIM8_UP_IRQHandler
                0x0000000008000a60                DMA2_Channel2_IRQHandler
                0x0000000008000a60                DMA1_Channel4_IRQHandler
                0x0000000008000a60                USART3_IRQHandler
                0x0000000008000a60                RTC_IRQHandler
                0x0000000008000a60                DMA1_Channel7_IRQHandler
                0x0000000008000a60                UART5_IRQHandler
                0x0000000008000a60                ADC3_IRQHandler
                0x0000000008000a60                CAN_RX1_IRQHandler
                0x0000000008000a60                DMA2_Channel1_IRQHandler
                0x0000000008000a60                I2C1_EV_IRQHandler
                0x0000000008000a60                DMA1_Channel6_IRQHandler
                0x0000000008000a60                UART4_IRQHandler
                0x0000000008000a60                RCC_IRQHandler
                0x0000000008000a60                TIM1_TRG_COM_IRQHandler
                0x0000000008000a60                DMA1_Channel1_IRQHandler
                0x0000000008000a60                Default_Handler
                0x0000000008000a60                EXTI15_10_IRQHandler
                0x0000000008000a60                TIM7_IRQHandler
                0x0000000008000a60                TIM5_IRQHandler
                0x0000000008000a60                EXTI9_5_IRQHandler
                0x0000000008000a60                SPI2_IRQHandler
                0x0000000008000a60                USB_LP_CAN_RX0_IRQHandler
                0x0000000008000a60                MemManage_Handler
                0x0000000008000a60                SVC_Handler
                0x0000000008000a60                DMA1_Channel5_IRQHandler
                0x0000000008000a60                EXTI4_IRQHandler
                0x0000000008000a60                DMA1_Channel3_IRQHandler
                0x0000000008000a60                FSMC_IRQHandler
                0x0000000008000a60                TIM1_UP_IRQHandler
                0x0000000008000a60                WWDG_IRQHandler
                0x0000000008000a60                TIM2_IRQHandler
                0x0000000008000a60                TIM1_BRK_IRQHandler
                0x0000000008000a60                RTCAlarm_IRQHandler
                0x0000000008000a60                DMA2_Channel4_5_IRQHandler
                0x0000000008000a60                USART2_IRQHandler
                0x0000000008000a60                I2C2_ER_IRQHandler
                0x0000000008000a60                DMA1_Channel2_IRQHandler
                0x0000000008000a60                TIM8_BRK_IRQHandler
                0x0000000008000a60                FLASH_IRQHandler
                0x0000000008000a60                BusFault_Handler
                0x0000000008000a60                USART1_IRQHandler
                0x0000000008000a60                SPI3_IRQHandler
                0x0000000008000a60                I2C1_ER_IRQHandler
                0x0000000008000a60                DMA2_Channel3_IRQHandler
 *fill*         0x0000000008000a62        0x2 
 .text.__libc_init_array
                0x0000000008000a64       0x48 c:/st/stm32cubeide_1.10.1/stm32cubeide/plugins/com.st.stm32cube.ide.mcu.externaltools.gnu-tools-for-stm32.10.3-2021.10.win32_1.0.0.202111181127/tools/bin/../lib/gcc/arm-none-eabi/10.3.1/../../../../arm-none-eabi/lib/thumb/v7-m/nofp\libc_nano.a(lib_a-init.o)
                0x0000000008000a64                __libc_init_array
 *(.glue_7)
 .glue_7        0x0000000008000aac        0x0 linker stubs
 *(.glue_7t)
 .glue_7t       0x0000000008000aac        0x0 linker stubs
 *(.eh_frame)
 .eh_frame      0x0000000008000aac        0x0 c:/st/stm32cubeide_1.10.1/stm32cubeide/plugins/com.st.stm32cube.ide.mcu.externaltools.gnu-tools-for-stm32.10.3-2021.10.win32_1.0.0.202111181127/tools/bin/../lib/gcc/arm-none-eabi/10.3.1/thumb/v7-m/nofp/crtbegin.o
 *(.init)
 .init          0x0000000008000aac        0x4 c:/st/stm32cubeide_1.10.1/stm32cubeide/plugins/com.st.stm32cube.ide.mcu.externaltools.gnu-tools-for-stm32.10.3-2021.10.win32_1.0.0.202111181127/tools/bin/../lib/gcc/arm-none-eabi/10.3.1/thumb/v7-m/nofp/crti.o
                0x0000000008000aac                _init
 .init          0x0000000008000ab0        0x8 c:/st/stm32cubeide_1.10.1/stm32cubeide/plugins/com.st.stm32cube.ide.mcu.externaltools.gnu-tools-for-stm32.10.3-2021.10.win32_1.0.0.202111181127/tools/bin/../lib/gcc/arm-none-eabi/10.3.1/thumb/v7-m/nofp/crtn.o
 *(.fini)
 .fini          0x0000000008000ab8        0x4 c:/st/stm32cubeide_1.10.1/stm32cubeide/plugins/com.st.stm32cube.ide.mcu.externaltools.gnu-tools-for-stm32.10.3-2021.10.win32_1.0.0.202111181127/tools/bin/../lib/gcc/arm-none-eabi/10.3.1/thumb/v7-m/nofp/crti.o
                0x0000000008000ab8                _fini
 .fini          0x0000000008000abc        0x8 c:/st/stm32cubeide_1.10.1/stm32cubeide/plugins/com.st.stm32cube.ide.mcu.externaltools.gnu-tools-for-stm32.10.3-2021.10.win32_1.0.0.202111181127/tools/bin/../lib/gcc/arm-none-eabi/10.3.1/thumb/v7-m/nofp/crtn.o
                0x0000000008000ac4                . = ALIGN (0x4)
                0x0000000008000ac4                _etext = .

.vfp11_veneer   0x0000000008000ac4        0x0
 .vfp11_veneer  0x0000000008000ac4        0x0 linker stubs

.v4_bx          0x0000000008000ac4        0x0
 .v4_bx         0x0000000008000ac4        0x0 linker stubs

.iplt           0x0000000008000ac4        0x0
 .iplt          0x0000000008000ac4        0x0 c:/st/stm32cubeide_1.10.1/stm32cubeide/plugins/com.st.stm32cube.ide.mcu.externaltools.gnu-tools-for-stm32.10.3-2021.10.win32_1.0.0.202111181127/tools/bin/../lib/gcc/arm-none-eabi/10.3.1/thumb/v7-m/nofp/crtbegin.o

.rel.dyn        0x0000000008000ac4        0x0
 .rel.iplt      0x0000000008000ac4        0x0 c:/st/stm32cubeide_1.10.1/stm32cubeide/plugins/com.st.stm32cube.ide.mcu.externaltools.gnu-tools-for-stm32.10.3-2021.10.win32_1.0.0.202111181127/tools/bin/../lib/gcc/arm-none-eabi/10.3.1/thumb/v7-m/nofp/crtbegin.o

.rodata         0x0000000008000ac4        0x0
                0x0000000008000ac4                . = ALIGN (0x4)
 *(.rodata)
 *(.rodata*)
                0x0000000008000ac4                . = ALIGN (0x4)

.ARM.extab      0x0000000008000ac4        0x0
                0x0000000008000ac4                . = ALIGN (0x4)
 *(.ARM.extab* .gnu.linkonce.armextab.*)
                0x0000000008000ac4                . = ALIGN (0x4)

.ARM            0x0000000008000ac4        0x0
                0x0000000008000ac4                . = ALIGN (0x4)
                0x0000000008000ac4                __exidx_start = .
 *(.ARM.exidx*)
                0x0000000008000ac4                __exidx_end = .
                0x0000000008000ac4                . = ALIGN (0x4)

.preinit_array  0x0000000008000ac4        0x0
                0x0000000008000ac4                . = ALIGN (0x4)
                0x0000000008000ac4                PROVIDE (__preinit_array_start = .)
 *(.preinit_array*)
                0x0000000008000ac4                PROVIDE (__preinit_array_end = .)
                0x0000000008000ac4                . = ALIGN (0x4)

.init_array     0x0000000008000ac4        0x4
                0x0000000008000ac4                . = ALIGN (0x4)
                0x0000000008000ac4                PROVIDE (__init_array_start = .)
 *(SORT_BY_NAME(.init_array.*))
 *(.init_array*)
 .init_array    0x0000000008000ac4        0x4 c:/st/stm32cubeide_1.10.1/stm32cubeide/plugins/com.st.stm32cube.ide.mcu.externaltools.gnu-tools-for-stm32.10.3-2021.10.win32_1.0.0.202111181127/tools/bin/../lib/gcc/arm-none-eabi/10.3.1/thumb/v7-m/nofp/crtbegin.o
                0x0000000008000ac8                PROVIDE (__init_array_end = .)
                0x0000000008000ac8                . = ALIGN (0x4)

.fini_array     0x0000000008000ac8        0x4
                0x0000000008000ac8                . = ALIGN (0x4)
                [!provide]                        PROVIDE (__fini_array_start = .)
 *(SORT_BY_NAME(.fini_array.*))
 *(.fini_array*)
 .fini_array    0x0000000008000ac8        0x4 c:/st/stm32cubeide_1.10.1/stm32cubeide/plugins/com.st.stm32cube.ide.mcu.externaltools.gnu-tools-for-stm32.10.3-2021.10.win32_1.0.0.202111181127/tools/bin/../lib/gcc/arm-none-eabi/10.3.1/thumb/v7-m/nofp/crtbegin.o
                [!provide]                        PROVIDE (__fini_array_end = .)
                0x0000000008000acc                . = ALIGN (0x4)
                0x0000000008000acc                _sidata = LOADADDR (.data)

.data           0x0000000020000000        0x0 load address 0x0000000008000acc
                0x0000000020000000                . = ALIGN (0x4)
                0x0000000020000000                _sdata = .
 *(.data)
 *(.data*)
 *(.RamFunc)
 *(.RamFunc*)
                0x0000000020000000                . = ALIGN (0x4)
                0x0000000020000000                _edata = .

.igot.plt       0x0000000020000000        0x0 load address 0x0000000008000acc
 .igot.plt      0x0000000020000000        0x0 c:/st/stm32cubeide_1.10.1/stm32cubeide/plugins/com.st.stm32cube.ide.mcu.externaltools.gnu-tools-for-stm32.10.3-2021.10.win32_1.0.0.202111181127/tools/bin/../lib/gcc/arm-none-eabi/10.3.1/thumb/v7-m/nofp/crtbegin.o
                0x0000000020000000                . = ALIGN (0x4)

.bss            0x0000000020000000       0x38 load address 0x0000000008000acc
                0x0000000020000000                _sbss = .
                0x0000000020000000                __bss_start__ = _sbss
 *(.bss)
 .bss           0x0000000020000000       0x1c c:/st/stm32cubeide_1.10.1/stm32cubeide/plugins/com.st.stm32cube.ide.mcu.externaltools.gnu-tools-for-stm32.10.3-2021.10.win32_1.0.0.202111181127/tools/bin/../lib/gcc/arm-none-eabi/10.3.1/thumb/v7-m/nofp/crtbegin.o
 *(.bss*)
 .bss.alarmClockState
                0x000000002000001c        0x1 ./Src/main.o
                0x000000002000001c                alarmClockState
 .bss.timeSet   0x000000002000001d        0x1 ./Src/main.o
                0x000000002000001d                timeSet
 *fill*         0x000000002000001e        0x2 
 .bss.current_time
                0x0000000020000020        0x4 ./Src/main.o
                0x0000000020000020                current_time
 .bss.alarm_time
                0x0000000020000024        0x4 ./Src/main.o
                0x0000000020000024                alarm_time
 .bss.buttonModeProcessed
                0x0000000020000028        0x4 ./Src/main.o
                0x0000000020000028                buttonModeProcessed
 .bss.buttonModeLastDebounceTime
                0x000000002000002c        0x4 ./Src/main.o
                0x000000002000002c                buttonModeLastDebounceTime
 .bss.buttonSetProcessed
                0x0000000020000030        0x4 ./Src/main.o
                0x0000000020000030                buttonSetProcessed
 .bss.buttonSetLastDebounceTime
                0x0000000020000034        0x4 ./Src/main.o
                0x0000000020000034                buttonSetLastDebounceTime
 *(COMMON)
                0x0000000020000038                . = ALIGN (0x4)
                0x0000000020000038                _ebss = .
                0x0000000020000038                __bss_end__ = _ebss

._user_heap_stack
                0x0000000020000038      0x600 load address 0x0000000008000acc
                0x0000000020000038                . = ALIGN (0x8)
                [!provide]                        PROVIDE (end = .)
                0x0000000020000038                PROVIDE (_end = .)
                0x0000000020000238                . = (. + _Min_Heap_Size)
 *fill*         0x0000000020000038      0x200 
                0x0000000020000638                . = (. + _Min_Stack_Size)
 *fill*         0x0000000020000238      0x400 
                0x0000000020000638                . = ALIGN (0x8)

/DISCARD/
 libc.a(*)
 libm.a(*)
 libgcc.a(*)

.ARM.attributes
                0x0000000000000000       0x29
 *(.ARM.attributes)
 .ARM.attributes
                0x0000000000000000       0x1d c:/st/stm32cubeide_1.10.1/stm32cubeide/plugins/com.st.stm32cube.ide.mcu.externaltools.gnu-tools-for-stm32.10.3-2021.10.win32_1.0.0.202111181127/tools/bin/../lib/gcc/arm-none-eabi/10.3.1/thumb/v7-m/nofp/crti.o
 .ARM.attributes
                0x000000000000001d       0x2d c:/st/stm32cubeide_1.10.1/stm32cubeide/plugins/com.st.stm32cube.ide.mcu.externaltools.gnu-tools-for-stm32.10.3-2021.10.win32_1.0.0.202111181127/tools/bin/../lib/gcc/arm-none-eabi/10.3.1/thumb/v7-m/nofp/crtbegin.o
 .ARM.attributes
                0x000000000000004a       0x2d ./Src/alarmled.o
 .ARM.attributes
                0x0000000000000077       0x2d ./Src/main.o
 .ARM.attributes
                0x00000000000000a4       0x2d ./Src/rtci2c.o
 .ARM.attributes
                0x00000000000000d1       0x21 ./Startup/startup_stm32f103c8tx.o
 .ARM.attributes
                0x00000000000000f2       0x2d c:/st/stm32cubeide_1.10.1/stm32cubeide/plugins/com.st.stm32cube.ide.mcu.externaltools.gnu-tools-for-stm32.10.3-2021.10.win32_1.0.0.202111181127/tools/bin/../lib/gcc/arm-none-eabi/10.3.1/../../../../arm-none-eabi/lib/thumb/v7-m/nofp\libc_nano.a(lib_a-init.o)
 .ARM.attributes
                0x000000000000011f       0x1d c:/st/stm32cubeide_1.10.1/stm32cubeide/plugins/com.st.stm32cube.ide.mcu.externaltools.gnu-tools-for-stm32.10.3-2021.10.win32_1.0.0.202111181127/tools/bin/../lib/gcc/arm-none-eabi/10.3.1/thumb/v7-m/nofp/crtn.o
OUTPUT(Alarm Clock.elf elf32-littlearm)
LOAD linker stubs
LOAD c:/st/stm32cubeide_1.10.1/stm32cubeide/plugins/com.st.stm32cube.ide.mcu.externaltools.gnu-tools-for-stm32.10.3-2021.10.win32_1.0.0.202111181127/tools/bin/../lib/gcc/arm-none-eabi/10.3.1/../../../../arm-none-eabi/lib/thumb/v7-m/nofp\libc.a
LOAD c:/st/stm32cubeide_1.10.1/stm32cubeide/plugins/com.st.stm32cube.ide.mcu.externaltools.gnu-tools-for-stm32.10.3-2021.10.win32_1.0.0.202111181127/tools/bin/../lib/gcc/arm-none-eabi/10.3.1/../../../../arm-none-eabi/lib/thumb/v7-m/nofp\libm.a
LOAD c:/st/stm32cubeide_1.10.1/stm32cubeide/plugins/com.st.stm32cube.ide.mcu.externaltools.gnu-tools-for-stm32.10.3-2021.10.win32_1.0.0.202111181127/tools/bin/../lib/gcc/arm-none-eabi/10.3.1/thumb/v7-m/nofp\libgcc.a

.debug_info     0x0000000000000000      0xc52
 .debug_info    0x0000000000000000      0x36c ./Src/alarmled.o
 .debug_info    0x000000000000036c      0x497 ./Src/main.o
 .debug_info    0x0000000000000803      0x42d ./Src/rtci2c.o
 .debug_info    0x0000000000000c30       0x22 ./Startup/startup_stm32f103c8tx.o

.debug_abbrev   0x0000000000000000      0x3bc
 .debug_abbrev  0x0000000000000000       0xce ./Src/alarmled.o
 .debug_abbrev  0x00000000000000ce      0x16f ./Src/main.o
 .debug_abbrev  0x000000000000023d      0x16d ./Src/rtci2c.o
 .debug_abbrev  0x00000000000003aa       0x12 ./Startup/startup_stm32f103c8tx.o

.debug_aranges  0x0000000000000000      0x1e8
 .debug_aranges
                0x0000000000000000      0x120 ./Src/alarmled.o
 .debug_aranges
                0x0000000000000120       0x40 ./Src/main.o
 .debug_aranges
                0x0000000000000160       0x60 ./Src/rtci2c.o
 .debug_aranges
                0x00000000000001c0       0x28 ./Startup/startup_stm32f103c8tx.o

.debug_ranges   0x0000000000000000      0x1b0
 .debug_ranges  0x0000000000000000      0x110 ./Src/alarmled.o
 .debug_ranges  0x0000000000000110       0x30 ./Src/main.o
 .debug_ranges  0x0000000000000140       0x50 ./Src/rtci2c.o
 .debug_ranges  0x0000000000000190       0x20 ./Startup/startup_stm32f103c8tx.o

.debug_macro    0x0000000000000000     0x2369
 .debug_macro   0x0000000000000000      0x225 ./Src/alarmled.o
 .debug_macro   0x0000000000000225      0xa72 ./Src/alarmled.o
 .debug_macro   0x0000000000000c97       0x22 ./Src/alarmled.o
 .debug_macro   0x0000000000000cb9       0x8e ./Src/alarmled.o
 .debug_macro   0x0000000000000d47       0x51 ./Src/alarmled.o
 .debug_macro   0x0000000000000d98      0x103 ./Src/alarmled.o
 .debug_macro   0x0000000000000e9b       0x6a ./Src/alarmled.o
 .debug_macro   0x0000000000000f05      0x1df ./Src/alarmled.o
 .debug_macro   0x00000000000010e4       0x52 ./Src/alarmled.o
 .debug_macro   0x0000000000001136       0x18 ./Src/alarmled.o
 .debug_macro   0x000000000000114e       0x3c ./Src/alarmled.o
 .debug_macro   0x000000000000118a       0x34 ./Src/alarmled.o
 .debug_macro   0x00000000000011be       0x16 ./Src/alarmled.o
 .debug_macro   0x00000000000011d4       0x97 ./Src/alarmled.o
 .debug_macro   0x000000000000126b      0x341 ./Src/alarmled.o
 .debug_macro   0x00000000000015ac       0xfd ./Src/alarmled.o
 .debug_macro   0x00000000000016a9       0x10 ./Src/alarmled.o
 .debug_macro   0x00000000000016b9       0x16 ./Src/alarmled.o
 .debug_macro   0x00000000000016cf       0x43 ./Src/alarmled.o
 .debug_macro   0x0000000000001712       0x34 ./Src/alarmled.o
 .debug_macro   0x0000000000001746       0x10 ./Src/alarmled.o
 .debug_macro   0x0000000000001756       0x58 ./Src/alarmled.o
 .debug_macro   0x00000000000017ae       0x71 ./Src/alarmled.o
 .debug_macro   0x000000000000181f       0x1c ./Src/alarmled.o
 .debug_macro   0x000000000000183b      0x12a ./Src/alarmled.o
 .debug_macro   0x0000000000001965       0x10 ./Src/alarmled.o
 .debug_macro   0x0000000000001975       0x1c ./Src/alarmled.o
 .debug_macro   0x0000000000001991       0x52 ./Src/alarmled.o
 .debug_macro   0x00000000000019e3       0x22 ./Src/alarmled.o
 .debug_macro   0x0000000000001a05       0x10 ./Src/alarmled.o
 .debug_macro   0x0000000000001a15       0x52 ./Src/alarmled.o
 .debug_macro   0x0000000000001a67       0xd5 ./Src/alarmled.o
 .debug_macro   0x0000000000001b3c       0x1c ./Src/alarmled.o
 .debug_macro   0x0000000000001b58       0x3d ./Src/alarmled.o
 .debug_macro   0x0000000000001b95       0x16 ./Src/alarmled.o
 .debug_macro   0x0000000000001bab      0x145 ./Src/alarmled.o
 .debug_macro   0x0000000000001cf0       0x16 ./Src/alarmled.o
 .debug_macro   0x0000000000001d06       0x35 ./Src/alarmled.o
 .debug_macro   0x0000000000001d3b       0x20 ./Src/alarmled.o
 .debug_macro   0x0000000000001d5b       0x58 ./Src/alarmled.o
 .debug_macro   0x0000000000001db3       0xa6 ./Src/alarmled.o
 .debug_macro   0x0000000000001e59       0x6a ./Src/alarmled.o
 .debug_macro   0x0000000000001ec3      0x21c ./Src/main.o
 .debug_macro   0x00000000000020df      0x226 ./Src/rtci2c.o
 .debug_macro   0x0000000000002305       0x64 ./Src/rtci2c.o

.debug_line     0x0000000000000000     0x19cc
 .debug_line    0x0000000000000000      0x992 ./Src/alarmled.o
 .debug_line    0x0000000000000992      0x6ec ./Src/main.o
 .debug_line    0x000000000000107e      0x8ca ./Src/rtci2c.o
 .debug_line    0x0000000000001948       0x84 ./Startup/startup_stm32f103c8tx.o

.debug_str      0x0000000000000000     0x8791
 .debug_str     0x0000000000000000     0x84c6 ./Src/alarmled.o
                                       0x86b1 (size before relaxing)
 .debug_str     0x00000000000084c6      0x1f2 ./Src/main.o
                                       0x86b1 (size before relaxing)
 .debug_str     0x00000000000086b8       0xa8 ./Src/rtci2c.o
                                       0x85d1 (size before relaxing)
 .debug_str     0x0000000000008760       0x31 ./Startup/startup_stm32f103c8tx.o
                                         0x6f (size before relaxing)

.comment        0x0000000000000000       0x50
 .comment       0x0000000000000000       0x50 ./Src/alarmled.o
                                         0x51 (size before relaxing)
 .comment       0x0000000000000050       0x51 ./Src/main.o
 .comment       0x0000000000000050       0x51 ./Src/rtci2c.o

.debug_frame    0x0000000000000000      0x690
 .debug_frame   0x0000000000000000      0x438 ./Src/alarmled.o
 .debug_frame   0x0000000000000438       0xc4 ./Src/main.o
 .debug_frame   0x00000000000004fc      0x168 ./Src/rtci2c.o
 .debug_frame   0x0000000000000664       0x2c c:/st/stm32cubeide_1.10.1/stm32cubeide/plugins/com.st.stm32cube.ide.mcu.externaltools.gnu-tools-for-stm32.10.3-2021.10.win32_1.0.0.202111181127/tools/bin/../lib/gcc/arm-none-eabi/10.3.1/../../../../arm-none-eabi/lib/thumb/v7-m/nofp\libc_nano.a(lib_a-init.o)
