Archive member included to satisfy reference by file (symbol)

c:/st/stm32cubeide_1.10.1/stm32cubeide/plugins/com.st.stm32cube.ide.mcu.externaltools.gnu-tools-for-stm32.10.3-2021.10.win32_1.0.0.202111181127/tools/bin/../lib/gcc/arm-none-eabi/10.3.1/../../../../arm-none-eabi/lib/thumb/v7-m/nofp\libc_nano.a(lib_a-errno.o)
                              ./Src/syscalls.o (__errno)
c:/st/stm32cubeide_1.10.1/stm32cubeide/plugins/com.st.stm32cube.ide.mcu.externaltools.gnu-tools-for-stm32.10.3-2021.10.win32_1.0.0.202111181127/tools/bin/../lib/gcc/arm-none-eabi/10.3.1/../../../../arm-none-eabi/lib/thumb/v7-m/nofp\libc_nano.a(lib_a-exit.o)
                              c:/st/stm32cubeide_1.10.1/stm32cubeide/plugins/com.st.stm32cube.ide.mcu.externaltools.gnu-tools-for-stm32.10.3-2021.10.win32_1.0.0.202111181127/tools/bin/../lib/gcc/arm-none-eabi/10.3.1/../../../../arm-none-eabi/lib/thumb/v7-m/nofp/crt0.o (exit)
c:/st/stm32cubeide_1.10.1/stm32cubeide/plugins/com.st.stm32cube.ide.mcu.externaltools.gnu-tools-for-stm32.10.3-2021.10.win32_1.0.0.202111181127/tools/bin/../lib/gcc/arm-none-eabi/10.3.1/../../../../arm-none-eabi/lib/thumb/v7-m/nofp\libc_nano.a(lib_a-impure.o)
                              c:/st/stm32cubeide_1.10.1/stm32cubeide/plugins/com.st.stm32cube.ide.mcu.externaltools.gnu-tools-for-stm32.10.3-2021.10.win32_1.0.0.202111181127/tools/bin/../lib/gcc/arm-none-eabi/10.3.1/../../../../arm-none-eabi/lib/thumb/v7-m/nofp\libc_nano.a(lib_a-exit.o) (_global_impure_ptr)
c:/st/stm32cubeide_1.10.1/stm32cubeide/plugins/com.st.stm32cube.ide.mcu.externaltools.gnu-tools-for-stm32.10.3-2021.10.win32_1.0.0.202111181127/tools/bin/../lib/gcc/arm-none-eabi/10.3.1/../../../../arm-none-eabi/lib/thumb/v7-m/nofp\libc_nano.a(lib_a-init.o)
                              c:/st/stm32cubeide_1.10.1/stm32cubeide/plugins/com.st.stm32cube.ide.mcu.externaltools.gnu-tools-for-stm32.10.3-2021.10.win32_1.0.0.202111181127/tools/bin/../lib/gcc/arm-none-eabi/10.3.1/../../../../arm-none-eabi/lib/thumb/v7-m/nofp/crt0.o (__libc_init_array)
c:/st/stm32cubeide_1.10.1/stm32cubeide/plugins/com.st.stm32cube.ide.mcu.externaltools.gnu-tools-for-stm32.10.3-2021.10.win32_1.0.0.202111181127/tools/bin/../lib/gcc/arm-none-eabi/10.3.1/../../../../arm-none-eabi/lib/thumb/v7-m/nofp\libc_nano.a(lib_a-memset.o)
                              c:/st/stm32cubeide_1.10.1/stm32cubeide/plugins/com.st.stm32cube.ide.mcu.externaltools.gnu-tools-for-stm32.10.3-2021.10.win32_1.0.0.202111181127/tools/bin/../lib/gcc/arm-none-eabi/10.3.1/../../../../arm-none-eabi/lib/thumb/v7-m/nofp/crt0.o (memset)

Discarded input sections

 .text          0x0000000000000000        0x0 c:/st/stm32cubeide_1.10.1/stm32cubeide/plugins/com.st.stm32cube.ide.mcu.externaltools.gnu-tools-for-stm32.10.3-2021.10.win32_1.0.0.202111181127/tools/bin/../lib/gcc/arm-none-eabi/10.3.1/thumb/v7-m/nofp/crti.o
 .data          0x0000000000000000        0x0 c:/st/stm32cubeide_1.10.1/stm32cubeide/plugins/com.st.stm32cube.ide.mcu.externaltools.gnu-tools-for-stm32.10.3-2021.10.win32_1.0.0.202111181127/tools/bin/../lib/gcc/arm-none-eabi/10.3.1/thumb/v7-m/nofp/crti.o
 .bss           0x0000000000000000        0x0 c:/st/stm32cubeide_1.10.1/stm32cubeide/plugins/com.st.stm32cube.ide.mcu.externaltools.gnu-tools-for-stm32.10.3-2021.10.win32_1.0.0.202111181127/tools/bin/../lib/gcc/arm-none-eabi/10.3.1/thumb/v7-m/nofp/crti.o
 .data          0x0000000000000000        0x4 c:/st/stm32cubeide_1.10.1/stm32cubeide/plugins/com.st.stm32cube.ide.mcu.externaltools.gnu-tools-for-stm32.10.3-2021.10.win32_1.0.0.202111181127/tools/bin/../lib/gcc/arm-none-eabi/10.3.1/thumb/v7-m/nofp/crtbegin.o
 .rodata        0x0000000000000000       0x24 c:/st/stm32cubeide_1.10.1/stm32cubeide/plugins/com.st.stm32cube.ide.mcu.externaltools.gnu-tools-for-stm32.10.3-2021.10.win32_1.0.0.202111181127/tools/bin/../lib/gcc/arm-none-eabi/10.3.1/thumb/v7-m/nofp/crtbegin.o
 .text          0x0000000000000000       0x7c c:/st/stm32cubeide_1.10.1/stm32cubeide/plugins/com.st.stm32cube.ide.mcu.externaltools.gnu-tools-for-stm32.10.3-2021.10.win32_1.0.0.202111181127/tools/bin/../lib/gcc/arm-none-eabi/10.3.1/../../../../arm-none-eabi/lib/thumb/v7-m/nofp/crt0.o
 .data          0x0000000000000000        0x0 c:/st/stm32cubeide_1.10.1/stm32cubeide/plugins/com.st.stm32cube.ide.mcu.externaltools.gnu-tools-for-stm32.10.3-2021.10.win32_1.0.0.202111181127/tools/bin/../lib/gcc/arm-none-eabi/10.3.1/../../../../arm-none-eabi/lib/thumb/v7-m/nofp/crt0.o
 .bss           0x0000000000000000        0x0 c:/st/stm32cubeide_1.10.1/stm32cubeide/plugins/com.st.stm32cube.ide.mcu.externaltools.gnu-tools-for-stm32.10.3-2021.10.win32_1.0.0.202111181127/tools/bin/../lib/gcc/arm-none-eabi/10.3.1/../../../../arm-none-eabi/lib/thumb/v7-m/nofp/crt0.o
 .ARM.extab     0x0000000000000000        0x0 c:/st/stm32cubeide_1.10.1/stm32cubeide/plugins/com.st.stm32cube.ide.mcu.externaltools.gnu-tools-for-stm32.10.3-2021.10.win32_1.0.0.202111181127/tools/bin/../lib/gcc/arm-none-eabi/10.3.1/../../../../arm-none-eabi/lib/thumb/v7-m/nofp/crt0.o
 .ARM.exidx     0x0000000000000000       0x10 c:/st/stm32cubeide_1.10.1/stm32cubeide/plugins/com.st.stm32cube.ide.mcu.externaltools.gnu-tools-for-stm32.10.3-2021.10.win32_1.0.0.202111181127/tools/bin/../lib/gcc/arm-none-eabi/10.3.1/../../../../arm-none-eabi/lib/thumb/v7-m/nofp/crt0.o
 .ARM.attributes
                0x0000000000000000       0x1b c:/st/stm32cubeide_1.10.1/stm32cubeide/plugins/com.st.stm32cube.ide.mcu.externaltools.gnu-tools-for-stm32.10.3-2021.10.win32_1.0.0.202111181127/tools/bin/../lib/gcc/arm-none-eabi/10.3.1/../../../../arm-none-eabi/lib/thumb/v7-m/nofp/crt0.o
 .group         0x0000000000000000        0xc ./Src/alarmled.o
 .group         0x0000000000000000        0xc ./Src/alarmled.o
 .group         0x0000000000000000        0xc ./Src/alarmled.o
 .group         0x0000000000000000        0xc ./Src/alarmled.o
 .group         0x0000000000000000        0xc ./Src/alarmled.o
 .group         0x0000000000000000        0xc ./Src/alarmled.o
 .group         0x0000000000000000        0xc ./Src/alarmled.o
 .group         0x0000000000000000        0xc ./Src/alarmled.o
 .group         0x0000000000000000        0xc ./Src/alarmled.o
 .group         0x0000000000000000        0xc ./Src/alarmled.o
 .group         0x0000000000000000        0xc ./Src/alarmled.o
 .group         0x0000000000000000        0xc ./Src/alarmled.o
 .group         0x0000000000000000        0xc ./Src/alarmled.o
 .group         0x0000000000000000        0xc ./Src/alarmled.o
 .group         0x0000000000000000        0xc ./Src/alarmled.o
 .group         0x0000000000000000        0xc ./Src/alarmled.o
 .group         0x0000000000000000        0xc ./Src/alarmled.o
 .group         0x0000000000000000        0xc ./Src/alarmled.o
 .group         0x0000000000000000        0xc ./Src/alarmled.o
 .group         0x0000000000000000        0xc ./Src/alarmled.o
 .group         0x0000000000000000        0xc ./Src/alarmled.o
 .group         0x0000000000000000        0xc ./Src/alarmled.o
 .group         0x0000000000000000        0xc ./Src/alarmled.o
 .group         0x0000000000000000        0xc ./Src/alarmled.o
 .group         0x0000000000000000        0xc ./Src/alarmled.o
 .group         0x0000000000000000        0xc ./Src/alarmled.o
 .group         0x0000000000000000        0xc ./Src/alarmled.o
 .group         0x0000000000000000        0xc ./Src/alarmled.o
 .group         0x0000000000000000        0xc ./Src/alarmled.o
 .group         0x0000000000000000        0xc ./Src/alarmled.o
 .group         0x0000000000000000        0xc ./Src/alarmled.o
 .group         0x0000000000000000        0xc ./Src/alarmled.o
 .group         0x0000000000000000        0xc ./Src/alarmled.o
 .group         0x0000000000000000        0xc ./Src/alarmled.o
 .group         0x0000000000000000        0xc ./Src/alarmled.o
 .group         0x0000000000000000        0xc ./Src/alarmled.o
 .group         0x0000000000000000        0xc ./Src/alarmled.o
 .group         0x0000000000000000        0xc ./Src/alarmled.o
 .group         0x0000000000000000        0xc ./Src/alarmled.o
 .group         0x0000000000000000        0xc ./Src/alarmled.o
 .group         0x0000000000000000        0xc ./Src/alarmled.o
 .text          0x0000000000000000        0x0 ./Src/alarmled.o
 .data          0x0000000000000000        0x0 ./Src/alarmled.o
 .bss           0x0000000000000000        0x0 ./Src/alarmled.o
 .text.LED_NUM_1_SET_0
                0x0000000000000000       0x28 ./Src/alarmled.o
 .text.LED_NUM_1_SET_1
                0x0000000000000000       0x1c ./Src/alarmled.o
 .text.LED_NUM_2_SET_0
                0x0000000000000000       0x74 ./Src/alarmled.o
 .text.LED_NUM_2_SET_1
                0x0000000000000000       0x44 ./Src/alarmled.o
 .text.LED_NUM_2_SET_2
                0x0000000000000000       0x68 ./Src/alarmled.o
 .text.LED_NUM_2_SET_3
                0x0000000000000000       0x68 ./Src/alarmled.o
 .text.LED_NUM_2_SET_4
                0x0000000000000000       0x5c ./Src/alarmled.o
 .text.LED_NUM_2_SET_5
                0x0000000000000000       0x68 ./Src/alarmled.o
 .text.LED_NUM_2_SET_6
                0x0000000000000000       0x74 ./Src/alarmled.o
 .text.LED_NUM_2_SET_7
                0x0000000000000000       0x50 ./Src/alarmled.o
 .text.LED_NUM_2_SET_8
                0x0000000000000000       0x80 ./Src/alarmled.o
 .text.LED_NUM_2_SET_9
                0x0000000000000000       0x68 ./Src/alarmled.o
 .text.LED_NUM_3_SET_0
                0x0000000000000000       0x74 ./Src/alarmled.o
 .text.LED_NUM_3_SET_1
                0x0000000000000000       0x44 ./Src/alarmled.o
 .text.LED_NUM_3_SET_2
                0x0000000000000000       0x68 ./Src/alarmled.o
 .text.LED_NUM_3_SET_3
                0x0000000000000000       0x68 ./Src/alarmled.o
 .text.LED_NUM_3_SET_4
                0x0000000000000000       0x5c ./Src/alarmled.o
 .text.LED_NUM_3_SET_5
                0x0000000000000000       0x68 ./Src/alarmled.o
 .text.LED_NUM_3_SET_6
                0x0000000000000000       0x74 ./Src/alarmled.o
 .text.LED_NUM_3_SET_7
                0x0000000000000000       0x50 ./Src/alarmled.o
 .text.LED_NUM_3_SET_8
                0x0000000000000000       0x80 ./Src/alarmled.o
 .text.LED_NUM_3_SET_9
                0x0000000000000000       0x68 ./Src/alarmled.o
 .text.LED_NUM_4_SET_0
                0x0000000000000000       0x64 ./Src/alarmled.o
 .text.LED_NUM_4_SET_1
                0x0000000000000000       0x34 ./Src/alarmled.o
 .text.LED_NUM_4_SET_2
                0x0000000000000000       0x58 ./Src/alarmled.o
 .text.LED_NUM_4_SET_3
                0x0000000000000000       0x58 ./Src/alarmled.o
 .text.LED_NUM_4_SET_4
                0x0000000000000000       0x4c ./Src/alarmled.o
 .text.LED_NUM_4_SET_5
                0x0000000000000000       0x58 ./Src/alarmled.o
 .text.LED_NUM_4_SET_6
                0x0000000000000000       0x64 ./Src/alarmled.o
 .text.LED_NUM_4_SET_7
                0x0000000000000000       0x40 ./Src/alarmled.o
 .text.LED_NUM_4_SET_8
                0x0000000000000000       0x70 ./Src/alarmled.o
 .text.LED_NUM_4_SET_9
                0x0000000000000000       0x58 ./Src/alarmled.o
 .group         0x0000000000000000        0xc ./Src/clocksettings.o
 .group         0x0000000000000000        0xc ./Src/clocksettings.o
 .group         0x0000000000000000        0xc ./Src/clocksettings.o
 .group         0x0000000000000000        0xc ./Src/clocksettings.o
 .group         0x0000000000000000        0xc ./Src/clocksettings.o
 .group         0x0000000000000000        0xc ./Src/clocksettings.o
 .group         0x0000000000000000        0xc ./Src/clocksettings.o
 .group         0x0000000000000000        0xc ./Src/clocksettings.o
 .group         0x0000000000000000        0xc ./Src/clocksettings.o
 .group         0x0000000000000000        0xc ./Src/clocksettings.o
 .group         0x0000000000000000        0xc ./Src/clocksettings.o
 .group         0x0000000000000000        0xc ./Src/clocksettings.o
 .group         0x0000000000000000        0xc ./Src/clocksettings.o
 .group         0x0000000000000000        0xc ./Src/clocksettings.o
 .group         0x0000000000000000        0xc ./Src/clocksettings.o
 .group         0x0000000000000000        0xc ./Src/clocksettings.o
 .group         0x0000000000000000        0xc ./Src/clocksettings.o
 .group         0x0000000000000000        0xc ./Src/clocksettings.o
 .group         0x0000000000000000        0xc ./Src/clocksettings.o
 .group         0x0000000000000000        0xc ./Src/clocksettings.o
 .group         0x0000000000000000        0xc ./Src/clocksettings.o
 .group         0x0000000000000000        0xc ./Src/clocksettings.o
 .group         0x0000000000000000        0xc ./Src/clocksettings.o
 .group         0x0000000000000000        0xc ./Src/clocksettings.o
 .group         0x0000000000000000        0xc ./Src/clocksettings.o
 .group         0x0000000000000000        0xc ./Src/clocksettings.o
 .group         0x0000000000000000        0xc ./Src/clocksettings.o
 .group         0x0000000000000000        0xc ./Src/clocksettings.o
 .group         0x0000000000000000        0xc ./Src/clocksettings.o
 .group         0x0000000000000000        0xc ./Src/clocksettings.o
 .group         0x0000000000000000        0xc ./Src/clocksettings.o
 .group         0x0000000000000000        0xc ./Src/clocksettings.o
 .group         0x0000000000000000        0xc ./Src/clocksettings.o
 .group         0x0000000000000000        0xc ./Src/clocksettings.o
 .group         0x0000000000000000        0xc ./Src/clocksettings.o
 .group         0x0000000000000000        0xc ./Src/clocksettings.o
 .group         0x0000000000000000        0xc ./Src/clocksettings.o
 .group         0x0000000000000000        0xc ./Src/clocksettings.o
 .group         0x0000000000000000        0xc ./Src/clocksettings.o
 .group         0x0000000000000000        0xc ./Src/clocksettings.o
 .group         0x0000000000000000        0xc ./Src/clocksettings.o
 .text          0x0000000000000000        0x0 ./Src/clocksettings.o
 .data          0x0000000000000000        0x0 ./Src/clocksettings.o
 .bss           0x0000000000000000        0x0 ./Src/clocksettings.o
 .debug_macro   0x0000000000000000      0xa72 ./Src/clocksettings.o
 .debug_macro   0x0000000000000000       0x22 ./Src/clocksettings.o
 .debug_macro   0x0000000000000000       0x8e ./Src/clocksettings.o
 .debug_macro   0x0000000000000000       0x51 ./Src/clocksettings.o
 .debug_macro   0x0000000000000000      0x103 ./Src/clocksettings.o
 .debug_macro   0x0000000000000000       0x6a ./Src/clocksettings.o
 .debug_macro   0x0000000000000000      0x1df ./Src/clocksettings.o
 .debug_macro   0x0000000000000000       0x52 ./Src/clocksettings.o
 .debug_macro   0x0000000000000000       0x18 ./Src/clocksettings.o
 .debug_macro   0x0000000000000000       0x3c ./Src/clocksettings.o
 .debug_macro   0x0000000000000000       0x34 ./Src/clocksettings.o
 .debug_macro   0x0000000000000000       0x16 ./Src/clocksettings.o
 .debug_macro   0x0000000000000000       0x97 ./Src/clocksettings.o
 .debug_macro   0x0000000000000000      0x341 ./Src/clocksettings.o
 .debug_macro   0x0000000000000000       0xfd ./Src/clocksettings.o
 .debug_macro   0x0000000000000000       0x10 ./Src/clocksettings.o
 .debug_macro   0x0000000000000000       0x16 ./Src/clocksettings.o
 .debug_macro   0x0000000000000000       0x43 ./Src/clocksettings.o
 .debug_macro   0x0000000000000000       0x34 ./Src/clocksettings.o
 .debug_macro   0x0000000000000000       0x10 ./Src/clocksettings.o
 .debug_macro   0x0000000000000000       0x58 ./Src/clocksettings.o
 .debug_macro   0x0000000000000000       0x71 ./Src/clocksettings.o
 .debug_macro   0x0000000000000000       0x1c ./Src/clocksettings.o
 .debug_macro   0x0000000000000000      0x12a ./Src/clocksettings.o
 .debug_macro   0x0000000000000000       0x10 ./Src/clocksettings.o
 .debug_macro   0x0000000000000000       0x1c ./Src/clocksettings.o
 .debug_macro   0x0000000000000000       0x52 ./Src/clocksettings.o
 .debug_macro   0x0000000000000000       0x22 ./Src/clocksettings.o
 .debug_macro   0x0000000000000000       0x10 ./Src/clocksettings.o
 .debug_macro   0x0000000000000000       0x52 ./Src/clocksettings.o
 .debug_macro   0x0000000000000000       0xd5 ./Src/clocksettings.o
 .debug_macro   0x0000000000000000       0x1c ./Src/clocksettings.o
 .debug_macro   0x0000000000000000       0x3d ./Src/clocksettings.o
 .debug_macro   0x0000000000000000       0x16 ./Src/clocksettings.o
 .debug_macro   0x0000000000000000      0x145 ./Src/clocksettings.o
 .debug_macro   0x0000000000000000       0x16 ./Src/clocksettings.o
 .debug_macro   0x0000000000000000       0x35 ./Src/clocksettings.o
 .debug_macro   0x0000000000000000       0x20 ./Src/clocksettings.o
 .debug_macro   0x0000000000000000       0x64 ./Src/clocksettings.o
 .debug_macro   0x0000000000000000       0xa6 ./Src/clocksettings.o
 .debug_macro   0x0000000000000000       0x6a ./Src/clocksettings.o
 .group         0x0000000000000000        0xc ./Src/main.o
 .group         0x0000000000000000        0xc ./Src/main.o
 .group         0x0000000000000000        0xc ./Src/main.o
 .group         0x0000000000000000        0xc ./Src/main.o
 .group         0x0000000000000000        0xc ./Src/main.o
 .group         0x0000000000000000        0xc ./Src/main.o
 .group         0x0000000000000000        0xc ./Src/main.o
 .group         0x0000000000000000        0xc ./Src/main.o
 .group         0x0000000000000000        0xc ./Src/main.o
 .group         0x0000000000000000        0xc ./Src/main.o
 .group         0x0000000000000000        0xc ./Src/main.o
 .group         0x0000000000000000        0xc ./Src/main.o
 .group         0x0000000000000000        0xc ./Src/main.o
 .group         0x0000000000000000        0xc ./Src/main.o
 .group         0x0000000000000000        0xc ./Src/main.o
 .group         0x0000000000000000        0xc ./Src/main.o
 .group         0x0000000000000000        0xc ./Src/main.o
 .group         0x0000000000000000        0xc ./Src/main.o
 .group         0x0000000000000000        0xc ./Src/main.o
 .group         0x0000000000000000        0xc ./Src/main.o
 .group         0x0000000000000000        0xc ./Src/main.o
 .group         0x0000000000000000        0xc ./Src/main.o
 .group         0x0000000000000000        0xc ./Src/main.o
 .group         0x0000000000000000        0xc ./Src/main.o
 .group         0x0000000000000000        0xc ./Src/main.o
 .group         0x0000000000000000        0xc ./Src/main.o
 .group         0x0000000000000000        0xc ./Src/main.o
 .group         0x0000000000000000        0xc ./Src/main.o
 .group         0x0000000000000000        0xc ./Src/main.o
 .group         0x0000000000000000        0xc ./Src/main.o
 .group         0x0000000000000000        0xc ./Src/main.o
 .group         0x0000000000000000        0xc ./Src/main.o
 .group         0x0000000000000000        0xc ./Src/main.o
 .group         0x0000000000000000        0xc ./Src/main.o
 .group         0x0000000000000000        0xc ./Src/main.o
 .group         0x0000000000000000        0xc ./Src/main.o
 .group         0x0000000000000000        0xc ./Src/main.o
 .group         0x0000000000000000        0xc ./Src/main.o
 .group         0x0000000000000000        0xc ./Src/main.o
 .group         0x0000000000000000        0xc ./Src/main.o
 .group         0x0000000000000000        0xc ./Src/main.o
 .text          0x0000000000000000        0x0 ./Src/main.o
 .data          0x0000000000000000        0x0 ./Src/main.o
 .bss           0x0000000000000000        0x0 ./Src/main.o
 .bss.blinked   0x0000000000000000        0x1 ./Src/main.o
 .data.NUM_4_SET
                0x0000000000000000        0x4 ./Src/main.o
 .debug_macro   0x0000000000000000      0xa72 ./Src/main.o
 .debug_macro   0x0000000000000000       0x22 ./Src/main.o
 .debug_macro   0x0000000000000000       0x8e ./Src/main.o
 .debug_macro   0x0000000000000000       0x51 ./Src/main.o
 .debug_macro   0x0000000000000000      0x103 ./Src/main.o
 .debug_macro   0x0000000000000000       0x6a ./Src/main.o
 .debug_macro   0x0000000000000000      0x1df ./Src/main.o
 .debug_macro   0x0000000000000000       0x52 ./Src/main.o
 .debug_macro   0x0000000000000000       0x18 ./Src/main.o
 .debug_macro   0x0000000000000000       0x3c ./Src/main.o
 .debug_macro   0x0000000000000000       0x34 ./Src/main.o
 .debug_macro   0x0000000000000000       0x16 ./Src/main.o
 .debug_macro   0x0000000000000000       0x97 ./Src/main.o
 .debug_macro   0x0000000000000000      0x341 ./Src/main.o
 .debug_macro   0x0000000000000000       0xfd ./Src/main.o
 .debug_macro   0x0000000000000000       0x10 ./Src/main.o
 .debug_macro   0x0000000000000000       0x16 ./Src/main.o
 .debug_macro   0x0000000000000000       0x43 ./Src/main.o
 .debug_macro   0x0000000000000000       0x34 ./Src/main.o
 .debug_macro   0x0000000000000000       0x10 ./Src/main.o
 .debug_macro   0x0000000000000000       0x58 ./Src/main.o
 .debug_macro   0x0000000000000000       0x71 ./Src/main.o
 .debug_macro   0x0000000000000000       0x1c ./Src/main.o
 .debug_macro   0x0000000000000000      0x12a ./Src/main.o
 .debug_macro   0x0000000000000000       0x10 ./Src/main.o
 .debug_macro   0x0000000000000000       0x1c ./Src/main.o
 .debug_macro   0x0000000000000000       0x52 ./Src/main.o
 .debug_macro   0x0000000000000000       0x22 ./Src/main.o
 .debug_macro   0x0000000000000000       0x10 ./Src/main.o
 .debug_macro   0x0000000000000000       0x52 ./Src/main.o
 .debug_macro   0x0000000000000000       0xd5 ./Src/main.o
 .debug_macro   0x0000000000000000       0x1c ./Src/main.o
 .debug_macro   0x0000000000000000       0x3d ./Src/main.o
 .debug_macro   0x0000000000000000       0x16 ./Src/main.o
 .debug_macro   0x0000000000000000      0x145 ./Src/main.o
 .debug_macro   0x0000000000000000       0x16 ./Src/main.o
 .debug_macro   0x0000000000000000       0x35 ./Src/main.o
 .debug_macro   0x0000000000000000       0x20 ./Src/main.o
 .debug_macro   0x0000000000000000       0x64 ./Src/main.o
 .debug_macro   0x0000000000000000       0xa6 ./Src/main.o
 .debug_macro   0x0000000000000000       0x6a ./Src/main.o
 .group         0x0000000000000000        0xc ./Src/rtci2c.o
 .group         0x0000000000000000        0xc ./Src/rtci2c.o
 .group         0x0000000000000000        0xc ./Src/rtci2c.o
 .group         0x0000000000000000        0xc ./Src/rtci2c.o
 .group         0x0000000000000000        0xc ./Src/rtci2c.o
 .group         0x0000000000000000        0xc ./Src/rtci2c.o
 .group         0x0000000000000000        0xc ./Src/rtci2c.o
 .group         0x0000000000000000        0xc ./Src/rtci2c.o
 .group         0x0000000000000000        0xc ./Src/rtci2c.o
 .group         0x0000000000000000        0xc ./Src/rtci2c.o
 .group         0x0000000000000000        0xc ./Src/rtci2c.o
 .group         0x0000000000000000        0xc ./Src/rtci2c.o
 .group         0x0000000000000000        0xc ./Src/rtci2c.o
 .group         0x0000000000000000        0xc ./Src/rtci2c.o
 .group         0x0000000000000000        0xc ./Src/rtci2c.o
 .group         0x0000000000000000        0xc ./Src/rtci2c.o
 .group         0x0000000000000000        0xc ./Src/rtci2c.o
 .group         0x0000000000000000        0xc ./Src/rtci2c.o
 .group         0x0000000000000000        0xc ./Src/rtci2c.o
 .group         0x0000000000000000        0xc ./Src/rtci2c.o
 .group         0x0000000000000000        0xc ./Src/rtci2c.o
 .group         0x0000000000000000        0xc ./Src/rtci2c.o
 .group         0x0000000000000000        0xc ./Src/rtci2c.o
 .group         0x0000000000000000        0xc ./Src/rtci2c.o
 .group         0x0000000000000000        0xc ./Src/rtci2c.o
 .group         0x0000000000000000        0xc ./Src/rtci2c.o
 .group         0x0000000000000000        0xc ./Src/rtci2c.o
 .group         0x0000000000000000        0xc ./Src/rtci2c.o
 .group         0x0000000000000000        0xc ./Src/rtci2c.o
 .group         0x0000000000000000        0xc ./Src/rtci2c.o
 .group         0x0000000000000000        0xc ./Src/rtci2c.o
 .group         0x0000000000000000        0xc ./Src/rtci2c.o
 .group         0x0000000000000000        0xc ./Src/rtci2c.o
 .group         0x0000000000000000        0xc ./Src/rtci2c.o
 .group         0x0000000000000000        0xc ./Src/rtci2c.o
 .group         0x0000000000000000        0xc ./Src/rtci2c.o
 .group         0x0000000000000000        0xc ./Src/rtci2c.o
 .group         0x0000000000000000        0xc ./Src/rtci2c.o
 .group         0x0000000000000000        0xc ./Src/rtci2c.o
 .group         0x0000000000000000        0xc ./Src/rtci2c.o
 .group         0x0000000000000000        0xc ./Src/rtci2c.o
 .text          0x0000000000000000        0x0 ./Src/rtci2c.o
 .data          0x0000000000000000        0x0 ./Src/rtci2c.o
 .bss           0x0000000000000000        0x0 ./Src/rtci2c.o
 .debug_macro   0x0000000000000000      0xa72 ./Src/rtci2c.o
 .debug_macro   0x0000000000000000       0x22 ./Src/rtci2c.o
 .debug_macro   0x0000000000000000       0x8e ./Src/rtci2c.o
 .debug_macro   0x0000000000000000       0x51 ./Src/rtci2c.o
 .debug_macro   0x0000000000000000      0x103 ./Src/rtci2c.o
 .debug_macro   0x0000000000000000       0x6a ./Src/rtci2c.o
 .debug_macro   0x0000000000000000      0x1df ./Src/rtci2c.o
 .debug_macro   0x0000000000000000       0x52 ./Src/rtci2c.o
 .debug_macro   0x0000000000000000       0x18 ./Src/rtci2c.o
 .debug_macro   0x0000000000000000       0x3c ./Src/rtci2c.o
 .debug_macro   0x0000000000000000       0x34 ./Src/rtci2c.o
 .debug_macro   0x0000000000000000       0x16 ./Src/rtci2c.o
 .debug_macro   0x0000000000000000       0x97 ./Src/rtci2c.o
 .debug_macro   0x0000000000000000      0x341 ./Src/rtci2c.o
 .debug_macro   0x0000000000000000       0xfd ./Src/rtci2c.o
 .debug_macro   0x0000000000000000       0x10 ./Src/rtci2c.o
 .debug_macro   0x0000000000000000       0x16 ./Src/rtci2c.o
 .debug_macro   0x0000000000000000       0x43 ./Src/rtci2c.o
 .debug_macro   0x0000000000000000       0x34 ./Src/rtci2c.o
 .debug_macro   0x0000000000000000       0x10 ./Src/rtci2c.o
 .debug_macro   0x0000000000000000       0x58 ./Src/rtci2c.o
 .debug_macro   0x0000000000000000       0x71 ./Src/rtci2c.o
 .debug_macro   0x0000000000000000       0x1c ./Src/rtci2c.o
 .debug_macro   0x0000000000000000      0x12a ./Src/rtci2c.o
 .debug_macro   0x0000000000000000       0x10 ./Src/rtci2c.o
 .debug_macro   0x0000000000000000       0x1c ./Src/rtci2c.o
 .debug_macro   0x0000000000000000       0x52 ./Src/rtci2c.o
 .debug_macro   0x0000000000000000       0x22 ./Src/rtci2c.o
 .debug_macro   0x0000000000000000       0x10 ./Src/rtci2c.o
 .debug_macro   0x0000000000000000       0x52 ./Src/rtci2c.o
 .debug_macro   0x0000000000000000       0xd5 ./Src/rtci2c.o
 .debug_macro   0x0000000000000000       0x1c ./Src/rtci2c.o
 .debug_macro   0x0000000000000000       0x3d ./Src/rtci2c.o
 .debug_macro   0x0000000000000000       0x16 ./Src/rtci2c.o
 .debug_macro   0x0000000000000000      0x145 ./Src/rtci2c.o
 .debug_macro   0x0000000000000000       0x16 ./Src/rtci2c.o
 .debug_macro   0x0000000000000000       0x35 ./Src/rtci2c.o
 .debug_macro   0x0000000000000000       0x20 ./Src/rtci2c.o
 .debug_macro   0x0000000000000000       0x64 ./Src/rtci2c.o
 .debug_macro   0x0000000000000000       0xa6 ./Src/rtci2c.o
 .group         0x0000000000000000        0xc ./Src/syscalls.o
 .group         0x0000000000000000        0xc ./Src/syscalls.o
 .group         0x0000000000000000        0xc ./Src/syscalls.o
 .group         0x0000000000000000        0xc ./Src/syscalls.o
 .group         0x0000000000000000        0xc ./Src/syscalls.o
 .group         0x0000000000000000        0xc ./Src/syscalls.o
 .group         0x0000000000000000        0xc ./Src/syscalls.o
 .group         0x0000000000000000        0xc ./Src/syscalls.o
 .group         0x0000000000000000        0xc ./Src/syscalls.o
 .group         0x0000000000000000        0xc ./Src/syscalls.o
 .group         0x0000000000000000        0xc ./Src/syscalls.o
 .group         0x0000000000000000        0xc ./Src/syscalls.o
 .group         0x0000000000000000        0xc ./Src/syscalls.o
 .group         0x0000000000000000        0xc ./Src/syscalls.o
 .group         0x0000000000000000        0xc ./Src/syscalls.o
 .group         0x0000000000000000        0xc ./Src/syscalls.o
 .group         0x0000000000000000        0xc ./Src/syscalls.o
 .group         0x0000000000000000        0xc ./Src/syscalls.o
 .group         0x0000000000000000        0xc ./Src/syscalls.o
 .group         0x0000000000000000        0xc ./Src/syscalls.o
 .group         0x0000000000000000        0xc ./Src/syscalls.o
 .group         0x0000000000000000        0xc ./Src/syscalls.o
 .group         0x0000000000000000        0xc ./Src/syscalls.o
 .group         0x0000000000000000        0xc ./Src/syscalls.o
 .group         0x0000000000000000        0xc ./Src/syscalls.o
 .group         0x0000000000000000        0xc ./Src/syscalls.o
 .group         0x0000000000000000        0xc ./Src/syscalls.o
 .group         0x0000000000000000        0xc ./Src/syscalls.o
 .group         0x0000000000000000        0xc ./Src/syscalls.o
 .group         0x0000000000000000        0xc ./Src/syscalls.o
 .group         0x0000000000000000        0xc ./Src/syscalls.o
 .group         0x0000000000000000        0xc ./Src/syscalls.o
 .group         0x0000000000000000        0xc ./Src/syscalls.o
 .group         0x0000000000000000        0xc ./Src/syscalls.o
 .group         0x0000000000000000        0xc ./Src/syscalls.o
 .group         0x0000000000000000        0xc ./Src/syscalls.o
 .group         0x0000000000000000        0xc ./Src/syscalls.o
 .group         0x0000000000000000        0xc ./Src/syscalls.o
 .group         0x0000000000000000        0xc ./Src/syscalls.o
 .group         0x0000000000000000        0xc ./Src/syscalls.o
 .group         0x0000000000000000        0xc ./Src/syscalls.o
 .group         0x0000000000000000        0xc ./Src/syscalls.o
 .group         0x0000000000000000        0xc ./Src/syscalls.o
 .group         0x0000000000000000        0xc ./Src/syscalls.o
 .group         0x0000000000000000        0xc ./Src/syscalls.o
 .group         0x0000000000000000        0xc ./Src/syscalls.o
 .group         0x0000000000000000        0xc ./Src/syscalls.o
 .text          0x0000000000000000        0x0 ./Src/syscalls.o
 .data          0x0000000000000000        0x0 ./Src/syscalls.o
 .bss           0x0000000000000000        0x0 ./Src/syscalls.o
 .bss.__env     0x0000000000000000        0x4 ./Src/syscalls.o
 .data.environ  0x0000000000000000        0x4 ./Src/syscalls.o
 .text.initialise_monitor_handles
                0x0000000000000000        0xc ./Src/syscalls.o
 .text._getpid  0x0000000000000000        0xe ./Src/syscalls.o
 .text._kill    0x0000000000000000       0x20 ./Src/syscalls.o
 .text._exit    0x0000000000000000       0x14 ./Src/syscalls.o
 .text._read    0x0000000000000000       0x3a ./Src/syscalls.o
 .text._write   0x0000000000000000       0x38 ./Src/syscalls.o
 .text._close   0x0000000000000000       0x16 ./Src/syscalls.o
 .text._fstat   0x0000000000000000       0x1e ./Src/syscalls.o
 .text._isatty  0x0000000000000000       0x14 ./Src/syscalls.o
 .text._lseek   0x0000000000000000       0x18 ./Src/syscalls.o
 .text._open    0x0000000000000000       0x1a ./Src/syscalls.o
 .text._wait    0x0000000000000000       0x1e ./Src/syscalls.o
 .text._unlink  0x0000000000000000       0x1e ./Src/syscalls.o
 .text._times   0x0000000000000000       0x16 ./Src/syscalls.o
 .text._stat    0x0000000000000000       0x1e ./Src/syscalls.o
 .text._link    0x0000000000000000       0x20 ./Src/syscalls.o
 .text._fork    0x0000000000000000       0x16 ./Src/syscalls.o
 .text._execve  0x0000000000000000       0x22 ./Src/syscalls.o
 .debug_info    0x0000000000000000      0x6e0 ./Src/syscalls.o
 .debug_abbrev  0x0000000000000000      0x1b3 ./Src/syscalls.o
 .debug_aranges
                0x0000000000000000       0xa8 ./Src/syscalls.o
 .debug_ranges  0x0000000000000000       0x98 ./Src/syscalls.o
 .debug_macro   0x0000000000000000      0x24c ./Src/syscalls.o
 .debug_macro   0x0000000000000000      0xa72 ./Src/syscalls.o
 .debug_macro   0x0000000000000000       0x22 ./Src/syscalls.o
 .debug_macro   0x0000000000000000       0x4c ./Src/syscalls.o
 .debug_macro   0x0000000000000000       0x18 ./Src/syscalls.o
 .debug_macro   0x0000000000000000       0x94 ./Src/syscalls.o
 .debug_macro   0x0000000000000000       0x3c ./Src/syscalls.o
 .debug_macro   0x0000000000000000       0x34 ./Src/syscalls.o
 .debug_macro   0x0000000000000000       0x57 ./Src/syscalls.o
 .debug_macro   0x0000000000000000      0x174 ./Src/syscalls.o
 .debug_macro   0x0000000000000000      0x341 ./Src/syscalls.o
 .debug_macro   0x0000000000000000       0x16 ./Src/syscalls.o
 .debug_macro   0x0000000000000000       0x43 ./Src/syscalls.o
 .debug_macro   0x0000000000000000       0x34 ./Src/syscalls.o
 .debug_macro   0x0000000000000000       0x10 ./Src/syscalls.o
 .debug_macro   0x0000000000000000       0x58 ./Src/syscalls.o
 .debug_macro   0x0000000000000000       0x71 ./Src/syscalls.o
 .debug_macro   0x0000000000000000       0x1c ./Src/syscalls.o
 .debug_macro   0x0000000000000000      0x12a ./Src/syscalls.o
 .debug_macro   0x0000000000000000       0x10 ./Src/syscalls.o
 .debug_macro   0x0000000000000000       0x35 ./Src/syscalls.o
 .debug_macro   0x0000000000000000       0x10 ./Src/syscalls.o
 .debug_macro   0x0000000000000000       0x10 ./Src/syscalls.o
 .debug_macro   0x0000000000000000       0x10 ./Src/syscalls.o
 .debug_macro   0x0000000000000000       0x6a ./Src/syscalls.o
 .debug_macro   0x0000000000000000       0x1c ./Src/syscalls.o
 .debug_macro   0x0000000000000000       0x52 ./Src/syscalls.o
 .debug_macro   0x0000000000000000       0x22 ./Src/syscalls.o
 .debug_macro   0x0000000000000000       0x10 ./Src/syscalls.o
 .debug_macro   0x0000000000000000       0x52 ./Src/syscalls.o
 .debug_macro   0x0000000000000000       0xd5 ./Src/syscalls.o
 .debug_macro   0x0000000000000000       0x1c ./Src/syscalls.o
 .debug_macro   0x0000000000000000       0x3d ./Src/syscalls.o
 .debug_macro   0x0000000000000000       0x35 ./Src/syscalls.o
 .debug_macro   0x0000000000000000      0x12c ./Src/syscalls.o
 .debug_macro   0x0000000000000000       0x16 ./Src/syscalls.o
 .debug_macro   0x0000000000000000       0x16 ./Src/syscalls.o
 .debug_macro   0x0000000000000000       0x29 ./Src/syscalls.o
 .debug_macro   0x0000000000000000       0x10 ./Src/syscalls.o
 .debug_macro   0x0000000000000000      0x241 ./Src/syscalls.o
 .debug_macro   0x0000000000000000       0x1c ./Src/syscalls.o
 .debug_macro   0x0000000000000000       0x10 ./Src/syscalls.o
 .debug_macro   0x0000000000000000       0x10 ./Src/syscalls.o
 .debug_macro   0x0000000000000000       0x16 ./Src/syscalls.o
 .debug_macro   0x0000000000000000      0x145 ./Src/syscalls.o
 .debug_macro   0x0000000000000000      0x189 ./Src/syscalls.o
 .debug_macro   0x0000000000000000       0x16 ./Src/syscalls.o
 .debug_macro   0x0000000000000000       0xce ./Src/syscalls.o
 .debug_line    0x0000000000000000      0x7ef ./Src/syscalls.o
 .debug_str     0x0000000000000000     0x8a1c ./Src/syscalls.o
 .comment       0x0000000000000000       0x51 ./Src/syscalls.o
 .debug_frame   0x0000000000000000      0x2ac ./Src/syscalls.o
 .ARM.attributes
                0x0000000000000000       0x2d ./Src/syscalls.o
 .group         0x0000000000000000        0xc ./Src/sysmem.o
 .group         0x0000000000000000        0xc ./Src/sysmem.o
 .group         0x0000000000000000        0xc ./Src/sysmem.o
 .group         0x0000000000000000        0xc ./Src/sysmem.o
 .group         0x0000000000000000        0xc ./Src/sysmem.o
 .group         0x0000000000000000        0xc ./Src/sysmem.o
 .group         0x0000000000000000        0xc ./Src/sysmem.o
 .group         0x0000000000000000        0xc ./Src/sysmem.o
 .group         0x0000000000000000        0xc ./Src/sysmem.o
 .group         0x0000000000000000        0xc ./Src/sysmem.o
 .group         0x0000000000000000        0xc ./Src/sysmem.o
 .group         0x0000000000000000        0xc ./Src/sysmem.o
 .group         0x0000000000000000        0xc ./Src/sysmem.o
 .group         0x0000000000000000        0xc ./Src/sysmem.o
 .group         0x0000000000000000        0xc ./Src/sysmem.o
 .group         0x0000000000000000        0xc ./Src/sysmem.o
 .group         0x0000000000000000        0xc ./Src/sysmem.o
 .group         0x0000000000000000        0xc ./Src/sysmem.o
 .group         0x0000000000000000        0xc ./Src/sysmem.o
 .group         0x0000000000000000        0xc ./Src/sysmem.o
 .group         0x0000000000000000        0xc ./Src/sysmem.o
 .group         0x0000000000000000        0xc ./Src/sysmem.o
 .text          0x0000000000000000        0x0 ./Src/sysmem.o
 .data          0x0000000000000000        0x0 ./Src/sysmem.o
 .bss           0x0000000000000000        0x0 ./Src/sysmem.o
 .bss.__sbrk_heap_end
                0x0000000000000000        0x4 ./Src/sysmem.o
 .text._sbrk    0x0000000000000000       0x6c ./Src/sysmem.o
 .debug_info    0x0000000000000000      0x171 ./Src/sysmem.o
 .debug_abbrev  0x0000000000000000       0xbb ./Src/sysmem.o
 .debug_aranges
                0x0000000000000000       0x20 ./Src/sysmem.o
 .debug_ranges  0x0000000000000000       0x10 ./Src/sysmem.o
 .debug_macro   0x0000000000000000       0xff ./Src/sysmem.o
 .debug_macro   0x0000000000000000      0xa72 ./Src/sysmem.o
 .debug_macro   0x0000000000000000       0x10 ./Src/sysmem.o
 .debug_macro   0x0000000000000000       0x22 ./Src/sysmem.o
 .debug_macro   0x0000000000000000       0x4c ./Src/sysmem.o
 .debug_macro   0x0000000000000000       0x18 ./Src/sysmem.o
 .debug_macro   0x0000000000000000       0x94 ./Src/sysmem.o
 .debug_macro   0x0000000000000000       0x3c ./Src/sysmem.o
 .debug_macro   0x0000000000000000       0x34 ./Src/sysmem.o
 .debug_macro   0x0000000000000000      0x174 ./Src/sysmem.o
 .debug_macro   0x0000000000000000       0x16 ./Src/sysmem.o
 .debug_macro   0x0000000000000000       0x43 ./Src/sysmem.o
 .debug_macro   0x0000000000000000       0x57 ./Src/sysmem.o
 .debug_macro   0x0000000000000000       0x34 ./Src/sysmem.o
 .debug_macro   0x0000000000000000       0x10 ./Src/sysmem.o
 .debug_macro   0x0000000000000000       0x58 ./Src/sysmem.o
 .debug_macro   0x0000000000000000       0x71 ./Src/sysmem.o
 .debug_macro   0x0000000000000000       0x1c ./Src/sysmem.o
 .debug_macro   0x0000000000000000      0x12a ./Src/sysmem.o
 .debug_macro   0x0000000000000000      0x23b ./Src/sysmem.o
 .debug_macro   0x0000000000000000      0x103 ./Src/sysmem.o
 .debug_macro   0x0000000000000000       0x6a ./Src/sysmem.o
 .debug_macro   0x0000000000000000      0x1df ./Src/sysmem.o
 .debug_line    0x0000000000000000      0x4e5 ./Src/sysmem.o
 .debug_str     0x0000000000000000     0x5d58 ./Src/sysmem.o
 .comment       0x0000000000000000       0x51 ./Src/sysmem.o
 .debug_frame   0x0000000000000000       0x34 ./Src/sysmem.o
 .ARM.attributes
                0x0000000000000000       0x2d ./Src/sysmem.o
 .text          0x0000000000000000       0x14 ./Startup/startup_stm32f103c8tx.o
 .data          0x0000000000000000        0x0 ./Startup/startup_stm32f103c8tx.o
 .bss           0x0000000000000000        0x0 ./Startup/startup_stm32f103c8tx.o
 .text          0x0000000000000000        0x0 c:/st/stm32cubeide_1.10.1/stm32cubeide/plugins/com.st.stm32cube.ide.mcu.externaltools.gnu-tools-for-stm32.10.3-2021.10.win32_1.0.0.202111181127/tools/bin/../lib/gcc/arm-none-eabi/10.3.1/../../../../arm-none-eabi/lib/thumb/v7-m/nofp\libc_nano.a(lib_a-errno.o)
 .data          0x0000000000000000        0x0 c:/st/stm32cubeide_1.10.1/stm32cubeide/plugins/com.st.stm32cube.ide.mcu.externaltools.gnu-tools-for-stm32.10.3-2021.10.win32_1.0.0.202111181127/tools/bin/../lib/gcc/arm-none-eabi/10.3.1/../../../../arm-none-eabi/lib/thumb/v7-m/nofp\libc_nano.a(lib_a-errno.o)
 .bss           0x0000000000000000        0x0 c:/st/stm32cubeide_1.10.1/stm32cubeide/plugins/com.st.stm32cube.ide.mcu.externaltools.gnu-tools-for-stm32.10.3-2021.10.win32_1.0.0.202111181127/tools/bin/../lib/gcc/arm-none-eabi/10.3.1/../../../../arm-none-eabi/lib/thumb/v7-m/nofp\libc_nano.a(lib_a-errno.o)
 .text.__errno  0x0000000000000000        0xc c:/st/stm32cubeide_1.10.1/stm32cubeide/plugins/com.st.stm32cube.ide.mcu.externaltools.gnu-tools-for-stm32.10.3-2021.10.win32_1.0.0.202111181127/tools/bin/../lib/gcc/arm-none-eabi/10.3.1/../../../../arm-none-eabi/lib/thumb/v7-m/nofp\libc_nano.a(lib_a-errno.o)
 .debug_frame   0x0000000000000000       0x20 c:/st/stm32cubeide_1.10.1/stm32cubeide/plugins/com.st.stm32cube.ide.mcu.externaltools.gnu-tools-for-stm32.10.3-2021.10.win32_1.0.0.202111181127/tools/bin/../lib/gcc/arm-none-eabi/10.3.1/../../../../arm-none-eabi/lib/thumb/v7-m/nofp\libc_nano.a(lib_a-errno.o)
 .ARM.attributes
                0x0000000000000000       0x2d c:/st/stm32cubeide_1.10.1/stm32cubeide/plugins/com.st.stm32cube.ide.mcu.externaltools.gnu-tools-for-stm32.10.3-2021.10.win32_1.0.0.202111181127/tools/bin/../lib/gcc/arm-none-eabi/10.3.1/../../../../arm-none-eabi/lib/thumb/v7-m/nofp\libc_nano.a(lib_a-errno.o)
 .text          0x0000000000000000        0x0 c:/st/stm32cubeide_1.10.1/stm32cubeide/plugins/com.st.stm32cube.ide.mcu.externaltools.gnu-tools-for-stm32.10.3-2021.10.win32_1.0.0.202111181127/tools/bin/../lib/gcc/arm-none-eabi/10.3.1/../../../../arm-none-eabi/lib/thumb/v7-m/nofp\libc_nano.a(lib_a-exit.o)
 .data          0x0000000000000000        0x0 c:/st/stm32cubeide_1.10.1/stm32cubeide/plugins/com.st.stm32cube.ide.mcu.externaltools.gnu-tools-for-stm32.10.3-2021.10.win32_1.0.0.202111181127/tools/bin/../lib/gcc/arm-none-eabi/10.3.1/../../../../arm-none-eabi/lib/thumb/v7-m/nofp\libc_nano.a(lib_a-exit.o)
 .bss           0x0000000000000000        0x0 c:/st/stm32cubeide_1.10.1/stm32cubeide/plugins/com.st.stm32cube.ide.mcu.externaltools.gnu-tools-for-stm32.10.3-2021.10.win32_1.0.0.202111181127/tools/bin/../lib/gcc/arm-none-eabi/10.3.1/../../../../arm-none-eabi/lib/thumb/v7-m/nofp\libc_nano.a(lib_a-exit.o)
 .text.exit     0x0000000000000000       0x28 c:/st/stm32cubeide_1.10.1/stm32cubeide/plugins/com.st.stm32cube.ide.mcu.externaltools.gnu-tools-for-stm32.10.3-2021.10.win32_1.0.0.202111181127/tools/bin/../lib/gcc/arm-none-eabi/10.3.1/../../../../arm-none-eabi/lib/thumb/v7-m/nofp\libc_nano.a(lib_a-exit.o)
 .debug_frame   0x0000000000000000       0x28 c:/st/stm32cubeide_1.10.1/stm32cubeide/plugins/com.st.stm32cube.ide.mcu.externaltools.gnu-tools-for-stm32.10.3-2021.10.win32_1.0.0.202111181127/tools/bin/../lib/gcc/arm-none-eabi/10.3.1/../../../../arm-none-eabi/lib/thumb/v7-m/nofp\libc_nano.a(lib_a-exit.o)
 .ARM.attributes
                0x0000000000000000       0x2d c:/st/stm32cubeide_1.10.1/stm32cubeide/plugins/com.st.stm32cube.ide.mcu.externaltools.gnu-tools-for-stm32.10.3-2021.10.win32_1.0.0.202111181127/tools/bin/../lib/gcc/arm-none-eabi/10.3.1/../../../../arm-none-eabi/lib/thumb/v7-m/nofp\libc_nano.a(lib_a-exit.o)
 .text          0x0000000000000000        0x0 c:/st/stm32cubeide_1.10.1/stm32cubeide/plugins/com.st.stm32cube.ide.mcu.externaltools.gnu-tools-for-stm32.10.3-2021.10.win32_1.0.0.202111181127/tools/bin/../lib/gcc/arm-none-eabi/10.3.1/../../../../arm-none-eabi/lib/thumb/v7-m/nofp\libc_nano.a(lib_a-impure.o)
 .data          0x0000000000000000        0x0 c:/st/stm32cubeide_1.10.1/stm32cubeide/plugins/com.st.stm32cube.ide.mcu.externaltools.gnu-tools-for-stm32.10.3-2021.10.win32_1.0.0.202111181127/tools/bin/../lib/gcc/arm-none-eabi/10.3.1/../../../../arm-none-eabi/lib/thumb/v7-m/nofp\libc_nano.a(lib_a-impure.o)
 .bss           0x0000000000000000        0x0 c:/st/stm32cubeide_1.10.1/stm32cubeide/plugins/com.st.stm32cube.ide.mcu.externaltools.gnu-tools-for-stm32.10.3-2021.10.win32_1.0.0.202111181127/tools/bin/../lib/gcc/arm-none-eabi/10.3.1/../../../../arm-none-eabi/lib/thumb/v7-m/nofp\libc_nano.a(lib_a-impure.o)
 .data._impure_ptr
                0x0000000000000000        0x4 c:/st/stm32cubeide_1.10.1/stm32cubeide/plugins/com.st.stm32cube.ide.mcu.externaltools.gnu-tools-for-stm32.10.3-2021.10.win32_1.0.0.202111181127/tools/bin/../lib/gcc/arm-none-eabi/10.3.1/../../../../arm-none-eabi/lib/thumb/v7-m/nofp\libc_nano.a(lib_a-impure.o)
 .data.impure_data
                0x0000000000000000       0x60 c:/st/stm32cubeide_1.10.1/stm32cubeide/plugins/com.st.stm32cube.ide.mcu.externaltools.gnu-tools-for-stm32.10.3-2021.10.win32_1.0.0.202111181127/tools/bin/../lib/gcc/arm-none-eabi/10.3.1/../../../../arm-none-eabi/lib/thumb/v7-m/nofp\libc_nano.a(lib_a-impure.o)
 .rodata._global_impure_ptr
                0x0000000000000000        0x4 c:/st/stm32cubeide_1.10.1/stm32cubeide/plugins/com.st.stm32cube.ide.mcu.externaltools.gnu-tools-for-stm32.10.3-2021.10.win32_1.0.0.202111181127/tools/bin/../lib/gcc/arm-none-eabi/10.3.1/../../../../arm-none-eabi/lib/thumb/v7-m/nofp\libc_nano.a(lib_a-impure.o)
 .ARM.attributes
                0x0000000000000000       0x2d c:/st/stm32cubeide_1.10.1/stm32cubeide/plugins/com.st.stm32cube.ide.mcu.externaltools.gnu-tools-for-stm32.10.3-2021.10.win32_1.0.0.202111181127/tools/bin/../lib/gcc/arm-none-eabi/10.3.1/../../../../arm-none-eabi/lib/thumb/v7-m/nofp\libc_nano.a(lib_a-impure.o)
 .text          0x0000000000000000        0x0 c:/st/stm32cubeide_1.10.1/stm32cubeide/plugins/com.st.stm32cube.ide.mcu.externaltools.gnu-tools-for-stm32.10.3-2021.10.win32_1.0.0.202111181127/tools/bin/../lib/gcc/arm-none-eabi/10.3.1/../../../../arm-none-eabi/lib/thumb/v7-m/nofp\libc_nano.a(lib_a-init.o)
 .data          0x0000000000000000        0x0 c:/st/stm32cubeide_1.10.1/stm32cubeide/plugins/com.st.stm32cube.ide.mcu.externaltools.gnu-tools-for-stm32.10.3-2021.10.win32_1.0.0.202111181127/tools/bin/../lib/gcc/arm-none-eabi/10.3.1/../../../../arm-none-eabi/lib/thumb/v7-m/nofp\libc_nano.a(lib_a-init.o)
 .bss           0x0000000000000000        0x0 c:/st/stm32cubeide_1.10.1/stm32cubeide/plugins/com.st.stm32cube.ide.mcu.externaltools.gnu-tools-for-stm32.10.3-2021.10.win32_1.0.0.202111181127/tools/bin/../lib/gcc/arm-none-eabi/10.3.1/../../../../arm-none-eabi/lib/thumb/v7-m/nofp\libc_nano.a(lib_a-init.o)
 .text          0x0000000000000000        0x0 c:/st/stm32cubeide_1.10.1/stm32cubeide/plugins/com.st.stm32cube.ide.mcu.externaltools.gnu-tools-for-stm32.10.3-2021.10.win32_1.0.0.202111181127/tools/bin/../lib/gcc/arm-none-eabi/10.3.1/../../../../arm-none-eabi/lib/thumb/v7-m/nofp\libc_nano.a(lib_a-memset.o)
 .data          0x0000000000000000        0x0 c:/st/stm32cubeide_1.10.1/stm32cubeide/plugins/com.st.stm32cube.ide.mcu.externaltools.gnu-tools-for-stm32.10.3-2021.10.win32_1.0.0.202111181127/tools/bin/../lib/gcc/arm-none-eabi/10.3.1/../../../../arm-none-eabi/lib/thumb/v7-m/nofp\libc_nano.a(lib_a-memset.o)
 .bss           0x0000000000000000        0x0 c:/st/stm32cubeide_1.10.1/stm32cubeide/plugins/com.st.stm32cube.ide.mcu.externaltools.gnu-tools-for-stm32.10.3-2021.10.win32_1.0.0.202111181127/tools/bin/../lib/gcc/arm-none-eabi/10.3.1/../../../../arm-none-eabi/lib/thumb/v7-m/nofp\libc_nano.a(lib_a-memset.o)
 .text.memset   0x0000000000000000       0x10 c:/st/stm32cubeide_1.10.1/stm32cubeide/plugins/com.st.stm32cube.ide.mcu.externaltools.gnu-tools-for-stm32.10.3-2021.10.win32_1.0.0.202111181127/tools/bin/../lib/gcc/arm-none-eabi/10.3.1/../../../../arm-none-eabi/lib/thumb/v7-m/nofp\libc_nano.a(lib_a-memset.o)
 .debug_frame   0x0000000000000000       0x20 c:/st/stm32cubeide_1.10.1/stm32cubeide/plugins/com.st.stm32cube.ide.mcu.externaltools.gnu-tools-for-stm32.10.3-2021.10.win32_1.0.0.202111181127/tools/bin/../lib/gcc/arm-none-eabi/10.3.1/../../../../arm-none-eabi/lib/thumb/v7-m/nofp\libc_nano.a(lib_a-memset.o)
 .ARM.attributes
                0x0000000000000000       0x2d c:/st/stm32cubeide_1.10.1/stm32cubeide/plugins/com.st.stm32cube.ide.mcu.externaltools.gnu-tools-for-stm32.10.3-2021.10.win32_1.0.0.202111181127/tools/bin/../lib/gcc/arm-none-eabi/10.3.1/../../../../arm-none-eabi/lib/thumb/v7-m/nofp\libc_nano.a(lib_a-memset.o)
 .text          0x0000000000000000        0x0 c:/st/stm32cubeide_1.10.1/stm32cubeide/plugins/com.st.stm32cube.ide.mcu.externaltools.gnu-tools-for-stm32.10.3-2021.10.win32_1.0.0.202111181127/tools/bin/../lib/gcc/arm-none-eabi/10.3.1/thumb/v7-m/nofp/crtend.o
 .data          0x0000000000000000        0x0 c:/st/stm32cubeide_1.10.1/stm32cubeide/plugins/com.st.stm32cube.ide.mcu.externaltools.gnu-tools-for-stm32.10.3-2021.10.win32_1.0.0.202111181127/tools/bin/../lib/gcc/arm-none-eabi/10.3.1/thumb/v7-m/nofp/crtend.o
 .bss           0x0000000000000000        0x0 c:/st/stm32cubeide_1.10.1/stm32cubeide/plugins/com.st.stm32cube.ide.mcu.externaltools.gnu-tools-for-stm32.10.3-2021.10.win32_1.0.0.202111181127/tools/bin/../lib/gcc/arm-none-eabi/10.3.1/thumb/v7-m/nofp/crtend.o
 .rodata        0x0000000000000000       0x24 c:/st/stm32cubeide_1.10.1/stm32cubeide/plugins/com.st.stm32cube.ide.mcu.externaltools.gnu-tools-for-stm32.10.3-2021.10.win32_1.0.0.202111181127/tools/bin/../lib/gcc/arm-none-eabi/10.3.1/thumb/v7-m/nofp/crtend.o
 .eh_frame      0x0000000000000000        0x4 c:/st/stm32cubeide_1.10.1/stm32cubeide/plugins/com.st.stm32cube.ide.mcu.externaltools.gnu-tools-for-stm32.10.3-2021.10.win32_1.0.0.202111181127/tools/bin/../lib/gcc/arm-none-eabi/10.3.1/thumb/v7-m/nofp/crtend.o
 .ARM.attributes
                0x0000000000000000       0x2d c:/st/stm32cubeide_1.10.1/stm32cubeide/plugins/com.st.stm32cube.ide.mcu.externaltools.gnu-tools-for-stm32.10.3-2021.10.win32_1.0.0.202111181127/tools/bin/../lib/gcc/arm-none-eabi/10.3.1/thumb/v7-m/nofp/crtend.o
 .text          0x0000000000000000        0x0 c:/st/stm32cubeide_1.10.1/stm32cubeide/plugins/com.st.stm32cube.ide.mcu.externaltools.gnu-tools-for-stm32.10.3-2021.10.win32_1.0.0.202111181127/tools/bin/../lib/gcc/arm-none-eabi/10.3.1/thumb/v7-m/nofp/crtn.o
 .data          0x0000000000000000        0x0 c:/st/stm32cubeide_1.10.1/stm32cubeide/plugins/com.st.stm32cube.ide.mcu.externaltools.gnu-tools-for-stm32.10.3-2021.10.win32_1.0.0.202111181127/tools/bin/../lib/gcc/arm-none-eabi/10.3.1/thumb/v7-m/nofp/crtn.o
 .bss           0x0000000000000000        0x0 c:/st/stm32cubeide_1.10.1/stm32cubeide/plugins/com.st.stm32cube.ide.mcu.externaltools.gnu-tools-for-stm32.10.3-2021.10.win32_1.0.0.202111181127/tools/bin/../lib/gcc/arm-none-eabi/10.3.1/thumb/v7-m/nofp/crtn.o

Memory Configuration

Name             Origin             Length             Attributes
RAM              0x0000000020000000 0x0000000000005000 xrw
FLASH            0x0000000008000000 0x0000000000010000 xr
*default*        0x0000000000000000 0xffffffffffffffff

Linker script and memory map

LOAD c:/st/stm32cubeide_1.10.1/stm32cubeide/plugins/com.st.stm32cube.ide.mcu.externaltools.gnu-tools-for-stm32.10.3-2021.10.win32_1.0.0.202111181127/tools/bin/../lib/gcc/arm-none-eabi/10.3.1/thumb/v7-m/nofp/crti.o
LOAD c:/st/stm32cubeide_1.10.1/stm32cubeide/plugins/com.st.stm32cube.ide.mcu.externaltools.gnu-tools-for-stm32.10.3-2021.10.win32_1.0.0.202111181127/tools/bin/../lib/gcc/arm-none-eabi/10.3.1/thumb/v7-m/nofp/crtbegin.o
LOAD c:/st/stm32cubeide_1.10.1/stm32cubeide/plugins/com.st.stm32cube.ide.mcu.externaltools.gnu-tools-for-stm32.10.3-2021.10.win32_1.0.0.202111181127/tools/bin/../lib/gcc/arm-none-eabi/10.3.1/../../../../arm-none-eabi/lib/thumb/v7-m/nofp/crt0.o
LOAD ./Src/alarmled.o
LOAD ./Src/clocksettings.o
LOAD ./Src/main.o
LOAD ./Src/rtci2c.o
LOAD ./Src/syscalls.o
LOAD ./Src/sysmem.o
LOAD ./Startup/startup_stm32f103c8tx.o
START GROUP
LOAD c:/st/stm32cubeide_1.10.1/stm32cubeide/plugins/com.st.stm32cube.ide.mcu.externaltools.gnu-tools-for-stm32.10.3-2021.10.win32_1.0.0.202111181127/tools/bin/../lib/gcc/arm-none-eabi/10.3.1/../../../../arm-none-eabi/lib/thumb/v7-m/nofp\libc_nano.a
LOAD c:/st/stm32cubeide_1.10.1/stm32cubeide/plugins/com.st.stm32cube.ide.mcu.externaltools.gnu-tools-for-stm32.10.3-2021.10.win32_1.0.0.202111181127/tools/bin/../lib/gcc/arm-none-eabi/10.3.1/../../../../arm-none-eabi/lib/thumb/v7-m/nofp\libm.a
END GROUP
START GROUP
LOAD c:/st/stm32cubeide_1.10.1/stm32cubeide/plugins/com.st.stm32cube.ide.mcu.externaltools.gnu-tools-for-stm32.10.3-2021.10.win32_1.0.0.202111181127/tools/bin/../lib/gcc/arm-none-eabi/10.3.1/thumb/v7-m/nofp\libgcc.a
LOAD c:/st/stm32cubeide_1.10.1/stm32cubeide/plugins/com.st.stm32cube.ide.mcu.externaltools.gnu-tools-for-stm32.10.3-2021.10.win32_1.0.0.202111181127/tools/bin/../lib/gcc/arm-none-eabi/10.3.1/../../../../arm-none-eabi/lib/thumb/v7-m/nofp\libc_nano.a
END GROUP
START GROUP
LOAD c:/st/stm32cubeide_1.10.1/stm32cubeide/plugins/com.st.stm32cube.ide.mcu.externaltools.gnu-tools-for-stm32.10.3-2021.10.win32_1.0.0.202111181127/tools/bin/../lib/gcc/arm-none-eabi/10.3.1/thumb/v7-m/nofp\libgcc.a
LOAD c:/st/stm32cubeide_1.10.1/stm32cubeide/plugins/com.st.stm32cube.ide.mcu.externaltools.gnu-tools-for-stm32.10.3-2021.10.win32_1.0.0.202111181127/tools/bin/../lib/gcc/arm-none-eabi/10.3.1/../../../../arm-none-eabi/lib/thumb/v7-m/nofp\libc_nano.a
LOAD c:/st/stm32cubeide_1.10.1/stm32cubeide/plugins/com.st.stm32cube.ide.mcu.externaltools.gnu-tools-for-stm32.10.3-2021.10.win32_1.0.0.202111181127/tools/bin/../lib/gcc/arm-none-eabi/10.3.1/../../../../arm-none-eabi/lib/thumb/v7-m/nofp\libnosys.a
END GROUP
START GROUP
LOAD c:/st/stm32cubeide_1.10.1/stm32cubeide/plugins/com.st.stm32cube.ide.mcu.externaltools.gnu-tools-for-stm32.10.3-2021.10.win32_1.0.0.202111181127/tools/bin/../lib/gcc/arm-none-eabi/10.3.1/thumb/v7-m/nofp\libgcc.a
LOAD c:/st/stm32cubeide_1.10.1/stm32cubeide/plugins/com.st.stm32cube.ide.mcu.externaltools.gnu-tools-for-stm32.10.3-2021.10.win32_1.0.0.202111181127/tools/bin/../lib/gcc/arm-none-eabi/10.3.1/../../../../arm-none-eabi/lib/thumb/v7-m/nofp\libc_nano.a
LOAD c:/st/stm32cubeide_1.10.1/stm32cubeide/plugins/com.st.stm32cube.ide.mcu.externaltools.gnu-tools-for-stm32.10.3-2021.10.win32_1.0.0.202111181127/tools/bin/../lib/gcc/arm-none-eabi/10.3.1/../../../../arm-none-eabi/lib/thumb/v7-m/nofp\libnosys.a
END GROUP
LOAD c:/st/stm32cubeide_1.10.1/stm32cubeide/plugins/com.st.stm32cube.ide.mcu.externaltools.gnu-tools-for-stm32.10.3-2021.10.win32_1.0.0.202111181127/tools/bin/../lib/gcc/arm-none-eabi/10.3.1/thumb/v7-m/nofp/crtend.o
LOAD c:/st/stm32cubeide_1.10.1/stm32cubeide/plugins/com.st.stm32cube.ide.mcu.externaltools.gnu-tools-for-stm32.10.3-2021.10.win32_1.0.0.202111181127/tools/bin/../lib/gcc/arm-none-eabi/10.3.1/thumb/v7-m/nofp/crtn.o
                0x0000000020005000                _estack = (ORIGIN (RAM) + LENGTH (RAM))
                0x0000000000000200                _Min_Heap_Size = 0x200
                0x0000000000000400                _Min_Stack_Size = 0x400

.isr_vector     0x0000000008000000      0x130
                0x0000000008000000                . = ALIGN (0x4)
 *(.isr_vector)
 .isr_vector    0x0000000008000000      0x130 ./Startup/startup_stm32f103c8tx.o
                0x0000000008000000                g_pfnVectors
                0x0000000008000130                . = ALIGN (0x4)

.text           0x0000000008000130      0xcb0
                0x0000000008000130                . = ALIGN (0x4)
 *(.text)
 .text          0x0000000008000130       0x40 c:/st/stm32cubeide_1.10.1/stm32cubeide/plugins/com.st.stm32cube.ide.mcu.externaltools.gnu-tools-for-stm32.10.3-2021.10.win32_1.0.0.202111181127/tools/bin/../lib/gcc/arm-none-eabi/10.3.1/thumb/v7-m/nofp/crtbegin.o
 *(.text*)
 .text.LED_Initalize
                0x0000000008000170      0x164 ./Src/alarmled.o
                0x0000000008000170                LED_Initalize
 .text.buttons_intalize
                0x00000000080002d4       0xe8 ./Src/clocksettings.o
                0x00000000080002d4                buttons_intalize
 .text.main     0x00000000080003bc      0x294 ./Src/main.o
                0x00000000080003bc                main
 .text.EXTI0_IRQHandler
                0x0000000008000650       0x40 ./Src/main.o
                0x0000000008000650                EXTI0_IRQHandler
 .text.EXTI1_IRQHandler
                0x0000000008000690       0x3c ./Src/main.o
                0x0000000008000690                EXTI1_IRQHandler
 .text.TIM3_IRQHandler
                0x00000000080006cc       0x5c ./Src/main.o
                0x00000000080006cc                TIM3_IRQHandler
 .text.TIM4_IRQHandler
                0x0000000008000728       0x18 ./Src/main.o
                0x0000000008000728                TIM4_IRQHandler
 .text.binary_to_bcd
                0x0000000008000740       0x58 ./Src/rtci2c.o
                0x0000000008000740                binary_to_bcd
 .text.bcd_to_binary
                0x0000000008000798       0x36 ./Src/rtci2c.o
                0x0000000008000798                bcd_to_binary
 *fill*         0x00000000080007ce        0x2 
 .text.I2C_SendData
                0x00000000080007d0       0xa8 ./Src/rtci2c.o
                0x00000000080007d0                I2C_SendData
 .text.I2C_RecieveData
                0x0000000008000878       0xd0 ./Src/rtci2c.o
                0x0000000008000878                I2C_RecieveData
 .text.ds1307_write
                0x0000000008000948       0x2e ./Src/rtci2c.o
                0x0000000008000948                ds1307_write
 .text.ds1307_read
                0x0000000008000976       0x26 ./Src/rtci2c.o
                0x0000000008000976                ds1307_read
 .text.ds1307_set_current_time
                0x000000000800099c       0x92 ./Src/rtci2c.o
                0x000000000800099c                ds1307_set_current_time
 .text.ds1307_get_current_time
                0x0000000008000a2e       0x96 ./Src/rtci2c.o
                0x0000000008000a2e                ds1307_get_current_time
 .text.updateClockTime
                0x0000000008000ac4      0x1e0 ./Src/rtci2c.o
                0x0000000008000ac4                updateClockTime
 .text.I2C_initalize
                0x0000000008000ca4       0x88 ./Src/rtci2c.o
                0x0000000008000ca4                I2C_initalize
 .text.Reset_Handler
                0x0000000008000d2c       0x50 ./Startup/startup_stm32f103c8tx.o
                0x0000000008000d2c                Reset_Handler
 .text.Default_Handler
                0x0000000008000d7c        0x2 ./Startup/startup_stm32f103c8tx.o
                0x0000000008000d7c                EXTI2_IRQHandler
                0x0000000008000d7c                TIM8_TRG_COM_IRQHandler
                0x0000000008000d7c                TIM8_CC_IRQHandler
                0x0000000008000d7c                DebugMon_Handler
                0x0000000008000d7c                TIM1_CC_IRQHandler
                0x0000000008000d7c                HardFault_Handler
                0x0000000008000d7c                TIM6_IRQHandler
                0x0000000008000d7c                SysTick_Handler
                0x0000000008000d7c                PVD_IRQHandler
                0x0000000008000d7c                SDIO_IRQHandler
                0x0000000008000d7c                PendSV_Handler
                0x0000000008000d7c                NMI_Handler
                0x0000000008000d7c                EXTI3_IRQHandler
                0x0000000008000d7c                USB_HP_CAN_TX_IRQHandler
                0x0000000008000d7c                I2C2_EV_IRQHandler
                0x0000000008000d7c                UsageFault_Handler
                0x0000000008000d7c                ADC1_2_IRQHandler
                0x0000000008000d7c                SPI1_IRQHandler
                0x0000000008000d7c                CAN_SCE_IRQHandler
                0x0000000008000d7c                TAMPER_IRQHandler
                0x0000000008000d7c                TIM8_UP_IRQHandler
                0x0000000008000d7c                DMA2_Channel2_IRQHandler
                0x0000000008000d7c                DMA1_Channel4_IRQHandler
                0x0000000008000d7c                USART3_IRQHandler
                0x0000000008000d7c                RTC_IRQHandler
                0x0000000008000d7c                DMA1_Channel7_IRQHandler
                0x0000000008000d7c                UART5_IRQHandler
                0x0000000008000d7c                ADC3_IRQHandler
                0x0000000008000d7c                CAN_RX1_IRQHandler
                0x0000000008000d7c                DMA2_Channel1_IRQHandler
                0x0000000008000d7c                I2C1_EV_IRQHandler
                0x0000000008000d7c                DMA1_Channel6_IRQHandler
                0x0000000008000d7c                UART4_IRQHandler
                0x0000000008000d7c                RCC_IRQHandler
                0x0000000008000d7c                TIM1_TRG_COM_IRQHandler
                0x0000000008000d7c                DMA1_Channel1_IRQHandler
                0x0000000008000d7c                Default_Handler
                0x0000000008000d7c                EXTI15_10_IRQHandler
                0x0000000008000d7c                TIM7_IRQHandler
                0x0000000008000d7c                TIM5_IRQHandler
                0x0000000008000d7c                EXTI9_5_IRQHandler
                0x0000000008000d7c                SPI2_IRQHandler
                0x0000000008000d7c                USB_LP_CAN_RX0_IRQHandler
                0x0000000008000d7c                MemManage_Handler
                0x0000000008000d7c                SVC_Handler
                0x0000000008000d7c                DMA1_Channel5_IRQHandler
                0x0000000008000d7c                EXTI4_IRQHandler
                0x0000000008000d7c                DMA1_Channel3_IRQHandler
                0x0000000008000d7c                FSMC_IRQHandler
                0x0000000008000d7c                TIM1_UP_IRQHandler
                0x0000000008000d7c                WWDG_IRQHandler
                0x0000000008000d7c                TIM2_IRQHandler
                0x0000000008000d7c                TIM1_BRK_IRQHandler
                0x0000000008000d7c                RTCAlarm_IRQHandler
                0x0000000008000d7c                DMA2_Channel4_5_IRQHandler
                0x0000000008000d7c                USART2_IRQHandler
                0x0000000008000d7c                I2C2_ER_IRQHandler
                0x0000000008000d7c                DMA1_Channel2_IRQHandler
                0x0000000008000d7c                TIM8_BRK_IRQHandler
                0x0000000008000d7c                FLASH_IRQHandler
                0x0000000008000d7c                BusFault_Handler
                0x0000000008000d7c                USART1_IRQHandler
                0x0000000008000d7c                SPI3_IRQHandler
                0x0000000008000d7c                I2C1_ER_IRQHandler
                0x0000000008000d7c                DMA2_Channel3_IRQHandler
 *fill*         0x0000000008000d7e        0x2 
 .text.__libc_init_array
                0x0000000008000d80       0x48 c:/st/stm32cubeide_1.10.1/stm32cubeide/plugins/com.st.stm32cube.ide.mcu.externaltools.gnu-tools-for-stm32.10.3-2021.10.win32_1.0.0.202111181127/tools/bin/../lib/gcc/arm-none-eabi/10.3.1/../../../../arm-none-eabi/lib/thumb/v7-m/nofp\libc_nano.a(lib_a-init.o)
                0x0000000008000d80                __libc_init_array
 *(.glue_7)
 .glue_7        0x0000000008000dc8        0x0 linker stubs
 *(.glue_7t)
 .glue_7t       0x0000000008000dc8        0x0 linker stubs
 *(.eh_frame)
 .eh_frame      0x0000000008000dc8        0x0 c:/st/stm32cubeide_1.10.1/stm32cubeide/plugins/com.st.stm32cube.ide.mcu.externaltools.gnu-tools-for-stm32.10.3-2021.10.win32_1.0.0.202111181127/tools/bin/../lib/gcc/arm-none-eabi/10.3.1/thumb/v7-m/nofp/crtbegin.o
 *(.init)
 .init          0x0000000008000dc8        0x4 c:/st/stm32cubeide_1.10.1/stm32cubeide/plugins/com.st.stm32cube.ide.mcu.externaltools.gnu-tools-for-stm32.10.3-2021.10.win32_1.0.0.202111181127/tools/bin/../lib/gcc/arm-none-eabi/10.3.1/thumb/v7-m/nofp/crti.o
                0x0000000008000dc8                _init
 .init          0x0000000008000dcc        0x8 c:/st/stm32cubeide_1.10.1/stm32cubeide/plugins/com.st.stm32cube.ide.mcu.externaltools.gnu-tools-for-stm32.10.3-2021.10.win32_1.0.0.202111181127/tools/bin/../lib/gcc/arm-none-eabi/10.3.1/thumb/v7-m/nofp/crtn.o
 *(.fini)
 .fini          0x0000000008000dd4        0x4 c:/st/stm32cubeide_1.10.1/stm32cubeide/plugins/com.st.stm32cube.ide.mcu.externaltools.gnu-tools-for-stm32.10.3-2021.10.win32_1.0.0.202111181127/tools/bin/../lib/gcc/arm-none-eabi/10.3.1/thumb/v7-m/nofp/crti.o
                0x0000000008000dd4                _fini
 .fini          0x0000000008000dd8        0x8 c:/st/stm32cubeide_1.10.1/stm32cubeide/plugins/com.st.stm32cube.ide.mcu.externaltools.gnu-tools-for-stm32.10.3-2021.10.win32_1.0.0.202111181127/tools/bin/../lib/gcc/arm-none-eabi/10.3.1/thumb/v7-m/nofp/crtn.o
                0x0000000008000de0                . = ALIGN (0x4)
                0x0000000008000de0                _etext = .

.vfp11_veneer   0x0000000008000de0        0x0
 .vfp11_veneer  0x0000000008000de0        0x0 linker stubs

.v4_bx          0x0000000008000de0        0x0
 .v4_bx         0x0000000008000de0        0x0 linker stubs

.iplt           0x0000000008000de0        0x0
 .iplt          0x0000000008000de0        0x0 c:/st/stm32cubeide_1.10.1/stm32cubeide/plugins/com.st.stm32cube.ide.mcu.externaltools.gnu-tools-for-stm32.10.3-2021.10.win32_1.0.0.202111181127/tools/bin/../lib/gcc/arm-none-eabi/10.3.1/thumb/v7-m/nofp/crtbegin.o

.rel.dyn        0x0000000008000de0        0x0
 .rel.iplt      0x0000000008000de0        0x0 c:/st/stm32cubeide_1.10.1/stm32cubeide/plugins/com.st.stm32cube.ide.mcu.externaltools.gnu-tools-for-stm32.10.3-2021.10.win32_1.0.0.202111181127/tools/bin/../lib/gcc/arm-none-eabi/10.3.1/thumb/v7-m/nofp/crtbegin.o

.rodata         0x0000000008000de0        0x0
                0x0000000008000de0                . = ALIGN (0x4)
 *(.rodata)
 *(.rodata*)
                0x0000000008000de0                . = ALIGN (0x4)

.ARM.extab      0x0000000008000de0        0x0
                0x0000000008000de0                . = ALIGN (0x4)
 *(.ARM.extab* .gnu.linkonce.armextab.*)
                0x0000000008000de0                . = ALIGN (0x4)

.ARM            0x0000000008000de0        0x0
                0x0000000008000de0                . = ALIGN (0x4)
                0x0000000008000de0                __exidx_start = .
 *(.ARM.exidx*)
                0x0000000008000de0                __exidx_end = .
                0x0000000008000de0                . = ALIGN (0x4)

.preinit_array  0x0000000008000de0        0x0
                0x0000000008000de0                . = ALIGN (0x4)
                0x0000000008000de0                PROVIDE (__preinit_array_start = .)
 *(.preinit_array*)
                0x0000000008000de0                PROVIDE (__preinit_array_end = .)
                0x0000000008000de0                . = ALIGN (0x4)

.init_array     0x0000000008000de0        0x4
                0x0000000008000de0                . = ALIGN (0x4)
                0x0000000008000de0                PROVIDE (__init_array_start = .)
 *(SORT_BY_NAME(.init_array.*))
 *(.init_array*)
 .init_array    0x0000000008000de0        0x4 c:/st/stm32cubeide_1.10.1/stm32cubeide/plugins/com.st.stm32cube.ide.mcu.externaltools.gnu-tools-for-stm32.10.3-2021.10.win32_1.0.0.202111181127/tools/bin/../lib/gcc/arm-none-eabi/10.3.1/thumb/v7-m/nofp/crtbegin.o
                0x0000000008000de4                PROVIDE (__init_array_end = .)
                0x0000000008000de4                . = ALIGN (0x4)

.fini_array     0x0000000008000de4        0x4
                0x0000000008000de4                . = ALIGN (0x4)
                [!provide]                        PROVIDE (__fini_array_start = .)
 *(SORT_BY_NAME(.fini_array.*))
 *(.fini_array*)
 .fini_array    0x0000000008000de4        0x4 c:/st/stm32cubeide_1.10.1/stm32cubeide/plugins/com.st.stm32cube.ide.mcu.externaltools.gnu-tools-for-stm32.10.3-2021.10.win32_1.0.0.202111181127/tools/bin/../lib/gcc/arm-none-eabi/10.3.1/thumb/v7-m/nofp/crtbegin.o
                [!provide]                        PROVIDE (__fini_array_end = .)
                0x0000000008000de8                . = ALIGN (0x4)
                0x0000000008000de8                _sidata = LOADADDR (.data)

.data           0x0000000020000000        0x0 load address 0x0000000008000de8
                0x0000000020000000                . = ALIGN (0x4)
                0x0000000020000000                _sdata = .
 *(.data)
 *(.data*)
 *(.RamFunc)
 *(.RamFunc*)
                0x0000000020000000                . = ALIGN (0x4)
                0x0000000020000000                _edata = .

.igot.plt       0x0000000020000000        0x0 load address 0x0000000008000de8
 .igot.plt      0x0000000020000000        0x0 c:/st/stm32cubeide_1.10.1/stm32cubeide/plugins/com.st.stm32cube.ide.mcu.externaltools.gnu-tools-for-stm32.10.3-2021.10.win32_1.0.0.202111181127/tools/bin/../lib/gcc/arm-none-eabi/10.3.1/thumb/v7-m/nofp/crtbegin.o
                0x0000000020000000                . = ALIGN (0x4)

.bss            0x0000000020000000       0x38 load address 0x0000000008000de8
                0x0000000020000000                _sbss = .
                0x0000000020000000                __bss_start__ = _sbss
 *(.bss)
 .bss           0x0000000020000000       0x1c c:/st/stm32cubeide_1.10.1/stm32cubeide/plugins/com.st.stm32cube.ide.mcu.externaltools.gnu-tools-for-stm32.10.3-2021.10.win32_1.0.0.202111181127/tools/bin/../lib/gcc/arm-none-eabi/10.3.1/thumb/v7-m/nofp/crtbegin.o
 *(.bss*)
 .bss.alarmClockState
                0x000000002000001c        0x1 ./Src/main.o
                0x000000002000001c                alarmClockState
 .bss.alarmClockSetNum
                0x000000002000001d        0x1 ./Src/main.o
                0x000000002000001d                alarmClockSetNum
 .bss.userUpdatedTime
                0x000000002000001e        0x1 ./Src/main.o
                0x000000002000001e                userUpdatedTime
 *fill*         0x000000002000001f        0x1 
 .bss.current_time
                0x0000000020000020        0x4 ./Src/main.o
                0x0000000020000020                current_time
 .bss.alarm_time
                0x0000000020000024        0x4 ./Src/main.o
                0x0000000020000024                alarm_time
 .bss.buttonModeProcessed
                0x0000000020000028        0x4 ./Src/main.o
                0x0000000020000028                buttonModeProcessed
 .bss.buttonModeLastDebounceTime
                0x000000002000002c        0x4 ./Src/main.o
                0x000000002000002c                buttonModeLastDebounceTime
 .bss.buttonSetProcessed
                0x0000000020000030        0x4 ./Src/main.o
                0x0000000020000030                buttonSetProcessed
 .bss.buttonSetLastDebounceTime
                0x0000000020000034        0x4 ./Src/main.o
                0x0000000020000034                buttonSetLastDebounceTime
 *(COMMON)
                0x0000000020000038                . = ALIGN (0x4)
                0x0000000020000038                _ebss = .
                0x0000000020000038                __bss_end__ = _ebss

._user_heap_stack
                0x0000000020000038      0x600 load address 0x0000000008000de8
                0x0000000020000038                . = ALIGN (0x8)
                [!provide]                        PROVIDE (end = .)
                0x0000000020000038                PROVIDE (_end = .)
                0x0000000020000238                . = (. + _Min_Heap_Size)
 *fill*         0x0000000020000038      0x200 
                0x0000000020000638                . = (. + _Min_Stack_Size)
 *fill*         0x0000000020000238      0x400 
                0x0000000020000638                . = ALIGN (0x8)

/DISCARD/
 libc.a(*)
 libm.a(*)
 libgcc.a(*)

.ARM.attributes
                0x0000000000000000       0x29
 *(.ARM.attributes)
 .ARM.attributes
                0x0000000000000000       0x1d c:/st/stm32cubeide_1.10.1/stm32cubeide/plugins/com.st.stm32cube.ide.mcu.externaltools.gnu-tools-for-stm32.10.3-2021.10.win32_1.0.0.202111181127/tools/bin/../lib/gcc/arm-none-eabi/10.3.1/thumb/v7-m/nofp/crti.o
 .ARM.attributes
                0x000000000000001d       0x2d c:/st/stm32cubeide_1.10.1/stm32cubeide/plugins/com.st.stm32cube.ide.mcu.externaltools.gnu-tools-for-stm32.10.3-2021.10.win32_1.0.0.202111181127/tools/bin/../lib/gcc/arm-none-eabi/10.3.1/thumb/v7-m/nofp/crtbegin.o
 .ARM.attributes
                0x000000000000004a       0x2d ./Src/alarmled.o
 .ARM.attributes
                0x0000000000000077       0x2d ./Src/clocksettings.o
 .ARM.attributes
                0x00000000000000a4       0x2d ./Src/main.o
 .ARM.attributes
                0x00000000000000d1       0x2d ./Src/rtci2c.o
 .ARM.attributes
                0x00000000000000fe       0x21 ./Startup/startup_stm32f103c8tx.o
 .ARM.attributes
                0x000000000000011f       0x2d c:/st/stm32cubeide_1.10.1/stm32cubeide/plugins/com.st.stm32cube.ide.mcu.externaltools.gnu-tools-for-stm32.10.3-2021.10.win32_1.0.0.202111181127/tools/bin/../lib/gcc/arm-none-eabi/10.3.1/../../../../arm-none-eabi/lib/thumb/v7-m/nofp\libc_nano.a(lib_a-init.o)
 .ARM.attributes
                0x000000000000014c       0x1d c:/st/stm32cubeide_1.10.1/stm32cubeide/plugins/com.st.stm32cube.ide.mcu.externaltools.gnu-tools-for-stm32.10.3-2021.10.win32_1.0.0.202111181127/tools/bin/../lib/gcc/arm-none-eabi/10.3.1/thumb/v7-m/nofp/crtn.o
OUTPUT(Alarm Clock.elf elf32-littlearm)
LOAD linker stubs
LOAD c:/st/stm32cubeide_1.10.1/stm32cubeide/plugins/com.st.stm32cube.ide.mcu.externaltools.gnu-tools-for-stm32.10.3-2021.10.win32_1.0.0.202111181127/tools/bin/../lib/gcc/arm-none-eabi/10.3.1/../../../../arm-none-eabi/lib/thumb/v7-m/nofp\libc.a
LOAD c:/st/stm32cubeide_1.10.1/stm32cubeide/plugins/com.st.stm32cube.ide.mcu.externaltools.gnu-tools-for-stm32.10.3-2021.10.win32_1.0.0.202111181127/tools/bin/../lib/gcc/arm-none-eabi/10.3.1/../../../../arm-none-eabi/lib/thumb/v7-m/nofp\libm.a
LOAD c:/st/stm32cubeide_1.10.1/stm32cubeide/plugins/com.st.stm32cube.ide.mcu.externaltools.gnu-tools-for-stm32.10.3-2021.10.win32_1.0.0.202111181127/tools/bin/../lib/gcc/arm-none-eabi/10.3.1/thumb/v7-m/nofp\libgcc.a

.debug_info     0x0000000000000000      0xe2c
 .debug_info    0x0000000000000000      0x36c ./Src/alarmled.o
 .debug_info    0x000000000000036c      0x1f2 ./Src/clocksettings.o
 .debug_info    0x000000000000055e      0x3fa ./Src/main.o
 .debug_info    0x0000000000000958      0x4b2 ./Src/rtci2c.o
 .debug_info    0x0000000000000e0a       0x22 ./Startup/startup_stm32f103c8tx.o

.debug_abbrev   0x0000000000000000      0x46e
 .debug_abbrev  0x0000000000000000       0xce ./Src/alarmled.o
 .debug_abbrev  0x00000000000000ce       0xb6 ./Src/clocksettings.o
 .debug_abbrev  0x0000000000000184      0x15e ./Src/main.o
 .debug_abbrev  0x00000000000002e2      0x17a ./Src/rtci2c.o
 .debug_abbrev  0x000000000000045c       0x12 ./Startup/startup_stm32f103c8tx.o

.debug_aranges  0x0000000000000000      0x210
 .debug_aranges
                0x0000000000000000      0x120 ./Src/alarmled.o
 .debug_aranges
                0x0000000000000120       0x20 ./Src/clocksettings.o
 .debug_aranges
                0x0000000000000140       0x40 ./Src/main.o
 .debug_aranges
                0x0000000000000180       0x68 ./Src/rtci2c.o
 .debug_aranges
                0x00000000000001e8       0x28 ./Startup/startup_stm32f103c8tx.o

.debug_ranges   0x0000000000000000      0x1c8
 .debug_ranges  0x0000000000000000      0x110 ./Src/alarmled.o
 .debug_ranges  0x0000000000000110       0x10 ./Src/clocksettings.o
 .debug_ranges  0x0000000000000120       0x30 ./Src/main.o
 .debug_ranges  0x0000000000000150       0x58 ./Src/rtci2c.o
 .debug_ranges  0x00000000000001a8       0x20 ./Startup/startup_stm32f103c8tx.o

.debug_macro    0x0000000000000000     0x25bd
 .debug_macro   0x0000000000000000      0x22f ./Src/alarmled.o
 .debug_macro   0x000000000000022f      0xa72 ./Src/alarmled.o
 .debug_macro   0x0000000000000ca1       0x22 ./Src/alarmled.o
 .debug_macro   0x0000000000000cc3       0x8e ./Src/alarmled.o
 .debug_macro   0x0000000000000d51       0x51 ./Src/alarmled.o
 .debug_macro   0x0000000000000da2      0x103 ./Src/alarmled.o
 .debug_macro   0x0000000000000ea5       0x6a ./Src/alarmled.o
 .debug_macro   0x0000000000000f0f      0x1df ./Src/alarmled.o
 .debug_macro   0x00000000000010ee       0x52 ./Src/alarmled.o
 .debug_macro   0x0000000000001140       0x18 ./Src/alarmled.o
 .debug_macro   0x0000000000001158       0x3c ./Src/alarmled.o
 .debug_macro   0x0000000000001194       0x34 ./Src/alarmled.o
 .debug_macro   0x00000000000011c8       0x16 ./Src/alarmled.o
 .debug_macro   0x00000000000011de       0x97 ./Src/alarmled.o
 .debug_macro   0x0000000000001275      0x341 ./Src/alarmled.o
 .debug_macro   0x00000000000015b6       0xfd ./Src/alarmled.o
 .debug_macro   0x00000000000016b3       0x10 ./Src/alarmled.o
 .debug_macro   0x00000000000016c3       0x16 ./Src/alarmled.o
 .debug_macro   0x00000000000016d9       0x43 ./Src/alarmled.o
 .debug_macro   0x000000000000171c       0x34 ./Src/alarmled.o
 .debug_macro   0x0000000000001750       0x10 ./Src/alarmled.o
 .debug_macro   0x0000000000001760       0x58 ./Src/alarmled.o
 .debug_macro   0x00000000000017b8       0x71 ./Src/alarmled.o
 .debug_macro   0x0000000000001829       0x1c ./Src/alarmled.o
 .debug_macro   0x0000000000001845      0x12a ./Src/alarmled.o
 .debug_macro   0x000000000000196f       0x10 ./Src/alarmled.o
 .debug_macro   0x000000000000197f       0x1c ./Src/alarmled.o
 .debug_macro   0x000000000000199b       0x52 ./Src/alarmled.o
 .debug_macro   0x00000000000019ed       0x22 ./Src/alarmled.o
 .debug_macro   0x0000000000001a0f       0x10 ./Src/alarmled.o
 .debug_macro   0x0000000000001a1f       0x52 ./Src/alarmled.o
 .debug_macro   0x0000000000001a71       0xd5 ./Src/alarmled.o
 .debug_macro   0x0000000000001b46       0x1c ./Src/alarmled.o
 .debug_macro   0x0000000000001b62       0x3d ./Src/alarmled.o
 .debug_macro   0x0000000000001b9f       0x16 ./Src/alarmled.o
 .debug_macro   0x0000000000001bb5      0x145 ./Src/alarmled.o
 .debug_macro   0x0000000000001cfa       0x16 ./Src/alarmled.o
 .debug_macro   0x0000000000001d10       0x35 ./Src/alarmled.o
 .debug_macro   0x0000000000001d45       0x20 ./Src/alarmled.o
 .debug_macro   0x0000000000001d65       0x64 ./Src/alarmled.o
 .debug_macro   0x0000000000001dc9       0xa6 ./Src/alarmled.o
 .debug_macro   0x0000000000001e6f       0x6a ./Src/alarmled.o
 .debug_macro   0x0000000000001ed9      0x22a ./Src/clocksettings.o
 .debug_macro   0x0000000000002103      0x226 ./Src/main.o
 .debug_macro   0x0000000000002329      0x230 ./Src/rtci2c.o
 .debug_macro   0x0000000000002559       0x64 ./Src/rtci2c.o

.debug_line     0x0000000000000000     0x20f1
 .debug_line    0x0000000000000000      0x9a5 ./Src/alarmled.o
 .debug_line    0x00000000000009a5      0x5fa ./Src/clocksettings.o
 .debug_line    0x0000000000000f9f      0x78a ./Src/main.o
 .debug_line    0x0000000000001729      0x944 ./Src/rtci2c.o
 .debug_line    0x000000000000206d       0x84 ./Startup/startup_stm32f103c8tx.o

.debug_str      0x0000000000000000     0x880a
 .debug_str     0x0000000000000000     0x8504 ./Src/alarmled.o
                                       0x86ef (size before relaxing)
 .debug_str     0x0000000000008504       0x75 ./Src/clocksettings.o
                                       0x853f (size before relaxing)
 .debug_str     0x0000000000008579      0x1b1 ./Src/main.o
                                       0x86ec (size before relaxing)
 .debug_str     0x000000000000872a       0xaf ./Src/rtci2c.o
                                       0x8630 (size before relaxing)
 .debug_str     0x00000000000087d9       0x31 ./Startup/startup_stm32f103c8tx.o
                                         0x6f (size before relaxing)

.comment        0x0000000000000000       0x50
 .comment       0x0000000000000000       0x50 ./Src/alarmled.o
                                         0x51 (size before relaxing)
 .comment       0x0000000000000050       0x51 ./Src/clocksettings.o
 .comment       0x0000000000000050       0x51 ./Src/main.o
 .comment       0x0000000000000050       0x51 ./Src/rtci2c.o

.debug_frame    0x0000000000000000      0x6e0
 .debug_frame   0x0000000000000000      0x438 ./Src/alarmled.o
 .debug_frame   0x0000000000000438       0x38 ./Src/clocksettings.o
 .debug_frame   0x0000000000000470       0xbc ./Src/main.o
 .debug_frame   0x000000000000052c      0x188 ./Src/rtci2c.o
 .debug_frame   0x00000000000006b4       0x2c c:/st/stm32cubeide_1.10.1/stm32cubeide/plugins/com.st.stm32cube.ide.mcu.externaltools.gnu-tools-for-stm32.10.3-2021.10.win32_1.0.0.202111181127/tools/bin/../lib/gcc/arm-none-eabi/10.3.1/../../../../arm-none-eabi/lib/thumb/v7-m/nofp\libc_nano.a(lib_a-init.o)
