Archive member included to satisfy reference by file (symbol)

c:/st/stm32cubeide_1.10.1/stm32cubeide/plugins/com.st.stm32cube.ide.mcu.externaltools.gnu-tools-for-stm32.10.3-2021.10.win32_1.0.0.202111181127/tools/bin/../lib/gcc/arm-none-eabi/10.3.1/../../../../arm-none-eabi/lib/thumb/v7-m/nofp\libc_nano.a(lib_a-errno.o)
                              ./Src/syscalls.o (__errno)
c:/st/stm32cubeide_1.10.1/stm32cubeide/plugins/com.st.stm32cube.ide.mcu.externaltools.gnu-tools-for-stm32.10.3-2021.10.win32_1.0.0.202111181127/tools/bin/../lib/gcc/arm-none-eabi/10.3.1/../../../../arm-none-eabi/lib/thumb/v7-m/nofp\libc_nano.a(lib_a-exit.o)
                              c:/st/stm32cubeide_1.10.1/stm32cubeide/plugins/com.st.stm32cube.ide.mcu.externaltools.gnu-tools-for-stm32.10.3-2021.10.win32_1.0.0.202111181127/tools/bin/../lib/gcc/arm-none-eabi/10.3.1/../../../../arm-none-eabi/lib/thumb/v7-m/nofp/crt0.o (exit)
c:/st/stm32cubeide_1.10.1/stm32cubeide/plugins/com.st.stm32cube.ide.mcu.externaltools.gnu-tools-for-stm32.10.3-2021.10.win32_1.0.0.202111181127/tools/bin/../lib/gcc/arm-none-eabi/10.3.1/../../../../arm-none-eabi/lib/thumb/v7-m/nofp\libc_nano.a(lib_a-impure.o)
                              c:/st/stm32cubeide_1.10.1/stm32cubeide/plugins/com.st.stm32cube.ide.mcu.externaltools.gnu-tools-for-stm32.10.3-2021.10.win32_1.0.0.202111181127/tools/bin/../lib/gcc/arm-none-eabi/10.3.1/../../../../arm-none-eabi/lib/thumb/v7-m/nofp\libc_nano.a(lib_a-exit.o) (_global_impure_ptr)
c:/st/stm32cubeide_1.10.1/stm32cubeide/plugins/com.st.stm32cube.ide.mcu.externaltools.gnu-tools-for-stm32.10.3-2021.10.win32_1.0.0.202111181127/tools/bin/../lib/gcc/arm-none-eabi/10.3.1/../../../../arm-none-eabi/lib/thumb/v7-m/nofp\libc_nano.a(lib_a-init.o)
                              c:/st/stm32cubeide_1.10.1/stm32cubeide/plugins/com.st.stm32cube.ide.mcu.externaltools.gnu-tools-for-stm32.10.3-2021.10.win32_1.0.0.202111181127/tools/bin/../lib/gcc/arm-none-eabi/10.3.1/../../../../arm-none-eabi/lib/thumb/v7-m/nofp/crt0.o (__libc_init_array)
c:/st/stm32cubeide_1.10.1/stm32cubeide/plugins/com.st.stm32cube.ide.mcu.externaltools.gnu-tools-for-stm32.10.3-2021.10.win32_1.0.0.202111181127/tools/bin/../lib/gcc/arm-none-eabi/10.3.1/../../../../arm-none-eabi/lib/thumb/v7-m/nofp\libc_nano.a(lib_a-memset.o)
                              c:/st/stm32cubeide_1.10.1/stm32cubeide/plugins/com.st.stm32cube.ide.mcu.externaltools.gnu-tools-for-stm32.10.3-2021.10.win32_1.0.0.202111181127/tools/bin/../lib/gcc/arm-none-eabi/10.3.1/../../../../arm-none-eabi/lib/thumb/v7-m/nofp/crt0.o (memset)

Discarded input sections

 .text          0x0000000000000000        0x0 c:/st/stm32cubeide_1.10.1/stm32cubeide/plugins/com.st.stm32cube.ide.mcu.externaltools.gnu-tools-for-stm32.10.3-2021.10.win32_1.0.0.202111181127/tools/bin/../lib/gcc/arm-none-eabi/10.3.1/thumb/v7-m/nofp/crti.o
 .data          0x0000000000000000        0x0 c:/st/stm32cubeide_1.10.1/stm32cubeide/plugins/com.st.stm32cube.ide.mcu.externaltools.gnu-tools-for-stm32.10.3-2021.10.win32_1.0.0.202111181127/tools/bin/../lib/gcc/arm-none-eabi/10.3.1/thumb/v7-m/nofp/crti.o
 .bss           0x0000000000000000        0x0 c:/st/stm32cubeide_1.10.1/stm32cubeide/plugins/com.st.stm32cube.ide.mcu.externaltools.gnu-tools-for-stm32.10.3-2021.10.win32_1.0.0.202111181127/tools/bin/../lib/gcc/arm-none-eabi/10.3.1/thumb/v7-m/nofp/crti.o
 .data          0x0000000000000000        0x4 c:/st/stm32cubeide_1.10.1/stm32cubeide/plugins/com.st.stm32cube.ide.mcu.externaltools.gnu-tools-for-stm32.10.3-2021.10.win32_1.0.0.202111181127/tools/bin/../lib/gcc/arm-none-eabi/10.3.1/thumb/v7-m/nofp/crtbegin.o
 .rodata        0x0000000000000000       0x24 c:/st/stm32cubeide_1.10.1/stm32cubeide/plugins/com.st.stm32cube.ide.mcu.externaltools.gnu-tools-for-stm32.10.3-2021.10.win32_1.0.0.202111181127/tools/bin/../lib/gcc/arm-none-eabi/10.3.1/thumb/v7-m/nofp/crtbegin.o
 .text          0x0000000000000000       0x7c c:/st/stm32cubeide_1.10.1/stm32cubeide/plugins/com.st.stm32cube.ide.mcu.externaltools.gnu-tools-for-stm32.10.3-2021.10.win32_1.0.0.202111181127/tools/bin/../lib/gcc/arm-none-eabi/10.3.1/../../../../arm-none-eabi/lib/thumb/v7-m/nofp/crt0.o
 .data          0x0000000000000000        0x0 c:/st/stm32cubeide_1.10.1/stm32cubeide/plugins/com.st.stm32cube.ide.mcu.externaltools.gnu-tools-for-stm32.10.3-2021.10.win32_1.0.0.202111181127/tools/bin/../lib/gcc/arm-none-eabi/10.3.1/../../../../arm-none-eabi/lib/thumb/v7-m/nofp/crt0.o
 .bss           0x0000000000000000        0x0 c:/st/stm32cubeide_1.10.1/stm32cubeide/plugins/com.st.stm32cube.ide.mcu.externaltools.gnu-tools-for-stm32.10.3-2021.10.win32_1.0.0.202111181127/tools/bin/../lib/gcc/arm-none-eabi/10.3.1/../../../../arm-none-eabi/lib/thumb/v7-m/nofp/crt0.o
 .ARM.extab     0x0000000000000000        0x0 c:/st/stm32cubeide_1.10.1/stm32cubeide/plugins/com.st.stm32cube.ide.mcu.externaltools.gnu-tools-for-stm32.10.3-2021.10.win32_1.0.0.202111181127/tools/bin/../lib/gcc/arm-none-eabi/10.3.1/../../../../arm-none-eabi/lib/thumb/v7-m/nofp/crt0.o
 .ARM.exidx     0x0000000000000000       0x10 c:/st/stm32cubeide_1.10.1/stm32cubeide/plugins/com.st.stm32cube.ide.mcu.externaltools.gnu-tools-for-stm32.10.3-2021.10.win32_1.0.0.202111181127/tools/bin/../lib/gcc/arm-none-eabi/10.3.1/../../../../arm-none-eabi/lib/thumb/v7-m/nofp/crt0.o
 .ARM.attributes
                0x0000000000000000       0x1b c:/st/stm32cubeide_1.10.1/stm32cubeide/plugins/com.st.stm32cube.ide.mcu.externaltools.gnu-tools-for-stm32.10.3-2021.10.win32_1.0.0.202111181127/tools/bin/../lib/gcc/arm-none-eabi/10.3.1/../../../../arm-none-eabi/lib/thumb/v7-m/nofp/crt0.o
 .group         0x0000000000000000        0xc ./Src/alarmled.o
 .group         0x0000000000000000        0xc ./Src/alarmled.o
 .group         0x0000000000000000        0xc ./Src/alarmled.o
 .group         0x0000000000000000        0xc ./Src/alarmled.o
 .group         0x0000000000000000        0xc ./Src/alarmled.o
 .group         0x0000000000000000        0xc ./Src/alarmled.o
 .group         0x0000000000000000        0xc ./Src/alarmled.o
 .group         0x0000000000000000        0xc ./Src/alarmled.o
 .group         0x0000000000000000        0xc ./Src/alarmled.o
 .group         0x0000000000000000        0xc ./Src/alarmled.o
 .group         0x0000000000000000        0xc ./Src/alarmled.o
 .group         0x0000000000000000        0xc ./Src/alarmled.o
 .group         0x0000000000000000        0xc ./Src/alarmled.o
 .group         0x0000000000000000        0xc ./Src/alarmled.o
 .group         0x0000000000000000        0xc ./Src/alarmled.o
 .group         0x0000000000000000        0xc ./Src/alarmled.o
 .group         0x0000000000000000        0xc ./Src/alarmled.o
 .group         0x0000000000000000        0xc ./Src/alarmled.o
 .group         0x0000000000000000        0xc ./Src/alarmled.o
 .group         0x0000000000000000        0xc ./Src/alarmled.o
 .group         0x0000000000000000        0xc ./Src/alarmled.o
 .group         0x0000000000000000        0xc ./Src/alarmled.o
 .group         0x0000000000000000        0xc ./Src/alarmled.o
 .group         0x0000000000000000        0xc ./Src/alarmled.o
 .group         0x0000000000000000        0xc ./Src/alarmled.o
 .group         0x0000000000000000        0xc ./Src/alarmled.o
 .group         0x0000000000000000        0xc ./Src/alarmled.o
 .group         0x0000000000000000        0xc ./Src/alarmled.o
 .group         0x0000000000000000        0xc ./Src/alarmled.o
 .group         0x0000000000000000        0xc ./Src/alarmled.o
 .group         0x0000000000000000        0xc ./Src/alarmled.o
 .group         0x0000000000000000        0xc ./Src/alarmled.o
 .group         0x0000000000000000        0xc ./Src/alarmled.o
 .group         0x0000000000000000        0xc ./Src/alarmled.o
 .group         0x0000000000000000        0xc ./Src/alarmled.o
 .group         0x0000000000000000        0xc ./Src/alarmled.o
 .group         0x0000000000000000        0xc ./Src/alarmled.o
 .group         0x0000000000000000        0xc ./Src/alarmled.o
 .group         0x0000000000000000        0xc ./Src/alarmled.o
 .group         0x0000000000000000        0xc ./Src/alarmled.o
 .group         0x0000000000000000        0xc ./Src/alarmled.o
 .text          0x0000000000000000        0x0 ./Src/alarmled.o
 .data          0x0000000000000000        0x0 ./Src/alarmled.o
 .bss           0x0000000000000000        0x0 ./Src/alarmled.o
 .group         0x0000000000000000        0xc ./Src/clocksettings.o
 .group         0x0000000000000000        0xc ./Src/clocksettings.o
 .group         0x0000000000000000        0xc ./Src/clocksettings.o
 .group         0x0000000000000000        0xc ./Src/clocksettings.o
 .group         0x0000000000000000        0xc ./Src/clocksettings.o
 .group         0x0000000000000000        0xc ./Src/clocksettings.o
 .group         0x0000000000000000        0xc ./Src/clocksettings.o
 .group         0x0000000000000000        0xc ./Src/clocksettings.o
 .group         0x0000000000000000        0xc ./Src/clocksettings.o
 .group         0x0000000000000000        0xc ./Src/clocksettings.o
 .group         0x0000000000000000        0xc ./Src/clocksettings.o
 .group         0x0000000000000000        0xc ./Src/clocksettings.o
 .group         0x0000000000000000        0xc ./Src/clocksettings.o
 .group         0x0000000000000000        0xc ./Src/clocksettings.o
 .group         0x0000000000000000        0xc ./Src/clocksettings.o
 .group         0x0000000000000000        0xc ./Src/clocksettings.o
 .group         0x0000000000000000        0xc ./Src/clocksettings.o
 .group         0x0000000000000000        0xc ./Src/clocksettings.o
 .group         0x0000000000000000        0xc ./Src/clocksettings.o
 .group         0x0000000000000000        0xc ./Src/clocksettings.o
 .group         0x0000000000000000        0xc ./Src/clocksettings.o
 .group         0x0000000000000000        0xc ./Src/clocksettings.o
 .group         0x0000000000000000        0xc ./Src/clocksettings.o
 .group         0x0000000000000000        0xc ./Src/clocksettings.o
 .group         0x0000000000000000        0xc ./Src/clocksettings.o
 .group         0x0000000000000000        0xc ./Src/clocksettings.o
 .group         0x0000000000000000        0xc ./Src/clocksettings.o
 .group         0x0000000000000000        0xc ./Src/clocksettings.o
 .group         0x0000000000000000        0xc ./Src/clocksettings.o
 .group         0x0000000000000000        0xc ./Src/clocksettings.o
 .group         0x0000000000000000        0xc ./Src/clocksettings.o
 .group         0x0000000000000000        0xc ./Src/clocksettings.o
 .group         0x0000000000000000        0xc ./Src/clocksettings.o
 .group         0x0000000000000000        0xc ./Src/clocksettings.o
 .group         0x0000000000000000        0xc ./Src/clocksettings.o
 .group         0x0000000000000000        0xc ./Src/clocksettings.o
 .group         0x0000000000000000        0xc ./Src/clocksettings.o
 .group         0x0000000000000000        0xc ./Src/clocksettings.o
 .group         0x0000000000000000        0xc ./Src/clocksettings.o
 .group         0x0000000000000000        0xc ./Src/clocksettings.o
 .group         0x0000000000000000        0xc ./Src/clocksettings.o
 .text          0x0000000000000000        0x0 ./Src/clocksettings.o
 .data          0x0000000000000000        0x0 ./Src/clocksettings.o
 .bss           0x0000000000000000        0x0 ./Src/clocksettings.o
 .debug_macro   0x0000000000000000      0xa72 ./Src/clocksettings.o
 .debug_macro   0x0000000000000000       0x22 ./Src/clocksettings.o
 .debug_macro   0x0000000000000000       0x8e ./Src/clocksettings.o
 .debug_macro   0x0000000000000000       0x51 ./Src/clocksettings.o
 .debug_macro   0x0000000000000000      0x103 ./Src/clocksettings.o
 .debug_macro   0x0000000000000000       0x6a ./Src/clocksettings.o
 .debug_macro   0x0000000000000000      0x1df ./Src/clocksettings.o
 .debug_macro   0x0000000000000000       0x52 ./Src/clocksettings.o
 .debug_macro   0x0000000000000000       0x18 ./Src/clocksettings.o
 .debug_macro   0x0000000000000000       0x3c ./Src/clocksettings.o
 .debug_macro   0x0000000000000000       0x34 ./Src/clocksettings.o
 .debug_macro   0x0000000000000000       0x16 ./Src/clocksettings.o
 .debug_macro   0x0000000000000000       0x97 ./Src/clocksettings.o
 .debug_macro   0x0000000000000000      0x341 ./Src/clocksettings.o
 .debug_macro   0x0000000000000000       0xfd ./Src/clocksettings.o
 .debug_macro   0x0000000000000000       0x10 ./Src/clocksettings.o
 .debug_macro   0x0000000000000000       0x16 ./Src/clocksettings.o
 .debug_macro   0x0000000000000000       0x43 ./Src/clocksettings.o
 .debug_macro   0x0000000000000000       0x34 ./Src/clocksettings.o
 .debug_macro   0x0000000000000000       0x10 ./Src/clocksettings.o
 .debug_macro   0x0000000000000000       0x58 ./Src/clocksettings.o
 .debug_macro   0x0000000000000000       0x71 ./Src/clocksettings.o
 .debug_macro   0x0000000000000000       0x1c ./Src/clocksettings.o
 .debug_macro   0x0000000000000000      0x12a ./Src/clocksettings.o
 .debug_macro   0x0000000000000000       0x10 ./Src/clocksettings.o
 .debug_macro   0x0000000000000000       0x1c ./Src/clocksettings.o
 .debug_macro   0x0000000000000000       0x52 ./Src/clocksettings.o
 .debug_macro   0x0000000000000000       0x22 ./Src/clocksettings.o
 .debug_macro   0x0000000000000000       0x10 ./Src/clocksettings.o
 .debug_macro   0x0000000000000000       0x52 ./Src/clocksettings.o
 .debug_macro   0x0000000000000000       0xd5 ./Src/clocksettings.o
 .debug_macro   0x0000000000000000       0x1c ./Src/clocksettings.o
 .debug_macro   0x0000000000000000       0x3d ./Src/clocksettings.o
 .debug_macro   0x0000000000000000       0x16 ./Src/clocksettings.o
 .debug_macro   0x0000000000000000      0x145 ./Src/clocksettings.o
 .debug_macro   0x0000000000000000       0x16 ./Src/clocksettings.o
 .debug_macro   0x0000000000000000       0x35 ./Src/clocksettings.o
 .debug_macro   0x0000000000000000       0x20 ./Src/clocksettings.o
 .debug_macro   0x0000000000000000       0x64 ./Src/clocksettings.o
 .debug_macro   0x0000000000000000       0xac ./Src/clocksettings.o
 .debug_macro   0x0000000000000000       0x6a ./Src/clocksettings.o
 .group         0x0000000000000000        0xc ./Src/main.o
 .group         0x0000000000000000        0xc ./Src/main.o
 .group         0x0000000000000000        0xc ./Src/main.o
 .group         0x0000000000000000        0xc ./Src/main.o
 .group         0x0000000000000000        0xc ./Src/main.o
 .group         0x0000000000000000        0xc ./Src/main.o
 .group         0x0000000000000000        0xc ./Src/main.o
 .group         0x0000000000000000        0xc ./Src/main.o
 .group         0x0000000000000000        0xc ./Src/main.o
 .group         0x0000000000000000        0xc ./Src/main.o
 .group         0x0000000000000000        0xc ./Src/main.o
 .group         0x0000000000000000        0xc ./Src/main.o
 .group         0x0000000000000000        0xc ./Src/main.o
 .group         0x0000000000000000        0xc ./Src/main.o
 .group         0x0000000000000000        0xc ./Src/main.o
 .group         0x0000000000000000        0xc ./Src/main.o
 .group         0x0000000000000000        0xc ./Src/main.o
 .group         0x0000000000000000        0xc ./Src/main.o
 .group         0x0000000000000000        0xc ./Src/main.o
 .group         0x0000000000000000        0xc ./Src/main.o
 .group         0x0000000000000000        0xc ./Src/main.o
 .group         0x0000000000000000        0xc ./Src/main.o
 .group         0x0000000000000000        0xc ./Src/main.o
 .group         0x0000000000000000        0xc ./Src/main.o
 .group         0x0000000000000000        0xc ./Src/main.o
 .group         0x0000000000000000        0xc ./Src/main.o
 .group         0x0000000000000000        0xc ./Src/main.o
 .group         0x0000000000000000        0xc ./Src/main.o
 .group         0x0000000000000000        0xc ./Src/main.o
 .group         0x0000000000000000        0xc ./Src/main.o
 .group         0x0000000000000000        0xc ./Src/main.o
 .group         0x0000000000000000        0xc ./Src/main.o
 .group         0x0000000000000000        0xc ./Src/main.o
 .group         0x0000000000000000        0xc ./Src/main.o
 .group         0x0000000000000000        0xc ./Src/main.o
 .group         0x0000000000000000        0xc ./Src/main.o
 .group         0x0000000000000000        0xc ./Src/main.o
 .group         0x0000000000000000        0xc ./Src/main.o
 .group         0x0000000000000000        0xc ./Src/main.o
 .group         0x0000000000000000        0xc ./Src/main.o
 .group         0x0000000000000000        0xc ./Src/main.o
 .text          0x0000000000000000        0x0 ./Src/main.o
 .data          0x0000000000000000        0x0 ./Src/main.o
 .bss           0x0000000000000000        0x0 ./Src/main.o
 .debug_macro   0x0000000000000000      0xa72 ./Src/main.o
 .debug_macro   0x0000000000000000       0x22 ./Src/main.o
 .debug_macro   0x0000000000000000       0x8e ./Src/main.o
 .debug_macro   0x0000000000000000       0x51 ./Src/main.o
 .debug_macro   0x0000000000000000      0x103 ./Src/main.o
 .debug_macro   0x0000000000000000       0x6a ./Src/main.o
 .debug_macro   0x0000000000000000      0x1df ./Src/main.o
 .debug_macro   0x0000000000000000       0x52 ./Src/main.o
 .debug_macro   0x0000000000000000       0x18 ./Src/main.o
 .debug_macro   0x0000000000000000       0x3c ./Src/main.o
 .debug_macro   0x0000000000000000       0x34 ./Src/main.o
 .debug_macro   0x0000000000000000       0x16 ./Src/main.o
 .debug_macro   0x0000000000000000       0x97 ./Src/main.o
 .debug_macro   0x0000000000000000      0x341 ./Src/main.o
 .debug_macro   0x0000000000000000       0xfd ./Src/main.o
 .debug_macro   0x0000000000000000       0x10 ./Src/main.o
 .debug_macro   0x0000000000000000       0x16 ./Src/main.o
 .debug_macro   0x0000000000000000       0x43 ./Src/main.o
 .debug_macro   0x0000000000000000       0x34 ./Src/main.o
 .debug_macro   0x0000000000000000       0x10 ./Src/main.o
 .debug_macro   0x0000000000000000       0x58 ./Src/main.o
 .debug_macro   0x0000000000000000       0x71 ./Src/main.o
 .debug_macro   0x0000000000000000       0x1c ./Src/main.o
 .debug_macro   0x0000000000000000      0x12a ./Src/main.o
 .debug_macro   0x0000000000000000       0x10 ./Src/main.o
 .debug_macro   0x0000000000000000       0x1c ./Src/main.o
 .debug_macro   0x0000000000000000       0x52 ./Src/main.o
 .debug_macro   0x0000000000000000       0x22 ./Src/main.o
 .debug_macro   0x0000000000000000       0x10 ./Src/main.o
 .debug_macro   0x0000000000000000       0x52 ./Src/main.o
 .debug_macro   0x0000000000000000       0xd5 ./Src/main.o
 .debug_macro   0x0000000000000000       0x1c ./Src/main.o
 .debug_macro   0x0000000000000000       0x3d ./Src/main.o
 .debug_macro   0x0000000000000000       0x16 ./Src/main.o
 .debug_macro   0x0000000000000000      0x145 ./Src/main.o
 .debug_macro   0x0000000000000000       0x16 ./Src/main.o
 .debug_macro   0x0000000000000000       0x35 ./Src/main.o
 .debug_macro   0x0000000000000000       0x20 ./Src/main.o
 .debug_macro   0x0000000000000000       0x64 ./Src/main.o
 .debug_macro   0x0000000000000000       0xac ./Src/main.o
 .debug_macro   0x0000000000000000       0x6a ./Src/main.o
 .group         0x0000000000000000        0xc ./Src/rtci2c.o
 .group         0x0000000000000000        0xc ./Src/rtci2c.o
 .group         0x0000000000000000        0xc ./Src/rtci2c.o
 .group         0x0000000000000000        0xc ./Src/rtci2c.o
 .group         0x0000000000000000        0xc ./Src/rtci2c.o
 .group         0x0000000000000000        0xc ./Src/rtci2c.o
 .group         0x0000000000000000        0xc ./Src/rtci2c.o
 .group         0x0000000000000000        0xc ./Src/rtci2c.o
 .group         0x0000000000000000        0xc ./Src/rtci2c.o
 .group         0x0000000000000000        0xc ./Src/rtci2c.o
 .group         0x0000000000000000        0xc ./Src/rtci2c.o
 .group         0x0000000000000000        0xc ./Src/rtci2c.o
 .group         0x0000000000000000        0xc ./Src/rtci2c.o
 .group         0x0000000000000000        0xc ./Src/rtci2c.o
 .group         0x0000000000000000        0xc ./Src/rtci2c.o
 .group         0x0000000000000000        0xc ./Src/rtci2c.o
 .group         0x0000000000000000        0xc ./Src/rtci2c.o
 .group         0x0000000000000000        0xc ./Src/rtci2c.o
 .group         0x0000000000000000        0xc ./Src/rtci2c.o
 .group         0x0000000000000000        0xc ./Src/rtci2c.o
 .group         0x0000000000000000        0xc ./Src/rtci2c.o
 .group         0x0000000000000000        0xc ./Src/rtci2c.o
 .group         0x0000000000000000        0xc ./Src/rtci2c.o
 .group         0x0000000000000000        0xc ./Src/rtci2c.o
 .group         0x0000000000000000        0xc ./Src/rtci2c.o
 .group         0x0000000000000000        0xc ./Src/rtci2c.o
 .group         0x0000000000000000        0xc ./Src/rtci2c.o
 .group         0x0000000000000000        0xc ./Src/rtci2c.o
 .group         0x0000000000000000        0xc ./Src/rtci2c.o
 .group         0x0000000000000000        0xc ./Src/rtci2c.o
 .group         0x0000000000000000        0xc ./Src/rtci2c.o
 .group         0x0000000000000000        0xc ./Src/rtci2c.o
 .group         0x0000000000000000        0xc ./Src/rtci2c.o
 .group         0x0000000000000000        0xc ./Src/rtci2c.o
 .group         0x0000000000000000        0xc ./Src/rtci2c.o
 .group         0x0000000000000000        0xc ./Src/rtci2c.o
 .group         0x0000000000000000        0xc ./Src/rtci2c.o
 .group         0x0000000000000000        0xc ./Src/rtci2c.o
 .group         0x0000000000000000        0xc ./Src/rtci2c.o
 .group         0x0000000000000000        0xc ./Src/rtci2c.o
 .group         0x0000000000000000        0xc ./Src/rtci2c.o
 .text          0x0000000000000000        0x0 ./Src/rtci2c.o
 .data          0x0000000000000000        0x0 ./Src/rtci2c.o
 .bss           0x0000000000000000        0x0 ./Src/rtci2c.o
 .debug_macro   0x0000000000000000      0xa72 ./Src/rtci2c.o
 .debug_macro   0x0000000000000000       0x22 ./Src/rtci2c.o
 .debug_macro   0x0000000000000000       0x8e ./Src/rtci2c.o
 .debug_macro   0x0000000000000000       0x51 ./Src/rtci2c.o
 .debug_macro   0x0000000000000000      0x103 ./Src/rtci2c.o
 .debug_macro   0x0000000000000000       0x6a ./Src/rtci2c.o
 .debug_macro   0x0000000000000000      0x1df ./Src/rtci2c.o
 .debug_macro   0x0000000000000000       0x52 ./Src/rtci2c.o
 .debug_macro   0x0000000000000000       0x18 ./Src/rtci2c.o
 .debug_macro   0x0000000000000000       0x3c ./Src/rtci2c.o
 .debug_macro   0x0000000000000000       0x34 ./Src/rtci2c.o
 .debug_macro   0x0000000000000000       0x16 ./Src/rtci2c.o
 .debug_macro   0x0000000000000000       0x97 ./Src/rtci2c.o
 .debug_macro   0x0000000000000000      0x341 ./Src/rtci2c.o
 .debug_macro   0x0000000000000000       0xfd ./Src/rtci2c.o
 .debug_macro   0x0000000000000000       0x10 ./Src/rtci2c.o
 .debug_macro   0x0000000000000000       0x16 ./Src/rtci2c.o
 .debug_macro   0x0000000000000000       0x43 ./Src/rtci2c.o
 .debug_macro   0x0000000000000000       0x34 ./Src/rtci2c.o
 .debug_macro   0x0000000000000000       0x10 ./Src/rtci2c.o
 .debug_macro   0x0000000000000000       0x58 ./Src/rtci2c.o
 .debug_macro   0x0000000000000000       0x71 ./Src/rtci2c.o
 .debug_macro   0x0000000000000000       0x1c ./Src/rtci2c.o
 .debug_macro   0x0000000000000000      0x12a ./Src/rtci2c.o
 .debug_macro   0x0000000000000000       0x10 ./Src/rtci2c.o
 .debug_macro   0x0000000000000000       0x1c ./Src/rtci2c.o
 .debug_macro   0x0000000000000000       0x52 ./Src/rtci2c.o
 .debug_macro   0x0000000000000000       0x22 ./Src/rtci2c.o
 .debug_macro   0x0000000000000000       0x10 ./Src/rtci2c.o
 .debug_macro   0x0000000000000000       0x52 ./Src/rtci2c.o
 .debug_macro   0x0000000000000000       0xd5 ./Src/rtci2c.o
 .debug_macro   0x0000000000000000       0x1c ./Src/rtci2c.o
 .debug_macro   0x0000000000000000       0x3d ./Src/rtci2c.o
 .debug_macro   0x0000000000000000       0x16 ./Src/rtci2c.o
 .debug_macro   0x0000000000000000      0x145 ./Src/rtci2c.o
 .debug_macro   0x0000000000000000       0x16 ./Src/rtci2c.o
 .debug_macro   0x0000000000000000       0x35 ./Src/rtci2c.o
 .debug_macro   0x0000000000000000       0x20 ./Src/rtci2c.o
 .debug_macro   0x0000000000000000       0x64 ./Src/rtci2c.o
 .debug_macro   0x0000000000000000       0xac ./Src/rtci2c.o
 .group         0x0000000000000000        0xc ./Src/syscalls.o
 .group         0x0000000000000000        0xc ./Src/syscalls.o
 .group         0x0000000000000000        0xc ./Src/syscalls.o
 .group         0x0000000000000000        0xc ./Src/syscalls.o
 .group         0x0000000000000000        0xc ./Src/syscalls.o
 .group         0x0000000000000000        0xc ./Src/syscalls.o
 .group         0x0000000000000000        0xc ./Src/syscalls.o
 .group         0x0000000000000000        0xc ./Src/syscalls.o
 .group         0x0000000000000000        0xc ./Src/syscalls.o
 .group         0x0000000000000000        0xc ./Src/syscalls.o
 .group         0x0000000000000000        0xc ./Src/syscalls.o
 .group         0x0000000000000000        0xc ./Src/syscalls.o
 .group         0x0000000000000000        0xc ./Src/syscalls.o
 .group         0x0000000000000000        0xc ./Src/syscalls.o
 .group         0x0000000000000000        0xc ./Src/syscalls.o
 .group         0x0000000000000000        0xc ./Src/syscalls.o
 .group         0x0000000000000000        0xc ./Src/syscalls.o
 .group         0x0000000000000000        0xc ./Src/syscalls.o
 .group         0x0000000000000000        0xc ./Src/syscalls.o
 .group         0x0000000000000000        0xc ./Src/syscalls.o
 .group         0x0000000000000000        0xc ./Src/syscalls.o
 .group         0x0000000000000000        0xc ./Src/syscalls.o
 .group         0x0000000000000000        0xc ./Src/syscalls.o
 .group         0x0000000000000000        0xc ./Src/syscalls.o
 .group         0x0000000000000000        0xc ./Src/syscalls.o
 .group         0x0000000000000000        0xc ./Src/syscalls.o
 .group         0x0000000000000000        0xc ./Src/syscalls.o
 .group         0x0000000000000000        0xc ./Src/syscalls.o
 .group         0x0000000000000000        0xc ./Src/syscalls.o
 .group         0x0000000000000000        0xc ./Src/syscalls.o
 .group         0x0000000000000000        0xc ./Src/syscalls.o
 .group         0x0000000000000000        0xc ./Src/syscalls.o
 .group         0x0000000000000000        0xc ./Src/syscalls.o
 .group         0x0000000000000000        0xc ./Src/syscalls.o
 .group         0x0000000000000000        0xc ./Src/syscalls.o
 .group         0x0000000000000000        0xc ./Src/syscalls.o
 .group         0x0000000000000000        0xc ./Src/syscalls.o
 .group         0x0000000000000000        0xc ./Src/syscalls.o
 .group         0x0000000000000000        0xc ./Src/syscalls.o
 .group         0x0000000000000000        0xc ./Src/syscalls.o
 .group         0x0000000000000000        0xc ./Src/syscalls.o
 .group         0x0000000000000000        0xc ./Src/syscalls.o
 .group         0x0000000000000000        0xc ./Src/syscalls.o
 .group         0x0000000000000000        0xc ./Src/syscalls.o
 .group         0x0000000000000000        0xc ./Src/syscalls.o
 .group         0x0000000000000000        0xc ./Src/syscalls.o
 .group         0x0000000000000000        0xc ./Src/syscalls.o
 .text          0x0000000000000000        0x0 ./Src/syscalls.o
 .data          0x0000000000000000        0x0 ./Src/syscalls.o
 .bss           0x0000000000000000        0x0 ./Src/syscalls.o
 .bss.__env     0x0000000000000000        0x4 ./Src/syscalls.o
 .data.environ  0x0000000000000000        0x4 ./Src/syscalls.o
 .text.initialise_monitor_handles
                0x0000000000000000        0xc ./Src/syscalls.o
 .text._getpid  0x0000000000000000        0xe ./Src/syscalls.o
 .text._kill    0x0000000000000000       0x20 ./Src/syscalls.o
 .text._exit    0x0000000000000000       0x14 ./Src/syscalls.o
 .text._read    0x0000000000000000       0x3a ./Src/syscalls.o
 .text._write   0x0000000000000000       0x38 ./Src/syscalls.o
 .text._close   0x0000000000000000       0x16 ./Src/syscalls.o
 .text._fstat   0x0000000000000000       0x1e ./Src/syscalls.o
 .text._isatty  0x0000000000000000       0x14 ./Src/syscalls.o
 .text._lseek   0x0000000000000000       0x18 ./Src/syscalls.o
 .text._open    0x0000000000000000       0x1a ./Src/syscalls.o
 .text._wait    0x0000000000000000       0x1e ./Src/syscalls.o
 .text._unlink  0x0000000000000000       0x1e ./Src/syscalls.o
 .text._times   0x0000000000000000       0x16 ./Src/syscalls.o
 .text._stat    0x0000000000000000       0x1e ./Src/syscalls.o
 .text._link    0x0000000000000000       0x20 ./Src/syscalls.o
 .text._fork    0x0000000000000000       0x16 ./Src/syscalls.o
 .text._execve  0x0000000000000000       0x22 ./Src/syscalls.o
 .debug_info    0x0000000000000000      0x6e0 ./Src/syscalls.o
 .debug_abbrev  0x0000000000000000      0x1b3 ./Src/syscalls.o
 .debug_aranges
                0x0000000000000000       0xa8 ./Src/syscalls.o
 .debug_ranges  0x0000000000000000       0x98 ./Src/syscalls.o
 .debug_macro   0x0000000000000000      0x24c ./Src/syscalls.o
 .debug_macro   0x0000000000000000      0xa72 ./Src/syscalls.o
 .debug_macro   0x0000000000000000       0x22 ./Src/syscalls.o
 .debug_macro   0x0000000000000000       0x4c ./Src/syscalls.o
 .debug_macro   0x0000000000000000       0x18 ./Src/syscalls.o
 .debug_macro   0x0000000000000000       0x94 ./Src/syscalls.o
 .debug_macro   0x0000000000000000       0x3c ./Src/syscalls.o
 .debug_macro   0x0000000000000000       0x34 ./Src/syscalls.o
 .debug_macro   0x0000000000000000       0x57 ./Src/syscalls.o
 .debug_macro   0x0000000000000000      0x174 ./Src/syscalls.o
 .debug_macro   0x0000000000000000      0x341 ./Src/syscalls.o
 .debug_macro   0x0000000000000000       0x16 ./Src/syscalls.o
 .debug_macro   0x0000000000000000       0x43 ./Src/syscalls.o
 .debug_macro   0x0000000000000000       0x34 ./Src/syscalls.o
 .debug_macro   0x0000000000000000       0x10 ./Src/syscalls.o
 .debug_macro   0x0000000000000000       0x58 ./Src/syscalls.o
 .debug_macro   0x0000000000000000       0x71 ./Src/syscalls.o
 .debug_macro   0x0000000000000000       0x1c ./Src/syscalls.o
 .debug_macro   0x0000000000000000      0x12a ./Src/syscalls.o
 .debug_macro   0x0000000000000000       0x10 ./Src/syscalls.o
 .debug_macro   0x0000000000000000       0x35 ./Src/syscalls.o
 .debug_macro   0x0000000000000000       0x10 ./Src/syscalls.o
 .debug_macro   0x0000000000000000       0x10 ./Src/syscalls.o
 .debug_macro   0x0000000000000000       0x10 ./Src/syscalls.o
 .debug_macro   0x0000000000000000       0x6a ./Src/syscalls.o
 .debug_macro   0x0000000000000000       0x1c ./Src/syscalls.o
 .debug_macro   0x0000000000000000       0x52 ./Src/syscalls.o
 .debug_macro   0x0000000000000000       0x22 ./Src/syscalls.o
 .debug_macro   0x0000000000000000       0x10 ./Src/syscalls.o
 .debug_macro   0x0000000000000000       0x52 ./Src/syscalls.o
 .debug_macro   0x0000000000000000       0xd5 ./Src/syscalls.o
 .debug_macro   0x0000000000000000       0x1c ./Src/syscalls.o
 .debug_macro   0x0000000000000000       0x3d ./Src/syscalls.o
 .debug_macro   0x0000000000000000       0x35 ./Src/syscalls.o
 .debug_macro   0x0000000000000000      0x12c ./Src/syscalls.o
 .debug_macro   0x0000000000000000       0x16 ./Src/syscalls.o
 .debug_macro   0x0000000000000000       0x16 ./Src/syscalls.o
 .debug_macro   0x0000000000000000       0x29 ./Src/syscalls.o
 .debug_macro   0x0000000000000000       0x10 ./Src/syscalls.o
 .debug_macro   0x0000000000000000      0x241 ./Src/syscalls.o
 .debug_macro   0x0000000000000000       0x1c ./Src/syscalls.o
 .debug_macro   0x0000000000000000       0x10 ./Src/syscalls.o
 .debug_macro   0x0000000000000000       0x10 ./Src/syscalls.o
 .debug_macro   0x0000000000000000       0x16 ./Src/syscalls.o
 .debug_macro   0x0000000000000000      0x145 ./Src/syscalls.o
 .debug_macro   0x0000000000000000      0x189 ./Src/syscalls.o
 .debug_macro   0x0000000000000000       0x16 ./Src/syscalls.o
 .debug_macro   0x0000000000000000       0xce ./Src/syscalls.o
 .debug_line    0x0000000000000000      0x7ef ./Src/syscalls.o
 .debug_str     0x0000000000000000     0x8a1c ./Src/syscalls.o
 .comment       0x0000000000000000       0x51 ./Src/syscalls.o
 .debug_frame   0x0000000000000000      0x2ac ./Src/syscalls.o
 .ARM.attributes
                0x0000000000000000       0x2d ./Src/syscalls.o
 .group         0x0000000000000000        0xc ./Src/sysmem.o
 .group         0x0000000000000000        0xc ./Src/sysmem.o
 .group         0x0000000000000000        0xc ./Src/sysmem.o
 .group         0x0000000000000000        0xc ./Src/sysmem.o
 .group         0x0000000000000000        0xc ./Src/sysmem.o
 .group         0x0000000000000000        0xc ./Src/sysmem.o
 .group         0x0000000000000000        0xc ./Src/sysmem.o
 .group         0x0000000000000000        0xc ./Src/sysmem.o
 .group         0x0000000000000000        0xc ./Src/sysmem.o
 .group         0x0000000000000000        0xc ./Src/sysmem.o
 .group         0x0000000000000000        0xc ./Src/sysmem.o
 .group         0x0000000000000000        0xc ./Src/sysmem.o
 .group         0x0000000000000000        0xc ./Src/sysmem.o
 .group         0x0000000000000000        0xc ./Src/sysmem.o
 .group         0x0000000000000000        0xc ./Src/sysmem.o
 .group         0x0000000000000000        0xc ./Src/sysmem.o
 .group         0x0000000000000000        0xc ./Src/sysmem.o
 .group         0x0000000000000000        0xc ./Src/sysmem.o
 .group         0x0000000000000000        0xc ./Src/sysmem.o
 .group         0x0000000000000000        0xc ./Src/sysmem.o
 .group         0x0000000000000000        0xc ./Src/sysmem.o
 .group         0x0000000000000000        0xc ./Src/sysmem.o
 .text          0x0000000000000000        0x0 ./Src/sysmem.o
 .data          0x0000000000000000        0x0 ./Src/sysmem.o
 .bss           0x0000000000000000        0x0 ./Src/sysmem.o
 .bss.__sbrk_heap_end
                0x0000000000000000        0x4 ./Src/sysmem.o
 .text._sbrk    0x0000000000000000       0x6c ./Src/sysmem.o
 .debug_info    0x0000000000000000      0x171 ./Src/sysmem.o
 .debug_abbrev  0x0000000000000000       0xbb ./Src/sysmem.o
 .debug_aranges
                0x0000000000000000       0x20 ./Src/sysmem.o
 .debug_ranges  0x0000000000000000       0x10 ./Src/sysmem.o
 .debug_macro   0x0000000000000000       0xff ./Src/sysmem.o
 .debug_macro   0x0000000000000000      0xa72 ./Src/sysmem.o
 .debug_macro   0x0000000000000000       0x10 ./Src/sysmem.o
 .debug_macro   0x0000000000000000       0x22 ./Src/sysmem.o
 .debug_macro   0x0000000000000000       0x4c ./Src/sysmem.o
 .debug_macro   0x0000000000000000       0x18 ./Src/sysmem.o
 .debug_macro   0x0000000000000000       0x94 ./Src/sysmem.o
 .debug_macro   0x0000000000000000       0x3c ./Src/sysmem.o
 .debug_macro   0x0000000000000000       0x34 ./Src/sysmem.o
 .debug_macro   0x0000000000000000      0x174 ./Src/sysmem.o
 .debug_macro   0x0000000000000000       0x16 ./Src/sysmem.o
 .debug_macro   0x0000000000000000       0x43 ./Src/sysmem.o
 .debug_macro   0x0000000000000000       0x57 ./Src/sysmem.o
 .debug_macro   0x0000000000000000       0x34 ./Src/sysmem.o
 .debug_macro   0x0000000000000000       0x10 ./Src/sysmem.o
 .debug_macro   0x0000000000000000       0x58 ./Src/sysmem.o
 .debug_macro   0x0000000000000000       0x71 ./Src/sysmem.o
 .debug_macro   0x0000000000000000       0x1c ./Src/sysmem.o
 .debug_macro   0x0000000000000000      0x12a ./Src/sysmem.o
 .debug_macro   0x0000000000000000      0x23b ./Src/sysmem.o
 .debug_macro   0x0000000000000000      0x103 ./Src/sysmem.o
 .debug_macro   0x0000000000000000       0x6a ./Src/sysmem.o
 .debug_macro   0x0000000000000000      0x1df ./Src/sysmem.o
 .debug_line    0x0000000000000000      0x4e5 ./Src/sysmem.o
 .debug_str     0x0000000000000000     0x5d58 ./Src/sysmem.o
 .comment       0x0000000000000000       0x51 ./Src/sysmem.o
 .debug_frame   0x0000000000000000       0x34 ./Src/sysmem.o
 .ARM.attributes
                0x0000000000000000       0x2d ./Src/sysmem.o
 .text          0x0000000000000000       0x14 ./Startup/startup_stm32f103c8tx.o
 .data          0x0000000000000000        0x0 ./Startup/startup_stm32f103c8tx.o
 .bss           0x0000000000000000        0x0 ./Startup/startup_stm32f103c8tx.o
 .text          0x0000000000000000        0x0 c:/st/stm32cubeide_1.10.1/stm32cubeide/plugins/com.st.stm32cube.ide.mcu.externaltools.gnu-tools-for-stm32.10.3-2021.10.win32_1.0.0.202111181127/tools/bin/../lib/gcc/arm-none-eabi/10.3.1/../../../../arm-none-eabi/lib/thumb/v7-m/nofp\libc_nano.a(lib_a-errno.o)
 .data          0x0000000000000000        0x0 c:/st/stm32cubeide_1.10.1/stm32cubeide/plugins/com.st.stm32cube.ide.mcu.externaltools.gnu-tools-for-stm32.10.3-2021.10.win32_1.0.0.202111181127/tools/bin/../lib/gcc/arm-none-eabi/10.3.1/../../../../arm-none-eabi/lib/thumb/v7-m/nofp\libc_nano.a(lib_a-errno.o)
 .bss           0x0000000000000000        0x0 c:/st/stm32cubeide_1.10.1/stm32cubeide/plugins/com.st.stm32cube.ide.mcu.externaltools.gnu-tools-for-stm32.10.3-2021.10.win32_1.0.0.202111181127/tools/bin/../lib/gcc/arm-none-eabi/10.3.1/../../../../arm-none-eabi/lib/thumb/v7-m/nofp\libc_nano.a(lib_a-errno.o)
 .text.__errno  0x0000000000000000        0xc c:/st/stm32cubeide_1.10.1/stm32cubeide/plugins/com.st.stm32cube.ide.mcu.externaltools.gnu-tools-for-stm32.10.3-2021.10.win32_1.0.0.202111181127/tools/bin/../lib/gcc/arm-none-eabi/10.3.1/../../../../arm-none-eabi/lib/thumb/v7-m/nofp\libc_nano.a(lib_a-errno.o)
 .debug_frame   0x0000000000000000       0x20 c:/st/stm32cubeide_1.10.1/stm32cubeide/plugins/com.st.stm32cube.ide.mcu.externaltools.gnu-tools-for-stm32.10.3-2021.10.win32_1.0.0.202111181127/tools/bin/../lib/gcc/arm-none-eabi/10.3.1/../../../../arm-none-eabi/lib/thumb/v7-m/nofp\libc_nano.a(lib_a-errno.o)
 .ARM.attributes
                0x0000000000000000       0x2d c:/st/stm32cubeide_1.10.1/stm32cubeide/plugins/com.st.stm32cube.ide.mcu.externaltools.gnu-tools-for-stm32.10.3-2021.10.win32_1.0.0.202111181127/tools/bin/../lib/gcc/arm-none-eabi/10.3.1/../../../../arm-none-eabi/lib/thumb/v7-m/nofp\libc_nano.a(lib_a-errno.o)
 .text          0x0000000000000000        0x0 c:/st/stm32cubeide_1.10.1/stm32cubeide/plugins/com.st.stm32cube.ide.mcu.externaltools.gnu-tools-for-stm32.10.3-2021.10.win32_1.0.0.202111181127/tools/bin/../lib/gcc/arm-none-eabi/10.3.1/../../../../arm-none-eabi/lib/thumb/v7-m/nofp\libc_nano.a(lib_a-exit.o)
 .data          0x0000000000000000        0x0 c:/st/stm32cubeide_1.10.1/stm32cubeide/plugins/com.st.stm32cube.ide.mcu.externaltools.gnu-tools-for-stm32.10.3-2021.10.win32_1.0.0.202111181127/tools/bin/../lib/gcc/arm-none-eabi/10.3.1/../../../../arm-none-eabi/lib/thumb/v7-m/nofp\libc_nano.a(lib_a-exit.o)
 .bss           0x0000000000000000        0x0 c:/st/stm32cubeide_1.10.1/stm32cubeide/plugins/com.st.stm32cube.ide.mcu.externaltools.gnu-tools-for-stm32.10.3-2021.10.win32_1.0.0.202111181127/tools/bin/../lib/gcc/arm-none-eabi/10.3.1/../../../../arm-none-eabi/lib/thumb/v7-m/nofp\libc_nano.a(lib_a-exit.o)
 .text.exit     0x0000000000000000       0x28 c:/st/stm32cubeide_1.10.1/stm32cubeide/plugins/com.st.stm32cube.ide.mcu.externaltools.gnu-tools-for-stm32.10.3-2021.10.win32_1.0.0.202111181127/tools/bin/../lib/gcc/arm-none-eabi/10.3.1/../../../../arm-none-eabi/lib/thumb/v7-m/nofp\libc_nano.a(lib_a-exit.o)
 .debug_frame   0x0000000000000000       0x28 c:/st/stm32cubeide_1.10.1/stm32cubeide/plugins/com.st.stm32cube.ide.mcu.externaltools.gnu-tools-for-stm32.10.3-2021.10.win32_1.0.0.202111181127/tools/bin/../lib/gcc/arm-none-eabi/10.3.1/../../../../arm-none-eabi/lib/thumb/v7-m/nofp\libc_nano.a(lib_a-exit.o)
 .ARM.attributes
                0x0000000000000000       0x2d c:/st/stm32cubeide_1.10.1/stm32cubeide/plugins/com.st.stm32cube.ide.mcu.externaltools.gnu-tools-for-stm32.10.3-2021.10.win32_1.0.0.202111181127/tools/bin/../lib/gcc/arm-none-eabi/10.3.1/../../../../arm-none-eabi/lib/thumb/v7-m/nofp\libc_nano.a(lib_a-exit.o)
 .text          0x0000000000000000        0x0 c:/st/stm32cubeide_1.10.1/stm32cubeide/plugins/com.st.stm32cube.ide.mcu.externaltools.gnu-tools-for-stm32.10.3-2021.10.win32_1.0.0.202111181127/tools/bin/../lib/gcc/arm-none-eabi/10.3.1/../../../../arm-none-eabi/lib/thumb/v7-m/nofp\libc_nano.a(lib_a-impure.o)
 .data          0x0000000000000000        0x0 c:/st/stm32cubeide_1.10.1/stm32cubeide/plugins/com.st.stm32cube.ide.mcu.externaltools.gnu-tools-for-stm32.10.3-2021.10.win32_1.0.0.202111181127/tools/bin/../lib/gcc/arm-none-eabi/10.3.1/../../../../arm-none-eabi/lib/thumb/v7-m/nofp\libc_nano.a(lib_a-impure.o)
 .bss           0x0000000000000000        0x0 c:/st/stm32cubeide_1.10.1/stm32cubeide/plugins/com.st.stm32cube.ide.mcu.externaltools.gnu-tools-for-stm32.10.3-2021.10.win32_1.0.0.202111181127/tools/bin/../lib/gcc/arm-none-eabi/10.3.1/../../../../arm-none-eabi/lib/thumb/v7-m/nofp\libc_nano.a(lib_a-impure.o)
 .data._impure_ptr
                0x0000000000000000        0x4 c:/st/stm32cubeide_1.10.1/stm32cubeide/plugins/com.st.stm32cube.ide.mcu.externaltools.gnu-tools-for-stm32.10.3-2021.10.win32_1.0.0.202111181127/tools/bin/../lib/gcc/arm-none-eabi/10.3.1/../../../../arm-none-eabi/lib/thumb/v7-m/nofp\libc_nano.a(lib_a-impure.o)
 .data.impure_data
                0x0000000000000000       0x60 c:/st/stm32cubeide_1.10.1/stm32cubeide/plugins/com.st.stm32cube.ide.mcu.externaltools.gnu-tools-for-stm32.10.3-2021.10.win32_1.0.0.202111181127/tools/bin/../lib/gcc/arm-none-eabi/10.3.1/../../../../arm-none-eabi/lib/thumb/v7-m/nofp\libc_nano.a(lib_a-impure.o)
 .rodata._global_impure_ptr
                0x0000000000000000        0x4 c:/st/stm32cubeide_1.10.1/stm32cubeide/plugins/com.st.stm32cube.ide.mcu.externaltools.gnu-tools-for-stm32.10.3-2021.10.win32_1.0.0.202111181127/tools/bin/../lib/gcc/arm-none-eabi/10.3.1/../../../../arm-none-eabi/lib/thumb/v7-m/nofp\libc_nano.a(lib_a-impure.o)
 .ARM.attributes
                0x0000000000000000       0x2d c:/st/stm32cubeide_1.10.1/stm32cubeide/plugins/com.st.stm32cube.ide.mcu.externaltools.gnu-tools-for-stm32.10.3-2021.10.win32_1.0.0.202111181127/tools/bin/../lib/gcc/arm-none-eabi/10.3.1/../../../../arm-none-eabi/lib/thumb/v7-m/nofp\libc_nano.a(lib_a-impure.o)
 .text          0x0000000000000000        0x0 c:/st/stm32cubeide_1.10.1/stm32cubeide/plugins/com.st.stm32cube.ide.mcu.externaltools.gnu-tools-for-stm32.10.3-2021.10.win32_1.0.0.202111181127/tools/bin/../lib/gcc/arm-none-eabi/10.3.1/../../../../arm-none-eabi/lib/thumb/v7-m/nofp\libc_nano.a(lib_a-init.o)
 .data          0x0000000000000000        0x0 c:/st/stm32cubeide_1.10.1/stm32cubeide/plugins/com.st.stm32cube.ide.mcu.externaltools.gnu-tools-for-stm32.10.3-2021.10.win32_1.0.0.202111181127/tools/bin/../lib/gcc/arm-none-eabi/10.3.1/../../../../arm-none-eabi/lib/thumb/v7-m/nofp\libc_nano.a(lib_a-init.o)
 .bss           0x0000000000000000        0x0 c:/st/stm32cubeide_1.10.1/stm32cubeide/plugins/com.st.stm32cube.ide.mcu.externaltools.gnu-tools-for-stm32.10.3-2021.10.win32_1.0.0.202111181127/tools/bin/../lib/gcc/arm-none-eabi/10.3.1/../../../../arm-none-eabi/lib/thumb/v7-m/nofp\libc_nano.a(lib_a-init.o)
 .text          0x0000000000000000        0x0 c:/st/stm32cubeide_1.10.1/stm32cubeide/plugins/com.st.stm32cube.ide.mcu.externaltools.gnu-tools-for-stm32.10.3-2021.10.win32_1.0.0.202111181127/tools/bin/../lib/gcc/arm-none-eabi/10.3.1/../../../../arm-none-eabi/lib/thumb/v7-m/nofp\libc_nano.a(lib_a-memset.o)
 .data          0x0000000000000000        0x0 c:/st/stm32cubeide_1.10.1/stm32cubeide/plugins/com.st.stm32cube.ide.mcu.externaltools.gnu-tools-for-stm32.10.3-2021.10.win32_1.0.0.202111181127/tools/bin/../lib/gcc/arm-none-eabi/10.3.1/../../../../arm-none-eabi/lib/thumb/v7-m/nofp\libc_nano.a(lib_a-memset.o)
 .bss           0x0000000000000000        0x0 c:/st/stm32cubeide_1.10.1/stm32cubeide/plugins/com.st.stm32cube.ide.mcu.externaltools.gnu-tools-for-stm32.10.3-2021.10.win32_1.0.0.202111181127/tools/bin/../lib/gcc/arm-none-eabi/10.3.1/../../../../arm-none-eabi/lib/thumb/v7-m/nofp\libc_nano.a(lib_a-memset.o)
 .text.memset   0x0000000000000000       0x10 c:/st/stm32cubeide_1.10.1/stm32cubeide/plugins/com.st.stm32cube.ide.mcu.externaltools.gnu-tools-for-stm32.10.3-2021.10.win32_1.0.0.202111181127/tools/bin/../lib/gcc/arm-none-eabi/10.3.1/../../../../arm-none-eabi/lib/thumb/v7-m/nofp\libc_nano.a(lib_a-memset.o)
 .debug_frame   0x0000000000000000       0x20 c:/st/stm32cubeide_1.10.1/stm32cubeide/plugins/com.st.stm32cube.ide.mcu.externaltools.gnu-tools-for-stm32.10.3-2021.10.win32_1.0.0.202111181127/tools/bin/../lib/gcc/arm-none-eabi/10.3.1/../../../../arm-none-eabi/lib/thumb/v7-m/nofp\libc_nano.a(lib_a-memset.o)
 .ARM.attributes
                0x0000000000000000       0x2d c:/st/stm32cubeide_1.10.1/stm32cubeide/plugins/com.st.stm32cube.ide.mcu.externaltools.gnu-tools-for-stm32.10.3-2021.10.win32_1.0.0.202111181127/tools/bin/../lib/gcc/arm-none-eabi/10.3.1/../../../../arm-none-eabi/lib/thumb/v7-m/nofp\libc_nano.a(lib_a-memset.o)
 .text          0x0000000000000000        0x0 c:/st/stm32cubeide_1.10.1/stm32cubeide/plugins/com.st.stm32cube.ide.mcu.externaltools.gnu-tools-for-stm32.10.3-2021.10.win32_1.0.0.202111181127/tools/bin/../lib/gcc/arm-none-eabi/10.3.1/thumb/v7-m/nofp/crtend.o
 .data          0x0000000000000000        0x0 c:/st/stm32cubeide_1.10.1/stm32cubeide/plugins/com.st.stm32cube.ide.mcu.externaltools.gnu-tools-for-stm32.10.3-2021.10.win32_1.0.0.202111181127/tools/bin/../lib/gcc/arm-none-eabi/10.3.1/thumb/v7-m/nofp/crtend.o
 .bss           0x0000000000000000        0x0 c:/st/stm32cubeide_1.10.1/stm32cubeide/plugins/com.st.stm32cube.ide.mcu.externaltools.gnu-tools-for-stm32.10.3-2021.10.win32_1.0.0.202111181127/tools/bin/../lib/gcc/arm-none-eabi/10.3.1/thumb/v7-m/nofp/crtend.o
 .rodata        0x0000000000000000       0x24 c:/st/stm32cubeide_1.10.1/stm32cubeide/plugins/com.st.stm32cube.ide.mcu.externaltools.gnu-tools-for-stm32.10.3-2021.10.win32_1.0.0.202111181127/tools/bin/../lib/gcc/arm-none-eabi/10.3.1/thumb/v7-m/nofp/crtend.o
 .eh_frame      0x0000000000000000        0x4 c:/st/stm32cubeide_1.10.1/stm32cubeide/plugins/com.st.stm32cube.ide.mcu.externaltools.gnu-tools-for-stm32.10.3-2021.10.win32_1.0.0.202111181127/tools/bin/../lib/gcc/arm-none-eabi/10.3.1/thumb/v7-m/nofp/crtend.o
 .ARM.attributes
                0x0000000000000000       0x2d c:/st/stm32cubeide_1.10.1/stm32cubeide/plugins/com.st.stm32cube.ide.mcu.externaltools.gnu-tools-for-stm32.10.3-2021.10.win32_1.0.0.202111181127/tools/bin/../lib/gcc/arm-none-eabi/10.3.1/thumb/v7-m/nofp/crtend.o
 .text          0x0000000000000000        0x0 c:/st/stm32cubeide_1.10.1/stm32cubeide/plugins/com.st.stm32cube.ide.mcu.externaltools.gnu-tools-for-stm32.10.3-2021.10.win32_1.0.0.202111181127/tools/bin/../lib/gcc/arm-none-eabi/10.3.1/thumb/v7-m/nofp/crtn.o
 .data          0x0000000000000000        0x0 c:/st/stm32cubeide_1.10.1/stm32cubeide/plugins/com.st.stm32cube.ide.mcu.externaltools.gnu-tools-for-stm32.10.3-2021.10.win32_1.0.0.202111181127/tools/bin/../lib/gcc/arm-none-eabi/10.3.1/thumb/v7-m/nofp/crtn.o
 .bss           0x0000000000000000        0x0 c:/st/stm32cubeide_1.10.1/stm32cubeide/plugins/com.st.stm32cube.ide.mcu.externaltools.gnu-tools-for-stm32.10.3-2021.10.win32_1.0.0.202111181127/tools/bin/../lib/gcc/arm-none-eabi/10.3.1/thumb/v7-m/nofp/crtn.o

Memory Configuration

Name             Origin             Length             Attributes
RAM              0x0000000020000000 0x0000000000005000 xrw
FLASH            0x0000000008000000 0x0000000000010000 xr
*default*        0x0000000000000000 0xffffffffffffffff

Linker script and memory map

LOAD c:/st/stm32cubeide_1.10.1/stm32cubeide/plugins/com.st.stm32cube.ide.mcu.externaltools.gnu-tools-for-stm32.10.3-2021.10.win32_1.0.0.202111181127/tools/bin/../lib/gcc/arm-none-eabi/10.3.1/thumb/v7-m/nofp/crti.o
LOAD c:/st/stm32cubeide_1.10.1/stm32cubeide/plugins/com.st.stm32cube.ide.mcu.externaltools.gnu-tools-for-stm32.10.3-2021.10.win32_1.0.0.202111181127/tools/bin/../lib/gcc/arm-none-eabi/10.3.1/thumb/v7-m/nofp/crtbegin.o
LOAD c:/st/stm32cubeide_1.10.1/stm32cubeide/plugins/com.st.stm32cube.ide.mcu.externaltools.gnu-tools-for-stm32.10.3-2021.10.win32_1.0.0.202111181127/tools/bin/../lib/gcc/arm-none-eabi/10.3.1/../../../../arm-none-eabi/lib/thumb/v7-m/nofp/crt0.o
LOAD ./Src/alarmled.o
LOAD ./Src/clocksettings.o
LOAD ./Src/main.o
LOAD ./Src/rtci2c.o
LOAD ./Src/syscalls.o
LOAD ./Src/sysmem.o
LOAD ./Startup/startup_stm32f103c8tx.o
START GROUP
LOAD c:/st/stm32cubeide_1.10.1/stm32cubeide/plugins/com.st.stm32cube.ide.mcu.externaltools.gnu-tools-for-stm32.10.3-2021.10.win32_1.0.0.202111181127/tools/bin/../lib/gcc/arm-none-eabi/10.3.1/../../../../arm-none-eabi/lib/thumb/v7-m/nofp\libc_nano.a
LOAD c:/st/stm32cubeide_1.10.1/stm32cubeide/plugins/com.st.stm32cube.ide.mcu.externaltools.gnu-tools-for-stm32.10.3-2021.10.win32_1.0.0.202111181127/tools/bin/../lib/gcc/arm-none-eabi/10.3.1/../../../../arm-none-eabi/lib/thumb/v7-m/nofp\libm.a
END GROUP
START GROUP
LOAD c:/st/stm32cubeide_1.10.1/stm32cubeide/plugins/com.st.stm32cube.ide.mcu.externaltools.gnu-tools-for-stm32.10.3-2021.10.win32_1.0.0.202111181127/tools/bin/../lib/gcc/arm-none-eabi/10.3.1/thumb/v7-m/nofp\libgcc.a
LOAD c:/st/stm32cubeide_1.10.1/stm32cubeide/plugins/com.st.stm32cube.ide.mcu.externaltools.gnu-tools-for-stm32.10.3-2021.10.win32_1.0.0.202111181127/tools/bin/../lib/gcc/arm-none-eabi/10.3.1/../../../../arm-none-eabi/lib/thumb/v7-m/nofp\libc_nano.a
END GROUP
START GROUP
LOAD c:/st/stm32cubeide_1.10.1/stm32cubeide/plugins/com.st.stm32cube.ide.mcu.externaltools.gnu-tools-for-stm32.10.3-2021.10.win32_1.0.0.202111181127/tools/bin/../lib/gcc/arm-none-eabi/10.3.1/thumb/v7-m/nofp\libgcc.a
LOAD c:/st/stm32cubeide_1.10.1/stm32cubeide/plugins/com.st.stm32cube.ide.mcu.externaltools.gnu-tools-for-stm32.10.3-2021.10.win32_1.0.0.202111181127/tools/bin/../lib/gcc/arm-none-eabi/10.3.1/../../../../arm-none-eabi/lib/thumb/v7-m/nofp\libc_nano.a
LOAD c:/st/stm32cubeide_1.10.1/stm32cubeide/plugins/com.st.stm32cube.ide.mcu.externaltools.gnu-tools-for-stm32.10.3-2021.10.win32_1.0.0.202111181127/tools/bin/../lib/gcc/arm-none-eabi/10.3.1/../../../../arm-none-eabi/lib/thumb/v7-m/nofp\libnosys.a
END GROUP
START GROUP
LOAD c:/st/stm32cubeide_1.10.1/stm32cubeide/plugins/com.st.stm32cube.ide.mcu.externaltools.gnu-tools-for-stm32.10.3-2021.10.win32_1.0.0.202111181127/tools/bin/../lib/gcc/arm-none-eabi/10.3.1/thumb/v7-m/nofp\libgcc.a
LOAD c:/st/stm32cubeide_1.10.1/stm32cubeide/plugins/com.st.stm32cube.ide.mcu.externaltools.gnu-tools-for-stm32.10.3-2021.10.win32_1.0.0.202111181127/tools/bin/../lib/gcc/arm-none-eabi/10.3.1/../../../../arm-none-eabi/lib/thumb/v7-m/nofp\libc_nano.a
LOAD c:/st/stm32cubeide_1.10.1/stm32cubeide/plugins/com.st.stm32cube.ide.mcu.externaltools.gnu-tools-for-stm32.10.3-2021.10.win32_1.0.0.202111181127/tools/bin/../lib/gcc/arm-none-eabi/10.3.1/../../../../arm-none-eabi/lib/thumb/v7-m/nofp\libnosys.a
END GROUP
LOAD c:/st/stm32cubeide_1.10.1/stm32cubeide/plugins/com.st.stm32cube.ide.mcu.externaltools.gnu-tools-for-stm32.10.3-2021.10.win32_1.0.0.202111181127/tools/bin/../lib/gcc/arm-none-eabi/10.3.1/thumb/v7-m/nofp/crtend.o
LOAD c:/st/stm32cubeide_1.10.1/stm32cubeide/plugins/com.st.stm32cube.ide.mcu.externaltools.gnu-tools-for-stm32.10.3-2021.10.win32_1.0.0.202111181127/tools/bin/../lib/gcc/arm-none-eabi/10.3.1/thumb/v7-m/nofp/crtn.o
                0x0000000020005000                _estack = (ORIGIN (RAM) + LENGTH (RAM))
                0x0000000000000200                _Min_Heap_Size = 0x200
                0x0000000000000400                _Min_Stack_Size = 0x400

.isr_vector     0x0000000008000000      0x130
                0x0000000008000000                . = ALIGN (0x4)
 *(.isr_vector)
 .isr_vector    0x0000000008000000      0x130 ./Startup/startup_stm32f103c8tx.o
                0x0000000008000000                g_pfnVectors
                0x0000000008000130                . = ALIGN (0x4)

.text           0x0000000008000130     0x1ce0
                0x0000000008000130                . = ALIGN (0x4)
 *(.text)
 .text          0x0000000008000130       0x40 c:/st/stm32cubeide_1.10.1/stm32cubeide/plugins/com.st.stm32cube.ide.mcu.externaltools.gnu-tools-for-stm32.10.3-2021.10.win32_1.0.0.202111181127/tools/bin/../lib/gcc/arm-none-eabi/10.3.1/thumb/v7-m/nofp/crtbegin.o
 *(.text*)
 .text.LED_Initalize
                0x0000000008000170      0x164 ./Src/alarmled.o
                0x0000000008000170                LED_Initalize
 .text.LED_NUM_1_SET_0
                0x00000000080002d4       0x28 ./Src/alarmled.o
                0x00000000080002d4                LED_NUM_1_SET_0
 .text.LED_NUM_1_SET_1
                0x00000000080002fc       0x1c ./Src/alarmled.o
                0x00000000080002fc                LED_NUM_1_SET_1
 .text.LED_NUM_2_SET_0
                0x0000000008000318       0x74 ./Src/alarmled.o
                0x0000000008000318                LED_NUM_2_SET_0
 .text.LED_NUM_2_SET_1
                0x000000000800038c       0x44 ./Src/alarmled.o
                0x000000000800038c                LED_NUM_2_SET_1
 .text.LED_NUM_2_SET_2
                0x00000000080003d0       0x68 ./Src/alarmled.o
                0x00000000080003d0                LED_NUM_2_SET_2
 .text.LED_NUM_2_SET_3
                0x0000000008000438       0x68 ./Src/alarmled.o
                0x0000000008000438                LED_NUM_2_SET_3
 .text.LED_NUM_2_SET_4
                0x00000000080004a0       0x5c ./Src/alarmled.o
                0x00000000080004a0                LED_NUM_2_SET_4
 .text.LED_NUM_2_SET_5
                0x00000000080004fc       0x68 ./Src/alarmled.o
                0x00000000080004fc                LED_NUM_2_SET_5
 .text.LED_NUM_2_SET_6
                0x0000000008000564       0x74 ./Src/alarmled.o
                0x0000000008000564                LED_NUM_2_SET_6
 .text.LED_NUM_2_SET_7
                0x00000000080005d8       0x50 ./Src/alarmled.o
                0x00000000080005d8                LED_NUM_2_SET_7
 .text.LED_NUM_2_SET_8
                0x0000000008000628       0x80 ./Src/alarmled.o
                0x0000000008000628                LED_NUM_2_SET_8
 .text.LED_NUM_2_SET_9
                0x00000000080006a8       0x68 ./Src/alarmled.o
                0x00000000080006a8                LED_NUM_2_SET_9
 .text.LED_NUM_3_SET_0
                0x0000000008000710       0x74 ./Src/alarmled.o
                0x0000000008000710                LED_NUM_3_SET_0
 .text.LED_NUM_3_SET_1
                0x0000000008000784       0x44 ./Src/alarmled.o
                0x0000000008000784                LED_NUM_3_SET_1
 .text.LED_NUM_3_SET_2
                0x00000000080007c8       0x68 ./Src/alarmled.o
                0x00000000080007c8                LED_NUM_3_SET_2
 .text.LED_NUM_3_SET_3
                0x0000000008000830       0x68 ./Src/alarmled.o
                0x0000000008000830                LED_NUM_3_SET_3
 .text.LED_NUM_3_SET_4
                0x0000000008000898       0x5c ./Src/alarmled.o
                0x0000000008000898                LED_NUM_3_SET_4
 .text.LED_NUM_3_SET_5
                0x00000000080008f4       0x68 ./Src/alarmled.o
                0x00000000080008f4                LED_NUM_3_SET_5
 .text.LED_NUM_3_SET_6
                0x000000000800095c       0x74 ./Src/alarmled.o
                0x000000000800095c                LED_NUM_3_SET_6
 .text.LED_NUM_3_SET_7
                0x00000000080009d0       0x50 ./Src/alarmled.o
                0x00000000080009d0                LED_NUM_3_SET_7
 .text.LED_NUM_3_SET_8
                0x0000000008000a20       0x80 ./Src/alarmled.o
                0x0000000008000a20                LED_NUM_3_SET_8
 .text.LED_NUM_3_SET_9
                0x0000000008000aa0       0x68 ./Src/alarmled.o
                0x0000000008000aa0                LED_NUM_3_SET_9
 .text.LED_NUM_4_CLEAR
                0x0000000008000b08       0x1c ./Src/alarmled.o
                0x0000000008000b08                LED_NUM_4_CLEAR
 .text.LED_NUM_4_SET_0
                0x0000000008000b24       0x58 ./Src/alarmled.o
                0x0000000008000b24                LED_NUM_4_SET_0
 .text.LED_NUM_4_SET_1
                0x0000000008000b7c       0x28 ./Src/alarmled.o
                0x0000000008000b7c                LED_NUM_4_SET_1
 .text.LED_NUM_4_SET_2
                0x0000000008000ba4       0x4c ./Src/alarmled.o
                0x0000000008000ba4                LED_NUM_4_SET_2
 .text.LED_NUM_4_SET_3
                0x0000000008000bf0       0x4c ./Src/alarmled.o
                0x0000000008000bf0                LED_NUM_4_SET_3
 .text.LED_NUM_4_SET_4
                0x0000000008000c3c       0x40 ./Src/alarmled.o
                0x0000000008000c3c                LED_NUM_4_SET_4
 .text.LED_NUM_4_SET_5
                0x0000000008000c7c       0x4c ./Src/alarmled.o
                0x0000000008000c7c                LED_NUM_4_SET_5
 .text.LED_NUM_4_SET_6
                0x0000000008000cc8       0x58 ./Src/alarmled.o
                0x0000000008000cc8                LED_NUM_4_SET_6
 .text.LED_NUM_4_SET_7
                0x0000000008000d20       0x34 ./Src/alarmled.o
                0x0000000008000d20                LED_NUM_4_SET_7
 .text.LED_NUM_4_SET_8
                0x0000000008000d54       0x64 ./Src/alarmled.o
                0x0000000008000d54                LED_NUM_4_SET_8
 .text.LED_NUM_4_SET_9
                0x0000000008000db8       0x4c ./Src/alarmled.o
                0x0000000008000db8                LED_NUM_4_SET_9
 .text.buttons_intalize
                0x0000000008000e04       0xe8 ./Src/clocksettings.o
                0x0000000008000e04                buttons_intalize
 .text.main     0x0000000008000eec      0x570 ./Src/main.o
                0x0000000008000eec                main
 .text.EXTI0_IRQHandler
                0x000000000800145c       0x40 ./Src/main.o
                0x000000000800145c                EXTI0_IRQHandler
 .text.EXTI1_IRQHandler
                0x000000000800149c       0x3c ./Src/main.o
                0x000000000800149c                EXTI1_IRQHandler
 .text.TIM3_IRQHandler
                0x00000000080014d8       0xf4 ./Src/main.o
                0x00000000080014d8                TIM3_IRQHandler
 .text.TIM4_IRQHandler
                0x00000000080015cc      0x1cc ./Src/main.o
                0x00000000080015cc                TIM4_IRQHandler
 .text.binary_to_bcd
                0x0000000008001798       0x58 ./Src/rtci2c.o
                0x0000000008001798                binary_to_bcd
 .text.bcd_to_binary
                0x00000000080017f0       0x36 ./Src/rtci2c.o
                0x00000000080017f0                bcd_to_binary
 *fill*         0x0000000008001826        0x2 
 .text.I2C_SendData
                0x0000000008001828       0xa8 ./Src/rtci2c.o
                0x0000000008001828                I2C_SendData
 .text.I2C_RecieveData
                0x00000000080018d0       0xd0 ./Src/rtci2c.o
                0x00000000080018d0                I2C_RecieveData
 .text.ds1307_write
                0x00000000080019a0       0x2e ./Src/rtci2c.o
                0x00000000080019a0                ds1307_write
 .text.ds1307_read
                0x00000000080019ce       0x26 ./Src/rtci2c.o
                0x00000000080019ce                ds1307_read
 .text.ds1307_set_current_time
                0x00000000080019f4       0x72 ./Src/rtci2c.o
                0x00000000080019f4                ds1307_set_current_time
 .text.ds1307_get_current_time
                0x0000000008001a66       0x8c ./Src/rtci2c.o
                0x0000000008001a66                ds1307_get_current_time
 *fill*         0x0000000008001af2        0x2 
 .text.updateClockTime
                0x0000000008001af4      0x1e0 ./Src/rtci2c.o
                0x0000000008001af4                updateClockTime
 .text.I2C_initalize
                0x0000000008001cd4       0x88 ./Src/rtci2c.o
                0x0000000008001cd4                I2C_initalize
 .text.Reset_Handler
                0x0000000008001d5c       0x50 ./Startup/startup_stm32f103c8tx.o
                0x0000000008001d5c                Reset_Handler
 .text.Default_Handler
                0x0000000008001dac        0x2 ./Startup/startup_stm32f103c8tx.o
                0x0000000008001dac                EXTI2_IRQHandler
                0x0000000008001dac                TIM8_TRG_COM_IRQHandler
                0x0000000008001dac                TIM8_CC_IRQHandler
                0x0000000008001dac                DebugMon_Handler
                0x0000000008001dac                TIM1_CC_IRQHandler
                0x0000000008001dac                HardFault_Handler
                0x0000000008001dac                TIM6_IRQHandler
                0x0000000008001dac                SysTick_Handler
                0x0000000008001dac                PVD_IRQHandler
                0x0000000008001dac                SDIO_IRQHandler
                0x0000000008001dac                PendSV_Handler
                0x0000000008001dac                NMI_Handler
                0x0000000008001dac                EXTI3_IRQHandler
                0x0000000008001dac                USB_HP_CAN_TX_IRQHandler
                0x0000000008001dac                I2C2_EV_IRQHandler
                0x0000000008001dac                UsageFault_Handler
                0x0000000008001dac                ADC1_2_IRQHandler
                0x0000000008001dac                SPI1_IRQHandler
                0x0000000008001dac                CAN_SCE_IRQHandler
                0x0000000008001dac                TAMPER_IRQHandler
                0x0000000008001dac                TIM8_UP_IRQHandler
                0x0000000008001dac                DMA2_Channel2_IRQHandler
                0x0000000008001dac                DMA1_Channel4_IRQHandler
                0x0000000008001dac                USART3_IRQHandler
                0x0000000008001dac                RTC_IRQHandler
                0x0000000008001dac                DMA1_Channel7_IRQHandler
                0x0000000008001dac                UART5_IRQHandler
                0x0000000008001dac                ADC3_IRQHandler
                0x0000000008001dac                CAN_RX1_IRQHandler
                0x0000000008001dac                DMA2_Channel1_IRQHandler
                0x0000000008001dac                I2C1_EV_IRQHandler
                0x0000000008001dac                DMA1_Channel6_IRQHandler
                0x0000000008001dac                UART4_IRQHandler
                0x0000000008001dac                RCC_IRQHandler
                0x0000000008001dac                TIM1_TRG_COM_IRQHandler
                0x0000000008001dac                DMA1_Channel1_IRQHandler
                0x0000000008001dac                Default_Handler
                0x0000000008001dac                EXTI15_10_IRQHandler
                0x0000000008001dac                TIM7_IRQHandler
                0x0000000008001dac                TIM5_IRQHandler
                0x0000000008001dac                EXTI9_5_IRQHandler
                0x0000000008001dac                SPI2_IRQHandler
                0x0000000008001dac                USB_LP_CAN_RX0_IRQHandler
                0x0000000008001dac                MemManage_Handler
                0x0000000008001dac                SVC_Handler
                0x0000000008001dac                DMA1_Channel5_IRQHandler
                0x0000000008001dac                EXTI4_IRQHandler
                0x0000000008001dac                DMA1_Channel3_IRQHandler
                0x0000000008001dac                FSMC_IRQHandler
                0x0000000008001dac                TIM1_UP_IRQHandler
                0x0000000008001dac                WWDG_IRQHandler
                0x0000000008001dac                TIM2_IRQHandler
                0x0000000008001dac                TIM1_BRK_IRQHandler
                0x0000000008001dac                RTCAlarm_IRQHandler
                0x0000000008001dac                DMA2_Channel4_5_IRQHandler
                0x0000000008001dac                USART2_IRQHandler
                0x0000000008001dac                I2C2_ER_IRQHandler
                0x0000000008001dac                DMA1_Channel2_IRQHandler
                0x0000000008001dac                TIM8_BRK_IRQHandler
                0x0000000008001dac                FLASH_IRQHandler
                0x0000000008001dac                BusFault_Handler
                0x0000000008001dac                USART1_IRQHandler
                0x0000000008001dac                SPI3_IRQHandler
                0x0000000008001dac                I2C1_ER_IRQHandler
                0x0000000008001dac                DMA2_Channel3_IRQHandler
 *fill*         0x0000000008001dae        0x2 
 .text.__libc_init_array
                0x0000000008001db0       0x48 c:/st/stm32cubeide_1.10.1/stm32cubeide/plugins/com.st.stm32cube.ide.mcu.externaltools.gnu-tools-for-stm32.10.3-2021.10.win32_1.0.0.202111181127/tools/bin/../lib/gcc/arm-none-eabi/10.3.1/../../../../arm-none-eabi/lib/thumb/v7-m/nofp\libc_nano.a(lib_a-init.o)
                0x0000000008001db0                __libc_init_array
 *(.glue_7)
 .glue_7        0x0000000008001df8        0x0 linker stubs
 *(.glue_7t)
 .glue_7t       0x0000000008001df8        0x0 linker stubs
 *(.eh_frame)
 .eh_frame      0x0000000008001df8        0x0 c:/st/stm32cubeide_1.10.1/stm32cubeide/plugins/com.st.stm32cube.ide.mcu.externaltools.gnu-tools-for-stm32.10.3-2021.10.win32_1.0.0.202111181127/tools/bin/../lib/gcc/arm-none-eabi/10.3.1/thumb/v7-m/nofp/crtbegin.o
 *(.init)
 .init          0x0000000008001df8        0x4 c:/st/stm32cubeide_1.10.1/stm32cubeide/plugins/com.st.stm32cube.ide.mcu.externaltools.gnu-tools-for-stm32.10.3-2021.10.win32_1.0.0.202111181127/tools/bin/../lib/gcc/arm-none-eabi/10.3.1/thumb/v7-m/nofp/crti.o
                0x0000000008001df8                _init
 .init          0x0000000008001dfc        0x8 c:/st/stm32cubeide_1.10.1/stm32cubeide/plugins/com.st.stm32cube.ide.mcu.externaltools.gnu-tools-for-stm32.10.3-2021.10.win32_1.0.0.202111181127/tools/bin/../lib/gcc/arm-none-eabi/10.3.1/thumb/v7-m/nofp/crtn.o
 *(.fini)
 .fini          0x0000000008001e04        0x4 c:/st/stm32cubeide_1.10.1/stm32cubeide/plugins/com.st.stm32cube.ide.mcu.externaltools.gnu-tools-for-stm32.10.3-2021.10.win32_1.0.0.202111181127/tools/bin/../lib/gcc/arm-none-eabi/10.3.1/thumb/v7-m/nofp/crti.o
                0x0000000008001e04                _fini
 .fini          0x0000000008001e08        0x8 c:/st/stm32cubeide_1.10.1/stm32cubeide/plugins/com.st.stm32cube.ide.mcu.externaltools.gnu-tools-for-stm32.10.3-2021.10.win32_1.0.0.202111181127/tools/bin/../lib/gcc/arm-none-eabi/10.3.1/thumb/v7-m/nofp/crtn.o
                0x0000000008001e10                . = ALIGN (0x4)
                0x0000000008001e10                _etext = .

.vfp11_veneer   0x0000000008001e10        0x0
 .vfp11_veneer  0x0000000008001e10        0x0 linker stubs

.v4_bx          0x0000000008001e10        0x0
 .v4_bx         0x0000000008001e10        0x0 linker stubs

.iplt           0x0000000008001e10        0x0
 .iplt          0x0000000008001e10        0x0 c:/st/stm32cubeide_1.10.1/stm32cubeide/plugins/com.st.stm32cube.ide.mcu.externaltools.gnu-tools-for-stm32.10.3-2021.10.win32_1.0.0.202111181127/tools/bin/../lib/gcc/arm-none-eabi/10.3.1/thumb/v7-m/nofp/crtbegin.o

.rel.dyn        0x0000000008001e10        0x0
 .rel.iplt      0x0000000008001e10        0x0 c:/st/stm32cubeide_1.10.1/stm32cubeide/plugins/com.st.stm32cube.ide.mcu.externaltools.gnu-tools-for-stm32.10.3-2021.10.win32_1.0.0.202111181127/tools/bin/../lib/gcc/arm-none-eabi/10.3.1/thumb/v7-m/nofp/crtbegin.o

.rodata         0x0000000008001e10        0x0
                0x0000000008001e10                . = ALIGN (0x4)
 *(.rodata)
 *(.rodata*)
                0x0000000008001e10                . = ALIGN (0x4)

.ARM.extab      0x0000000008001e10        0x0
                0x0000000008001e10                . = ALIGN (0x4)
 *(.ARM.extab* .gnu.linkonce.armextab.*)
                0x0000000008001e10                . = ALIGN (0x4)

.ARM            0x0000000008001e10        0x0
                0x0000000008001e10                . = ALIGN (0x4)
                0x0000000008001e10                __exidx_start = .
 *(.ARM.exidx*)
                0x0000000008001e10                __exidx_end = .
                0x0000000008001e10                . = ALIGN (0x4)

.preinit_array  0x0000000008001e10        0x0
                0x0000000008001e10                . = ALIGN (0x4)
                0x0000000008001e10                PROVIDE (__preinit_array_start = .)
 *(.preinit_array*)
                0x0000000008001e10                PROVIDE (__preinit_array_end = .)
                0x0000000008001e10                . = ALIGN (0x4)

.init_array     0x0000000008001e10        0x4
                0x0000000008001e10                . = ALIGN (0x4)
                0x0000000008001e10                PROVIDE (__init_array_start = .)
 *(SORT_BY_NAME(.init_array.*))
 *(.init_array*)
 .init_array    0x0000000008001e10        0x4 c:/st/stm32cubeide_1.10.1/stm32cubeide/plugins/com.st.stm32cube.ide.mcu.externaltools.gnu-tools-for-stm32.10.3-2021.10.win32_1.0.0.202111181127/tools/bin/../lib/gcc/arm-none-eabi/10.3.1/thumb/v7-m/nofp/crtbegin.o
                0x0000000008001e14                PROVIDE (__init_array_end = .)
                0x0000000008001e14                . = ALIGN (0x4)

.fini_array     0x0000000008001e14        0x4
                0x0000000008001e14                . = ALIGN (0x4)
                [!provide]                        PROVIDE (__fini_array_start = .)
 *(SORT_BY_NAME(.fini_array.*))
 *(.fini_array*)
 .fini_array    0x0000000008001e14        0x4 c:/st/stm32cubeide_1.10.1/stm32cubeide/plugins/com.st.stm32cube.ide.mcu.externaltools.gnu-tools-for-stm32.10.3-2021.10.win32_1.0.0.202111181127/tools/bin/../lib/gcc/arm-none-eabi/10.3.1/thumb/v7-m/nofp/crtbegin.o
                [!provide]                        PROVIDE (__fini_array_end = .)
                0x0000000008001e18                . = ALIGN (0x4)
                0x0000000008001e18                _sidata = LOADADDR (.data)

.data           0x0000000020000000       0x84 load address 0x0000000008001e18
                0x0000000020000000                . = ALIGN (0x4)
                0x0000000020000000                _sdata = .
 *(.data)
 *(.data*)
 .data.blinked  0x0000000020000000        0x1 ./Src/main.o
                0x0000000020000000                blinked
 *fill*         0x0000000020000001        0x3 
 .data.NUM_1_SET
                0x0000000020000004        0x8 ./Src/main.o
                0x0000000020000004                NUM_1_SET
 .data.NUM_2_SET
                0x000000002000000c       0x28 ./Src/main.o
                0x000000002000000c                NUM_2_SET
 .data.NUM_3_SET
                0x0000000020000034       0x28 ./Src/main.o
                0x0000000020000034                NUM_3_SET
 .data.NUM_4_SET
                0x000000002000005c       0x28 ./Src/main.o
                0x000000002000005c                NUM_4_SET
 *(.RamFunc)
 *(.RamFunc*)
                0x0000000020000084                . = ALIGN (0x4)
                0x0000000020000084                _edata = .

.igot.plt       0x0000000020000084        0x0 load address 0x0000000008001e9c
 .igot.plt      0x0000000020000084        0x0 c:/st/stm32cubeide_1.10.1/stm32cubeide/plugins/com.st.stm32cube.ide.mcu.externaltools.gnu-tools-for-stm32.10.3-2021.10.win32_1.0.0.202111181127/tools/bin/../lib/gcc/arm-none-eabi/10.3.1/thumb/v7-m/nofp/crtbegin.o
                0x0000000020000084                . = ALIGN (0x4)

.bss            0x0000000020000084       0x38 load address 0x0000000008001e9c
                0x0000000020000084                _sbss = .
                0x0000000020000084                __bss_start__ = _sbss
 *(.bss)
 .bss           0x0000000020000084       0x1c c:/st/stm32cubeide_1.10.1/stm32cubeide/plugins/com.st.stm32cube.ide.mcu.externaltools.gnu-tools-for-stm32.10.3-2021.10.win32_1.0.0.202111181127/tools/bin/../lib/gcc/arm-none-eabi/10.3.1/thumb/v7-m/nofp/crtbegin.o
 *(.bss*)
 .bss.alarmClockState
                0x00000000200000a0        0x1 ./Src/main.o
                0x00000000200000a0                alarmClockState
 .bss.alarmClockSetNum
                0x00000000200000a1        0x1 ./Src/main.o
                0x00000000200000a1                alarmClockSetNum
 .bss.userUpdatedTime
                0x00000000200000a2        0x1 ./Src/main.o
                0x00000000200000a2                userUpdatedTime
 *fill*         0x00000000200000a3        0x1 
 .bss.current_time
                0x00000000200000a4        0x4 ./Src/main.o
                0x00000000200000a4                current_time
 .bss.alarm_time
                0x00000000200000a8        0x4 ./Src/main.o
                0x00000000200000a8                alarm_time
 .bss.buttonModeProcessed
                0x00000000200000ac        0x4 ./Src/main.o
                0x00000000200000ac                buttonModeProcessed
 .bss.buttonModeLastDebounceTime
                0x00000000200000b0        0x4 ./Src/main.o
                0x00000000200000b0                buttonModeLastDebounceTime
 .bss.buttonSetProcessed
                0x00000000200000b4        0x4 ./Src/main.o
                0x00000000200000b4                buttonSetProcessed
 .bss.buttonSetLastDebounceTime
                0x00000000200000b8        0x4 ./Src/main.o
                0x00000000200000b8                buttonSetLastDebounceTime
 *(COMMON)
                0x00000000200000bc                . = ALIGN (0x4)
                0x00000000200000bc                _ebss = .
                0x00000000200000bc                __bss_end__ = _ebss

._user_heap_stack
                0x00000000200000bc      0x604 load address 0x0000000008001e9c
                0x00000000200000c0                . = ALIGN (0x8)
 *fill*         0x00000000200000bc        0x4 
                [!provide]                        PROVIDE (end = .)
                0x00000000200000c0                PROVIDE (_end = .)
                0x00000000200002c0                . = (. + _Min_Heap_Size)
 *fill*         0x00000000200000c0      0x200 
                0x00000000200006c0                . = (. + _Min_Stack_Size)
 *fill*         0x00000000200002c0      0x400 
                0x00000000200006c0                . = ALIGN (0x8)

/DISCARD/
 libc.a(*)
 libm.a(*)
 libgcc.a(*)

.ARM.attributes
                0x0000000000000000       0x29
 *(.ARM.attributes)
 .ARM.attributes
                0x0000000000000000       0x1d c:/st/stm32cubeide_1.10.1/stm32cubeide/plugins/com.st.stm32cube.ide.mcu.externaltools.gnu-tools-for-stm32.10.3-2021.10.win32_1.0.0.202111181127/tools/bin/../lib/gcc/arm-none-eabi/10.3.1/thumb/v7-m/nofp/crti.o
 .ARM.attributes
                0x000000000000001d       0x2d c:/st/stm32cubeide_1.10.1/stm32cubeide/plugins/com.st.stm32cube.ide.mcu.externaltools.gnu-tools-for-stm32.10.3-2021.10.win32_1.0.0.202111181127/tools/bin/../lib/gcc/arm-none-eabi/10.3.1/thumb/v7-m/nofp/crtbegin.o
 .ARM.attributes
                0x000000000000004a       0x2d ./Src/alarmled.o
 .ARM.attributes
                0x0000000000000077       0x2d ./Src/clocksettings.o
 .ARM.attributes
                0x00000000000000a4       0x2d ./Src/main.o
 .ARM.attributes
                0x00000000000000d1       0x2d ./Src/rtci2c.o
 .ARM.attributes
                0x00000000000000fe       0x21 ./Startup/startup_stm32f103c8tx.o
 .ARM.attributes
                0x000000000000011f       0x2d c:/st/stm32cubeide_1.10.1/stm32cubeide/plugins/com.st.stm32cube.ide.mcu.externaltools.gnu-tools-for-stm32.10.3-2021.10.win32_1.0.0.202111181127/tools/bin/../lib/gcc/arm-none-eabi/10.3.1/../../../../arm-none-eabi/lib/thumb/v7-m/nofp\libc_nano.a(lib_a-init.o)
 .ARM.attributes
                0x000000000000014c       0x1d c:/st/stm32cubeide_1.10.1/stm32cubeide/plugins/com.st.stm32cube.ide.mcu.externaltools.gnu-tools-for-stm32.10.3-2021.10.win32_1.0.0.202111181127/tools/bin/../lib/gcc/arm-none-eabi/10.3.1/thumb/v7-m/nofp/crtn.o
OUTPUT(Alarm Clock.elf elf32-littlearm)
LOAD linker stubs
LOAD c:/st/stm32cubeide_1.10.1/stm32cubeide/plugins/com.st.stm32cube.ide.mcu.externaltools.gnu-tools-for-stm32.10.3-2021.10.win32_1.0.0.202111181127/tools/bin/../lib/gcc/arm-none-eabi/10.3.1/../../../../arm-none-eabi/lib/thumb/v7-m/nofp\libc.a
LOAD c:/st/stm32cubeide_1.10.1/stm32cubeide/plugins/com.st.stm32cube.ide.mcu.externaltools.gnu-tools-for-stm32.10.3-2021.10.win32_1.0.0.202111181127/tools/bin/../lib/gcc/arm-none-eabi/10.3.1/../../../../arm-none-eabi/lib/thumb/v7-m/nofp\libm.a
LOAD c:/st/stm32cubeide_1.10.1/stm32cubeide/plugins/com.st.stm32cube.ide.mcu.externaltools.gnu-tools-for-stm32.10.3-2021.10.win32_1.0.0.202111181127/tools/bin/../lib/gcc/arm-none-eabi/10.3.1/thumb/v7-m/nofp\libgcc.a

.debug_info     0x0000000000000000     0x1107
 .debug_info    0x0000000000000000      0x37f ./Src/alarmled.o
 .debug_info    0x000000000000037f      0x1f2 ./Src/clocksettings.o
 .debug_info    0x0000000000000571      0x6ce ./Src/main.o
 .debug_info    0x0000000000000c3f      0x4a6 ./Src/rtci2c.o
 .debug_info    0x00000000000010e5       0x22 ./Startup/startup_stm32f103c8tx.o

.debug_abbrev   0x0000000000000000      0x4a7
 .debug_abbrev  0x0000000000000000       0xe8 ./Src/alarmled.o
 .debug_abbrev  0x00000000000000e8       0xb6 ./Src/clocksettings.o
 .debug_abbrev  0x000000000000019e      0x17d ./Src/main.o
 .debug_abbrev  0x000000000000031b      0x17a ./Src/rtci2c.o
 .debug_abbrev  0x0000000000000495       0x12 ./Startup/startup_stm32f103c8tx.o

.debug_aranges  0x0000000000000000      0x218
 .debug_aranges
                0x0000000000000000      0x128 ./Src/alarmled.o
 .debug_aranges
                0x0000000000000128       0x20 ./Src/clocksettings.o
 .debug_aranges
                0x0000000000000148       0x40 ./Src/main.o
 .debug_aranges
                0x0000000000000188       0x68 ./Src/rtci2c.o
 .debug_aranges
                0x00000000000001f0       0x28 ./Startup/startup_stm32f103c8tx.o

.debug_ranges   0x0000000000000000      0x1d0
 .debug_ranges  0x0000000000000000      0x118 ./Src/alarmled.o
 .debug_ranges  0x0000000000000118       0x10 ./Src/clocksettings.o
 .debug_ranges  0x0000000000000128       0x30 ./Src/main.o
 .debug_ranges  0x0000000000000158       0x58 ./Src/rtci2c.o
 .debug_ranges  0x00000000000001b0       0x20 ./Startup/startup_stm32f103c8tx.o

.debug_macro    0x0000000000000000     0x25c3
 .debug_macro   0x0000000000000000      0x22f ./Src/alarmled.o
 .debug_macro   0x000000000000022f      0xa72 ./Src/alarmled.o
 .debug_macro   0x0000000000000ca1       0x22 ./Src/alarmled.o
 .debug_macro   0x0000000000000cc3       0x8e ./Src/alarmled.o
 .debug_macro   0x0000000000000d51       0x51 ./Src/alarmled.o
 .debug_macro   0x0000000000000da2      0x103 ./Src/alarmled.o
 .debug_macro   0x0000000000000ea5       0x6a ./Src/alarmled.o
 .debug_macro   0x0000000000000f0f      0x1df ./Src/alarmled.o
 .debug_macro   0x00000000000010ee       0x52 ./Src/alarmled.o
 .debug_macro   0x0000000000001140       0x18 ./Src/alarmled.o
 .debug_macro   0x0000000000001158       0x3c ./Src/alarmled.o
 .debug_macro   0x0000000000001194       0x34 ./Src/alarmled.o
 .debug_macro   0x00000000000011c8       0x16 ./Src/alarmled.o
 .debug_macro   0x00000000000011de       0x97 ./Src/alarmled.o
 .debug_macro   0x0000000000001275      0x341 ./Src/alarmled.o
 .debug_macro   0x00000000000015b6       0xfd ./Src/alarmled.o
 .debug_macro   0x00000000000016b3       0x10 ./Src/alarmled.o
 .debug_macro   0x00000000000016c3       0x16 ./Src/alarmled.o
 .debug_macro   0x00000000000016d9       0x43 ./Src/alarmled.o
 .debug_macro   0x000000000000171c       0x34 ./Src/alarmled.o
 .debug_macro   0x0000000000001750       0x10 ./Src/alarmled.o
 .debug_macro   0x0000000000001760       0x58 ./Src/alarmled.o
 .debug_macro   0x00000000000017b8       0x71 ./Src/alarmled.o
 .debug_macro   0x0000000000001829       0x1c ./Src/alarmled.o
 .debug_macro   0x0000000000001845      0x12a ./Src/alarmled.o
 .debug_macro   0x000000000000196f       0x10 ./Src/alarmled.o
 .debug_macro   0x000000000000197f       0x1c ./Src/alarmled.o
 .debug_macro   0x000000000000199b       0x52 ./Src/alarmled.o
 .debug_macro   0x00000000000019ed       0x22 ./Src/alarmled.o
 .debug_macro   0x0000000000001a0f       0x10 ./Src/alarmled.o
 .debug_macro   0x0000000000001a1f       0x52 ./Src/alarmled.o
 .debug_macro   0x0000000000001a71       0xd5 ./Src/alarmled.o
 .debug_macro   0x0000000000001b46       0x1c ./Src/alarmled.o
 .debug_macro   0x0000000000001b62       0x3d ./Src/alarmled.o
 .debug_macro   0x0000000000001b9f       0x16 ./Src/alarmled.o
 .debug_macro   0x0000000000001bb5      0x145 ./Src/alarmled.o
 .debug_macro   0x0000000000001cfa       0x16 ./Src/alarmled.o
 .debug_macro   0x0000000000001d10       0x35 ./Src/alarmled.o
 .debug_macro   0x0000000000001d45       0x20 ./Src/alarmled.o
 .debug_macro   0x0000000000001d65       0x64 ./Src/alarmled.o
 .debug_macro   0x0000000000001dc9       0xac ./Src/alarmled.o
 .debug_macro   0x0000000000001e75       0x6a ./Src/alarmled.o
 .debug_macro   0x0000000000001edf      0x22a ./Src/clocksettings.o
 .debug_macro   0x0000000000002109      0x226 ./Src/main.o
 .debug_macro   0x000000000000232f      0x230 ./Src/rtci2c.o
 .debug_macro   0x000000000000255f       0x64 ./Src/rtci2c.o

.debug_line     0x0000000000000000     0x2265
 .debug_line    0x0000000000000000      0x9bd ./Src/alarmled.o
 .debug_line    0x00000000000009bd      0x5fa ./Src/clocksettings.o
 .debug_line    0x0000000000000fb7      0x8f3 ./Src/main.o
 .debug_line    0x00000000000018aa      0x937 ./Src/rtci2c.o
 .debug_line    0x00000000000021e1       0x84 ./Startup/startup_stm32f103c8tx.o

.debug_str      0x0000000000000000     0x883f
 .debug_str     0x0000000000000000     0x84f9 ./Src/alarmled.o
                                       0x86e4 (size before relaxing)
 .debug_str     0x00000000000084f9       0x75 ./Src/clocksettings.o
                                       0x8524 (size before relaxing)
 .debug_str     0x000000000000856e      0x1f1 ./Src/main.o
                                       0x8911 (size before relaxing)
 .debug_str     0x000000000000875f       0xaf ./Src/rtci2c.o
                                       0x8615 (size before relaxing)
 .debug_str     0x000000000000880e       0x31 ./Startup/startup_stm32f103c8tx.o
                                         0x6f (size before relaxing)

.comment        0x0000000000000000       0x50
 .comment       0x0000000000000000       0x50 ./Src/alarmled.o
                                         0x51 (size before relaxing)
 .comment       0x0000000000000050       0x51 ./Src/clocksettings.o
 .comment       0x0000000000000050       0x51 ./Src/main.o
 .comment       0x0000000000000050       0x51 ./Src/rtci2c.o

.debug_frame    0x0000000000000000      0x6e4
 .debug_frame   0x0000000000000000      0x430 ./Src/alarmled.o
 .debug_frame   0x0000000000000430       0x38 ./Src/clocksettings.o
 .debug_frame   0x0000000000000468       0xc8 ./Src/main.o
 .debug_frame   0x0000000000000530      0x188 ./Src/rtci2c.o
 .debug_frame   0x00000000000006b8       0x2c c:/st/stm32cubeide_1.10.1/stm32cubeide/plugins/com.st.stm32cube.ide.mcu.externaltools.gnu-tools-for-stm32.10.3-2021.10.win32_1.0.0.202111181127/tools/bin/../lib/gcc/arm-none-eabi/10.3.1/../../../../arm-none-eabi/lib/thumb/v7-m/nofp\libc_nano.a(lib_a-init.o)
