14:27:21 **** Incremental Build of configuration Debug for project Alarm Clock ****
make -j8 all 
arm-none-eabi-gcc "../Src/main.c" -mcpu=cortex-m3 -std=gnu11 -g3 -DDEBUG -DSTM32 -DSTM32F1 -DSTM32F103C8Tx -c -I../Inc -O0 -ffunction-sections -fdata-sections -Wall -fstack-usage -MMD -MP -MF"Src/main.d" -MT"Src/main.o" --specs=nano.specs -mfloat-abi=soft -mthumb -o "Src/main.o"
arm-none-eabi-gcc -o "Alarm Clock.elf" @"objects.list"   -mcpu=cortex-m3 -T"C:\Users\tomed\Documents\GitHub\Alarm-Clock\Alarm Clock\STM32F103C8TX_FLASH.ld" --specs=nosys.specs -Wl,-Map="Alarm Clock.map" -Wl,--gc-sections -static --specs=nano.specs -mfloat-abi=soft -mthumb -Wl,--start-group -lc -lm -Wl,--end-group
Finished building target: Alarm Clock.elf
 
arm-none-eabi-size   Alarm\ Clock.elf 
arm-none-eabi-objdump -h -S  Alarm\ Clock.elf  > "Alarm Clock.list"
   text	   data	    bss	    dec	    hex	filename
   2232	      8	   1600	   3840	    f00	Alarm Clock.elf
Finished building: default.size.stdout
 
Finished building: Alarm Clock.list
 
14:27:23 **** Incremental Build of configuration Debug for project Alarm Clock ****
make -j8 all 
arm-none-eabi-size   Alarm\ Clock.elf 
   text	   data	    bss	    dec	    hex	filename
   2232	      8	   1600	   3840	    f00	Alarm Clock.elf
Finished building: default.size.stdout
 
14:28:27 **** Incremental Build of configuration Debug for project Alarm Clock ****
make -j8 all 
arm-none-eabi-gcc "../Src/main.c" -mcpu=cortex-m3 -std=gnu11 -g3 -DDEBUG -DSTM32 -DSTM32F1 -DSTM32F103C8Tx -c -I../Inc -O0 -ffunction-sections -fdata-sections -Wall -fstack-usage -MMD -MP -MF"Src/main.d" -MT"Src/main.o" --specs=nano.specs -mfloat-abi=soft -mthumb -o "Src/main.o"
arm-none-eabi-gcc -o "Alarm Clock.elf" @"objects.list"   -mcpu=cortex-m3 -T"C:\Users\tomed\Documents\GitHub\Alarm-Clock\Alarm Clock\STM32F103C8TX_FLASH.ld" --specs=nosys.specs -Wl,-Map="Alarm Clock.map" -Wl,--gc-sections -static --specs=nano.specs -mfloat-abi=soft -mthumb -Wl,--start-group -lc -lm -Wl,--end-group
Finished building target: Alarm Clock.elf
 
arm-none-eabi-size   Alarm\ Clock.elf 
arm-none-eabi-objdump -h -S  Alarm\ Clock.elf  > "Alarm Clock.list"
   text	   data	    bss	    dec	    hex	filename
   2228	      8	   1600	   3836	    efc	Alarm Clock.elf
Finished building: default.size.stdout
 
Finished building: Alarm Clock.list
 
14:28:47 **** Incremental Build of configuration Debug for project Alarm Clock ****
make -j8 all 
arm-none-eabi-gcc "../Src/main.c" -mcpu=cortex-m3 -std=gnu11 -g3 -DDEBUG -DSTM32 -DSTM32F1 -DSTM32F103C8Tx -c -I../Inc -O0 -ffunction-sections -fdata-sections -Wall -fstack-usage -MMD -MP -MF"Src/main.d" -MT"Src/main.o" --specs=nano.specs -mfloat-abi=soft -mthumb -o "Src/main.o"
arm-none-eabi-gcc -o "Alarm Clock.elf" @"objects.list"   -mcpu=cortex-m3 -T"C:\Users\tomed\Documents\GitHub\Alarm-Clock\Alarm Clock\STM32F103C8TX_FLASH.ld" --specs=nosys.specs -Wl,-Map="Alarm Clock.map" -Wl,--gc-sections -static --specs=nano.specs -mfloat-abi=soft -mthumb -Wl,--start-group -lc -lm -Wl,--end-group
Finished building target: Alarm Clock.elf
 
arm-none-eabi-size   Alarm\ Clock.elf 
arm-none-eabi-objdump -h -S  Alarm\ Clock.elf  > "Alarm Clock.list"
   text	   data	    bss	    dec	    hex	filename
   2228	      8	   1600	   3836	    efc	Alarm Clock.elf
Finished building: default.size.stdout
 
Finished building: Alarm Clock.list
 
14:31:13 **** Incremental Build of configuration Debug for project Alarm Clock ****
make -j8 all 
arm-none-eabi-gcc "../Src/main.c" -mcpu=cortex-m3 -std=gnu11 -g3 -DDEBUG -DSTM32 -DSTM32F1 -DSTM32F103C8Tx -c -I../Inc -O0 -ffunction-sections -fdata-sections -Wall -fstack-usage -MMD -MP -MF"Src/main.d" -MT"Src/main.o" --specs=nano.specs -mfloat-abi=soft -mthumb -o "Src/main.o"
arm-none-eabi-gcc -o "Alarm Clock.elf" @"objects.list"   -mcpu=cortex-m3 -T"C:\Users\tomed\Documents\GitHub\Alarm-Clock\Alarm Clock\STM32F103C8TX_FLASH.ld" --specs=nosys.specs -Wl,-Map="Alarm Clock.map" -Wl,--gc-sections -static --specs=nano.specs -mfloat-abi=soft -mthumb -Wl,--start-group -lc -lm -Wl,--end-group
Finished building target: Alarm Clock.elf
 
arm-none-eabi-size   Alarm\ Clock.elf 
arm-none-eabi-objdump -h -S  Alarm\ Clock.elf  > "Alarm Clock.list"
   text	   data	    bss	    dec	    hex	filename
   2252	      8	   1600	   3860	    f14	Alarm Clock.elf
Finished building: default.size.stdout
 
Finished building: Alarm Clock.list
 
14:31:48 **** Incremental Build of configuration Debug for project Alarm Clock ****
make -j8 all 
arm-none-eabi-gcc "../Src/main.c" -mcpu=cortex-m3 -std=gnu11 -g3 -DDEBUG -DSTM32 -DSTM32F1 -DSTM32F103C8Tx -c -I../Inc -O0 -ffunction-sections -fdata-sections -Wall -fstack-usage -MMD -MP -MF"Src/main.d" -MT"Src/main.o" --specs=nano.specs -mfloat-abi=soft -mthumb -o "Src/main.o"
arm-none-eabi-gcc -o "Alarm Clock.elf" @"objects.list"   -mcpu=cortex-m3 -T"C:\Users\tomed\Documents\GitHub\Alarm-Clock\Alarm Clock\STM32F103C8TX_FLASH.ld" --specs=nosys.specs -Wl,-Map="Alarm Clock.map" -Wl,--gc-sections -static --specs=nano.specs -mfloat-abi=soft -mthumb -Wl,--start-group -lc -lm -Wl,--end-group
Finished building target: Alarm Clock.elf
 
arm-none-eabi-size   Alarm\ Clock.elf 
arm-none-eabi-objdump -h -S  Alarm\ Clock.elf  > "Alarm Clock.list"
   text	   data	    bss	    dec	    hex	filename
   2252	      8	   1600	   3860	    f14	Alarm Clock.elf
Finished building: default.size.stdout
 
Finished building: Alarm Clock.list
 
14:33:07 **** Incremental Build of configuration Debug for project Alarm Clock ****
make -j8 all 
arm-none-eabi-gcc "../Src/main.c" -mcpu=cortex-m3 -std=gnu11 -g3 -DDEBUG -DSTM32 -DSTM32F1 -DSTM32F103C8Tx -c -I../Inc -O0 -ffunction-sections -fdata-sections -Wall -fstack-usage -MMD -MP -MF"Src/main.d" -MT"Src/main.o" --specs=nano.specs -mfloat-abi=soft -mthumb -o "Src/main.o"
arm-none-eabi-gcc -o "Alarm Clock.elf" @"objects.list"   -mcpu=cortex-m3 -T"C:\Users\tomed\Documents\GitHub\Alarm-Clock\Alarm Clock\STM32F103C8TX_FLASH.ld" --specs=nosys.specs -Wl,-Map="Alarm Clock.map" -Wl,--gc-sections -static --specs=nano.specs -mfloat-abi=soft -mthumb -Wl,--start-group -lc -lm -Wl,--end-group
Finished building target: Alarm Clock.elf
 
arm-none-eabi-size   Alarm\ Clock.elf 
arm-none-eabi-objdump -h -S  Alarm\ Clock.elf  > "Alarm Clock.list"
   text	   data	    bss	    dec	    hex	filename
   2252	     12	   1596	   3860	    f14	Alarm Clock.elf
Finished building: default.size.stdout
 
Finished building: Alarm Clock.list
 
14:34:19 **** Incremental Build of configuration Debug for project Alarm Clock ****
make -j8 all 
arm-none-eabi-gcc "../Src/main.c" -mcpu=cortex-m3 -std=gnu11 -g3 -DDEBUG -DSTM32 -DSTM32F1 -DSTM32F103C8Tx -c -I../Inc -O0 -ffunction-sections -fdata-sections -Wall -fstack-usage -MMD -MP -MF"Src/main.d" -MT"Src/main.o" --specs=nano.specs -mfloat-abi=soft -mthumb -o "Src/main.o"
arm-none-eabi-gcc -o "Alarm Clock.elf" @"objects.list"   -mcpu=cortex-m3 -T"C:\Users\tomed\Documents\GitHub\Alarm-Clock\Alarm Clock\STM32F103C8TX_FLASH.ld" --specs=nosys.specs -Wl,-Map="Alarm Clock.map" -Wl,--gc-sections -static --specs=nano.specs -mfloat-abi=soft -mthumb -Wl,--start-group -lc -lm -Wl,--end-group
Finished building target: Alarm Clock.elf
 
arm-none-eabi-size   Alarm\ Clock.elf 
arm-none-eabi-objdump -h -S  Alarm\ Clock.elf  > "Alarm Clock.list"
   text	   data	    bss	    dec	    hex	filename
   2252	      8	   1600	   3860	    f14	Alarm Clock.elf
Finished building: default.size.stdout
 
Finished building: Alarm Clock.list
 
14:34:41 **** Incremental Build of configuration Debug for project Alarm Clock ****
make -j8 all 
arm-none-eabi-gcc "../Src/main.c" -mcpu=cortex-m3 -std=gnu11 -g3 -DDEBUG -DSTM32 -DSTM32F1 -DSTM32F103C8Tx -c -I../Inc -O0 -ffunction-sections -fdata-sections -Wall -fstack-usage -MMD -MP -MF"Src/main.d" -MT"Src/main.o" --specs=nano.specs -mfloat-abi=soft -mthumb -o "Src/main.o"
arm-none-eabi-gcc -o "Alarm Clock.elf" @"objects.list"   -mcpu=cortex-m3 -T"C:\Users\tomed\Documents\GitHub\Alarm-Clock\Alarm Clock\STM32F103C8TX_FLASH.ld" --specs=nosys.specs -Wl,-Map="Alarm Clock.map" -Wl,--gc-sections -static --specs=nano.specs -mfloat-abi=soft -mthumb -Wl,--start-group -lc -lm -Wl,--end-group
Finished building target: Alarm Clock.elf
 
arm-none-eabi-size   Alarm\ Clock.elf 
arm-none-eabi-objdump -h -S  Alarm\ Clock.elf  > "Alarm Clock.list"
   text	   data	    bss	    dec	    hex	filename
   2272	      8	   1600	   3880	    f28	Alarm Clock.elf
Finished building: default.size.stdout
 
Finished building: Alarm Clock.list
 
14:36:23 **** Incremental Build of configuration Debug for project Alarm Clock ****
make -j8 all 
arm-none-eabi-gcc "../Src/main.c" -mcpu=cortex-m3 -std=gnu11 -g3 -DDEBUG -DSTM32 -DSTM32F1 -DSTM32F103C8Tx -c -I../Inc -O0 -ffunction-sections -fdata-sections -Wall -fstack-usage -MMD -MP -MF"Src/main.d" -MT"Src/main.o" --specs=nano.specs -mfloat-abi=soft -mthumb -o "Src/main.o"
arm-none-eabi-gcc -o "Alarm Clock.elf" @"objects.list"   -mcpu=cortex-m3 -T"C:\Users\tomed\Documents\GitHub\Alarm-Clock\Alarm Clock\STM32F103C8TX_FLASH.ld" --specs=nosys.specs -Wl,-Map="Alarm Clock.map" -Wl,--gc-sections -static --specs=nano.specs -mfloat-abi=soft -mthumb -Wl,--start-group -lc -lm -Wl,--end-group
Finished building target: Alarm Clock.elf
 
arm-none-eabi-size   Alarm\ Clock.elf 
arm-none-eabi-objdump -h -S  Alarm\ Clock.elf  > "Alarm Clock.list"
   text	   data	    bss	    dec	    hex	filename
   2300	      8	   1600	   3908	    f44	Alarm Clock.elf
Finished building: default.size.stdout
 
Finished building: Alarm Clock.list
 
14:37:47 **** Incremental Build of configuration Debug for project Alarm Clock ****
make -j8 all 
arm-none-eabi-gcc "../Src/main.c" -mcpu=cortex-m3 -std=gnu11 -g3 -DDEBUG -DSTM32 -DSTM32F1 -DSTM32F103C8Tx -c -I../Inc -O0 -ffunction-sections -fdata-sections -Wall -fstack-usage -MMD -MP -MF"Src/main.d" -MT"Src/main.o" --specs=nano.specs -mfloat-abi=soft -mthumb -o "Src/main.o"
arm-none-eabi-gcc -o "Alarm Clock.elf" @"objects.list"   -mcpu=cortex-m3 -T"C:\Users\tomed\Documents\GitHub\Alarm-Clock\Alarm Clock\STM32F103C8TX_FLASH.ld" --specs=nosys.specs -Wl,-Map="Alarm Clock.map" -Wl,--gc-sections -static --specs=nano.specs -mfloat-abi=soft -mthumb -Wl,--start-group -lc -lm -Wl,--end-group
Finished building target: Alarm Clock.elf
 
arm-none-eabi-size   Alarm\ Clock.elf 
arm-none-eabi-objdump -h -S  Alarm\ Clock.elf  > "Alarm Clock.list"
   text	   data	    bss	    dec	    hex	filename
   2296	      8	   1600	   3904	    f40	Alarm Clock.elf
Finished building: default.size.stdout
 
Finished building: Alarm Clock.list
 
14:38:12 **** Incremental Build of configuration Debug for project Alarm Clock ****
make -j8 all 
arm-none-eabi-gcc "../Src/main.c" -mcpu=cortex-m3 -std=gnu11 -g3 -DDEBUG -DSTM32 -DSTM32F1 -DSTM32F103C8Tx -c -I../Inc -O0 -ffunction-sections -fdata-sections -Wall -fstack-usage -MMD -MP -MF"Src/main.d" -MT"Src/main.o" --specs=nano.specs -mfloat-abi=soft -mthumb -o "Src/main.o"
arm-none-eabi-gcc -o "Alarm Clock.elf" @"objects.list"   -mcpu=cortex-m3 -T"C:\Users\tomed\Documents\GitHub\Alarm-Clock\Alarm Clock\STM32F103C8TX_FLASH.ld" --specs=nosys.specs -Wl,-Map="Alarm Clock.map" -Wl,--gc-sections -static --specs=nano.specs -mfloat-abi=soft -mthumb -Wl,--start-group -lc -lm -Wl,--end-group
Finished building target: Alarm Clock.elf
 
arm-none-eabi-size   Alarm\ Clock.elf 
arm-none-eabi-objdump -h -S  Alarm\ Clock.elf  > "Alarm Clock.list"
   text	   data	    bss	    dec	    hex	filename
   2300	      8	   1600	   3908	    f44	Alarm Clock.elf
Finished building: default.size.stdout
 
Finished building: Alarm Clock.list
 
