12:57:57 **** Incremental Build of configuration Debug for project Alarm Clock ****
make -j8 all 
arm-none-eabi-gcc "../Src/main.c" -mcpu=cortex-m3 -std=gnu11 -g3 -DDEBUG -DSTM32 -DSTM32F1 -DSTM32F103C8Tx -c -I../Inc -O0 -ffunction-sections -fdata-sections -Wall -fstack-usage -MMD -MP -MF"Src/main.d" -MT"Src/main.o" --specs=nano.specs -mfloat-abi=soft -mthumb -o "Src/main.o"
arm-none-eabi-gcc -o "Alarm Clock.elf" @"objects.list"   -mcpu=cortex-m3 -T"C:\Users\tomed\Documents\GitHub\Alarm-Clock\Alarm Clock\STM32F103C8TX_FLASH.ld" --specs=nosys.specs -Wl,-Map="Alarm Clock.map" -Wl,--gc-sections -static --specs=nano.specs -mfloat-abi=soft -mthumb -Wl,--start-group -lc -lm -Wl,--end-group
Finished building target: Alarm Clock.elf
 
arm-none-eabi-size   Alarm\ Clock.elf 
arm-none-eabi-objdump -h -S  Alarm\ Clock.elf  > "Alarm Clock.list"
   text	   data	    bss	    dec	    hex	filename
   1940	      8	   1592	   3540	    dd4	Alarm Clock.elf
Finished building: default.size.stdout
 
Finished building: Alarm Clock.list
 
12:58:00 **** Incremental Build of configuration Debug for project Alarm Clock ****
make -j8 all 
arm-none-eabi-size   Alarm\ Clock.elf 
   text	   data	    bss	    dec	    hex	filename
   1940	      8	   1592	   3540	    dd4	Alarm Clock.elf
Finished building: default.size.stdout
 
12:58:56 **** Incremental Build of configuration Debug for project Alarm Clock ****
make -j8 all 
arm-none-eabi-gcc "../Src/main.c" -mcpu=cortex-m3 -std=gnu11 -g3 -DDEBUG -DSTM32 -DSTM32F1 -DSTM32F103C8Tx -c -I../Inc -O0 -ffunction-sections -fdata-sections -Wall -fstack-usage -MMD -MP -MF"Src/main.d" -MT"Src/main.o" --specs=nano.specs -mfloat-abi=soft -mthumb -o "Src/main.o"
arm-none-eabi-gcc -o "Alarm Clock.elf" @"objects.list"   -mcpu=cortex-m3 -T"C:\Users\tomed\Documents\GitHub\Alarm-Clock\Alarm Clock\STM32F103C8TX_FLASH.ld" --specs=nosys.specs -Wl,-Map="Alarm Clock.map" -Wl,--gc-sections -static --specs=nano.specs -mfloat-abi=soft -mthumb -Wl,--start-group -lc -lm -Wl,--end-group
Finished building target: Alarm Clock.elf
 
arm-none-eabi-size   Alarm\ Clock.elf 
arm-none-eabi-objdump -h -S  Alarm\ Clock.elf  > "Alarm Clock.list"
   text	   data	    bss	    dec	    hex	filename
   1940	      8	   1592	   3540	    dd4	Alarm Clock.elf
Finished building: default.size.stdout
 
Finished building: Alarm Clock.list
 
13:00:51 **** Incremental Build of configuration Debug for project Alarm Clock ****
make -j8 all 
arm-none-eabi-gcc "../Src/main.c" -mcpu=cortex-m3 -std=gnu11 -g3 -DDEBUG -DSTM32 -DSTM32F1 -DSTM32F103C8Tx -c -I../Inc -O0 -ffunction-sections -fdata-sections -Wall -fstack-usage -MMD -MP -MF"Src/main.d" -MT"Src/main.o" --specs=nano.specs -mfloat-abi=soft -mthumb -o "Src/main.o"
arm-none-eabi-gcc -o "Alarm Clock.elf" @"objects.list"   -mcpu=cortex-m3 -T"C:\Users\tomed\Documents\GitHub\Alarm-Clock\Alarm Clock\STM32F103C8TX_FLASH.ld" --specs=nosys.specs -Wl,-Map="Alarm Clock.map" -Wl,--gc-sections -static --specs=nano.specs -mfloat-abi=soft -mthumb -Wl,--start-group -lc -lm -Wl,--end-group
Finished building target: Alarm Clock.elf
 
arm-none-eabi-size   Alarm\ Clock.elf 
arm-none-eabi-objdump -h -S  Alarm\ Clock.elf  > "Alarm Clock.list"
   text	   data	    bss	    dec	    hex	filename
   1964	      8	   1592	   3564	    dec	Alarm Clock.elf
Finished building: default.size.stdout
 
Finished building: Alarm Clock.list
 
13:01:57 **** Incremental Build of configuration Debug for project Alarm Clock ****
make -j8 all 
arm-none-eabi-gcc "../Src/main.c" -mcpu=cortex-m3 -std=gnu11 -g3 -DDEBUG -DSTM32 -DSTM32F1 -DSTM32F103C8Tx -c -I../Inc -O0 -ffunction-sections -fdata-sections -Wall -fstack-usage -MMD -MP -MF"Src/main.d" -MT"Src/main.o" --specs=nano.specs -mfloat-abi=soft -mthumb -o "Src/main.o"
arm-none-eabi-gcc -o "Alarm Clock.elf" @"objects.list"   -mcpu=cortex-m3 -T"C:\Users\tomed\Documents\GitHub\Alarm-Clock\Alarm Clock\STM32F103C8TX_FLASH.ld" --specs=nosys.specs -Wl,-Map="Alarm Clock.map" -Wl,--gc-sections -static --specs=nano.specs -mfloat-abi=soft -mthumb -Wl,--start-group -lc -lm -Wl,--end-group
Finished building target: Alarm Clock.elf
 
arm-none-eabi-size   Alarm\ Clock.elf 
arm-none-eabi-objdump -h -S  Alarm\ Clock.elf  > "Alarm Clock.list"
   text	   data	    bss	    dec	    hex	filename
   1992	      8	   1592	   3592	    e08	Alarm Clock.elf
Finished building: default.size.stdout
 
Finished building: Alarm Clock.list
 
13:02:43 **** Incremental Build of configuration Debug for project Alarm Clock ****
make -j8 all 
arm-none-eabi-gcc "../Src/main.c" -mcpu=cortex-m3 -std=gnu11 -g3 -DDEBUG -DSTM32 -DSTM32F1 -DSTM32F103C8Tx -c -I../Inc -O0 -ffunction-sections -fdata-sections -Wall -fstack-usage -MMD -MP -MF"Src/main.d" -MT"Src/main.o" --specs=nano.specs -mfloat-abi=soft -mthumb -o "Src/main.o"
arm-none-eabi-gcc -o "Alarm Clock.elf" @"objects.list"   -mcpu=cortex-m3 -T"C:\Users\tomed\Documents\GitHub\Alarm-Clock\Alarm Clock\STM32F103C8TX_FLASH.ld" --specs=nosys.specs -Wl,-Map="Alarm Clock.map" -Wl,--gc-sections -static --specs=nano.specs -mfloat-abi=soft -mthumb -Wl,--start-group -lc -lm -Wl,--end-group
Finished building target: Alarm Clock.elf
 
arm-none-eabi-size   Alarm\ Clock.elf 
arm-none-eabi-objdump -h -S  Alarm\ Clock.elf  > "Alarm Clock.list"
   text	   data	    bss	    dec	    hex	filename
   1992	      8	   1592	   3592	    e08	Alarm Clock.elf
Finished building: default.size.stdout
 
Finished building: Alarm Clock.list
 
13:03:04 **** Incremental Build of configuration Debug for project Alarm Clock ****
make -j8 all 
arm-none-eabi-size   Alarm\ Clock.elf 
   text	   data	    bss	    dec	    hex	filename
   1992	      8	   1592	   3592	    e08	Alarm Clock.elf
Finished building: default.size.stdout
 
13:03:10 **** Incremental Build of configuration Debug for project Alarm Clock ****
make -j8 all 
arm-none-eabi-gcc "../Src/main.c" -mcpu=cortex-m3 -std=gnu11 -g3 -DDEBUG -DSTM32 -DSTM32F1 -DSTM32F103C8Tx -c -I../Inc -O0 -ffunction-sections -fdata-sections -Wall -fstack-usage -MMD -MP -MF"Src/main.d" -MT"Src/main.o" --specs=nano.specs -mfloat-abi=soft -mthumb -o "Src/main.o"
arm-none-eabi-gcc -o "Alarm Clock.elf" @"objects.list"   -mcpu=cortex-m3 -T"C:\Users\tomed\Documents\GitHub\Alarm-Clock\Alarm Clock\STM32F103C8TX_FLASH.ld" --specs=nosys.specs -Wl,-Map="Alarm Clock.map" -Wl,--gc-sections -static --specs=nano.specs -mfloat-abi=soft -mthumb -Wl,--start-group -lc -lm -Wl,--end-group
Finished building target: Alarm Clock.elf
 
arm-none-eabi-size   Alarm\ Clock.elf 
arm-none-eabi-objdump -h -S  Alarm\ Clock.elf  > "Alarm Clock.list"
   text	   data	    bss	    dec	    hex	filename
   1992	      8	   1592	   3592	    e08	Alarm Clock.elf
Finished building: default.size.stdout
 
Finished building: Alarm Clock.list
 
